Archive member included because of file (symbol)

c:/freescale/kds_v3/toolchain/bin/../lib/gcc/arm-none-eabi/4.8.4/../../../../arm-none-eabi/lib/armv7e-m/fpu\libm.a(lib_a-s_cos.o)
                              ./Sources/Phase_Shift_Algorithm.o (cos)
c:/freescale/kds_v3/toolchain/bin/../lib/gcc/arm-none-eabi/4.8.4/../../../../arm-none-eabi/lib/armv7e-m/fpu\libm.a(lib_a-w_exp.o)
                              ./Sources/Phase_Shift_Algorithm.o (exp)
c:/freescale/kds_v3/toolchain/bin/../lib/gcc/arm-none-eabi/4.8.4/../../../../arm-none-eabi/lib/armv7e-m/fpu\libm.a(lib_a-e_exp.o)
                              c:/freescale/kds_v3/toolchain/bin/../lib/gcc/arm-none-eabi/4.8.4/../../../../arm-none-eabi/lib/armv7e-m/fpu\libm.a(lib_a-w_exp.o) (__ieee754_exp)
c:/freescale/kds_v3/toolchain/bin/../lib/gcc/arm-none-eabi/4.8.4/../../../../arm-none-eabi/lib/armv7e-m/fpu\libm.a(lib_a-e_rem_pio2.o)
                              c:/freescale/kds_v3/toolchain/bin/../lib/gcc/arm-none-eabi/4.8.4/../../../../arm-none-eabi/lib/armv7e-m/fpu\libm.a(lib_a-s_cos.o) (__ieee754_rem_pio2)
c:/freescale/kds_v3/toolchain/bin/../lib/gcc/arm-none-eabi/4.8.4/../../../../arm-none-eabi/lib/armv7e-m/fpu\libm.a(lib_a-k_cos.o)
                              c:/freescale/kds_v3/toolchain/bin/../lib/gcc/arm-none-eabi/4.8.4/../../../../arm-none-eabi/lib/armv7e-m/fpu\libm.a(lib_a-s_cos.o) (__kernel_cos)
c:/freescale/kds_v3/toolchain/bin/../lib/gcc/arm-none-eabi/4.8.4/../../../../arm-none-eabi/lib/armv7e-m/fpu\libm.a(lib_a-k_rem_pio2.o)
                              c:/freescale/kds_v3/toolchain/bin/../lib/gcc/arm-none-eabi/4.8.4/../../../../arm-none-eabi/lib/armv7e-m/fpu\libm.a(lib_a-e_rem_pio2.o) (__kernel_rem_pio2)
c:/freescale/kds_v3/toolchain/bin/../lib/gcc/arm-none-eabi/4.8.4/../../../../arm-none-eabi/lib/armv7e-m/fpu\libm.a(lib_a-k_sin.o)
                              c:/freescale/kds_v3/toolchain/bin/../lib/gcc/arm-none-eabi/4.8.4/../../../../arm-none-eabi/lib/armv7e-m/fpu\libm.a(lib_a-s_cos.o) (__kernel_sin)
c:/freescale/kds_v3/toolchain/bin/../lib/gcc/arm-none-eabi/4.8.4/../../../../arm-none-eabi/lib/armv7e-m/fpu\libm.a(lib_a-s_fabs.o)
                              c:/freescale/kds_v3/toolchain/bin/../lib/gcc/arm-none-eabi/4.8.4/../../../../arm-none-eabi/lib/armv7e-m/fpu\libm.a(lib_a-e_rem_pio2.o) (fabs)
c:/freescale/kds_v3/toolchain/bin/../lib/gcc/arm-none-eabi/4.8.4/../../../../arm-none-eabi/lib/armv7e-m/fpu\libm.a(lib_a-s_finite.o)
                              c:/freescale/kds_v3/toolchain/bin/../lib/gcc/arm-none-eabi/4.8.4/../../../../arm-none-eabi/lib/armv7e-m/fpu\libm.a(lib_a-w_exp.o) (finite)
c:/freescale/kds_v3/toolchain/bin/../lib/gcc/arm-none-eabi/4.8.4/../../../../arm-none-eabi/lib/armv7e-m/fpu\libm.a(lib_a-s_floor.o)
                              c:/freescale/kds_v3/toolchain/bin/../lib/gcc/arm-none-eabi/4.8.4/../../../../arm-none-eabi/lib/armv7e-m/fpu\libm.a(lib_a-k_rem_pio2.o) (floor)
c:/freescale/kds_v3/toolchain/bin/../lib/gcc/arm-none-eabi/4.8.4/../../../../arm-none-eabi/lib/armv7e-m/fpu\libm.a(lib_a-s_lib_ver.o)
                              c:/freescale/kds_v3/toolchain/bin/../lib/gcc/arm-none-eabi/4.8.4/../../../../arm-none-eabi/lib/armv7e-m/fpu\libm.a(lib_a-w_exp.o) (__fdlib_version)
c:/freescale/kds_v3/toolchain/bin/../lib/gcc/arm-none-eabi/4.8.4/../../../../arm-none-eabi/lib/armv7e-m/fpu\libm.a(lib_a-s_matherr.o)
                              c:/freescale/kds_v3/toolchain/bin/../lib/gcc/arm-none-eabi/4.8.4/../../../../arm-none-eabi/lib/armv7e-m/fpu\libm.a(lib_a-w_exp.o) (matherr)
c:/freescale/kds_v3/toolchain/bin/../lib/gcc/arm-none-eabi/4.8.4/../../../../arm-none-eabi/lib/armv7e-m/fpu\libm.a(lib_a-s_scalbn.o)
                              c:/freescale/kds_v3/toolchain/bin/../lib/gcc/arm-none-eabi/4.8.4/../../../../arm-none-eabi/lib/armv7e-m/fpu\libm.a(lib_a-k_rem_pio2.o) (scalbn)
c:/freescale/kds_v3/toolchain/bin/../lib/gcc/arm-none-eabi/4.8.4/../../../../arm-none-eabi/lib/armv7e-m/fpu\libm.a(lib_a-s_copysign.o)
                              c:/freescale/kds_v3/toolchain/bin/../lib/gcc/arm-none-eabi/4.8.4/../../../../arm-none-eabi/lib/armv7e-m/fpu\libm.a(lib_a-s_scalbn.o) (copysign)
c:/freescale/kds_v3/toolchain/bin/../lib/gcc/arm-none-eabi/4.8.4/armv7e-m/fpu\libgcc.a(_arm_addsubdf3.o)
                              c:/freescale/kds_v3/toolchain/bin/../lib/gcc/arm-none-eabi/4.8.4/../../../../arm-none-eabi/lib/armv7e-m/fpu\libm.a(lib_a-s_cos.o) (__aeabi_dsub)
c:/freescale/kds_v3/toolchain/bin/../lib/gcc/arm-none-eabi/4.8.4/armv7e-m/fpu\libgcc.a(_arm_muldivdf3.o)
                              c:/freescale/kds_v3/toolchain/bin/../lib/gcc/arm-none-eabi/4.8.4/../../../../arm-none-eabi/lib/armv7e-m/fpu\libm.a(lib_a-e_exp.o) (__aeabi_dmul)
c:/freescale/kds_v3/toolchain/bin/../lib/gcc/arm-none-eabi/4.8.4/armv7e-m/fpu\libgcc.a(_arm_cmpdf2.o)
                              c:/freescale/kds_v3/toolchain/bin/../lib/gcc/arm-none-eabi/4.8.4/../../../../arm-none-eabi/lib/armv7e-m/fpu\libm.a(lib_a-e_rem_pio2.o) (__aeabi_dcmpeq)
[...]
Memory Configuration

Name             Origin             Length             Attributes
m_interrupts     0x00000000         0x00000198         xr
m_text           0x00000410         0x0007fbf0         xr
m_data           0x1fff0000         0x00010000         rw
m_data_20000000  0x20000000         0x00010000         rw
m_cfmprotrom     0x00000400         0x00000010         xr
*default*        0x00000000         0xffffffff

Linker script and memory map

LOAD c:/freescale/kds_v3/toolchain/bin/../lib/gcc/arm-none-eabi/4.8.4/armv7e-m/fpu/crti.o
LOAD c:/freescale/kds_v3/toolchain/bin/../lib/gcc/arm-none-eabi/4.8.4/armv7e-m/fpu/crtbegin.o
LOAD c:/freescale/kds_v3/toolchain/bin/../lib/gcc/arm-none-eabi/4.8.4/../../../../arm-none-eabi/lib/armv7e-m/fpu/crt0.o
LOAD ./Static_Code/System/CPU_Init.o
LOAD ./Static_Code/System/Peripherals_Init.o
LOAD ./Static_Code/System/Vectors.o
LOAD ./Sources/Events.o
LOAD ./Sources/Phase_Shift_Algorithm.o
LOAD ./Sources/SW_Info.o
LOAD ./Sources/main.o
LOAD ./Project_Settings/Startup_Code/startup.o
LOAD ./Generated_Code/AD1.o
LOAD ./Generated_Code/ALGO.o
LOAD ./Generated_Code/AS1.o
LOAD ./Generated_Code/ASerialLdd1.o
LOAD ./Generated_Code/AdcLdd1.o
LOAD ./Generated_Code/Cpu.o
LOAD ./Generated_Code/DA1.o
LOAD ./Generated_Code/DacLdd1.o
LOAD ./Generated_Code/PE_LDD.o
LOAD ./Generated_Code/Pins1.o
LOAD ./Generated_Code/TU1.o
LOAD ./Generated_Code/TU2.o
LOAD ./Generated_Code/TimeDateLdd1.o
LOAD ./Generated_Code/TmDt1.o
LOAD ./Generated_Code/WAIT1.o
LOAD C:\Users\ndf30\RCS_workspace\ARM.CMSIS.5.5.1\CMSIS/DSP/Lib/GCC\libarm_cortexM4lf_math.a
LOAD c:/freescale/kds_v3/toolchain/bin/../lib/gcc/arm-none-eabi/4.8.4/../../../../arm-none-eabi/lib/armv7e-m/fpu\libstdc++_s.a
LOAD c:/freescale/kds_v3/toolchain/bin/../lib/gcc/arm-none-eabi/4.8.4/../../../../arm-none-eabi/lib/armv7e-m/fpu\libm.a
START GROUP
LOAD c:/freescale/kds_v3/toolchain/bin/../lib/gcc/arm-none-eabi/4.8.4/armv7e-m/fpu\libgcc.a
LOAD c:/freescale/kds_v3/toolchain/bin/../lib/gcc/arm-none-eabi/4.8.4/../../../../arm-none-eabi/lib/armv7e-m/fpu\libg_s.a
LOAD c:/freescale/kds_v3/toolchain/bin/../lib/gcc/arm-none-eabi/4.8.4/../../../../arm-none-eabi/lib/armv7e-m/fpu\libc_s.a
END GROUP
START GROUP
LOAD c:/freescale/kds_v3/toolchain/bin/../lib/gcc/arm-none-eabi/4.8.4/armv7e-m/fpu\libgcc.a
LOAD c:/freescale/kds_v3/toolchain/bin/../lib/gcc/arm-none-eabi/4.8.4/../../../../arm-none-eabi/lib/armv7e-m/fpu\libc_s.a
LOAD c:/freescale/kds_v3/toolchain/bin/../lib/gcc/arm-none-eabi/4.8.4/../../../../arm-none-eabi/lib/armv7e-m/fpu\libnosys.a
END GROUP
START GROUP
LOAD c:/freescale/kds_v3/toolchain/bin/../lib/gcc/arm-none-eabi/4.8.4/armv7e-m/fpu\libgcc.a
LOAD c:/freescale/kds_v3/toolchain/bin/../lib/gcc/arm-none-eabi/4.8.4/../../../../arm-none-eabi/lib/armv7e-m/fpu\libc_s.a
LOAD c:/freescale/kds_v3/toolchain/bin/../lib/gcc/arm-none-eabi/4.8.4/../../../../arm-none-eabi/lib/armv7e-m/fpu\libnosys.a
END GROUP
LOAD c:/freescale/kds_v3/toolchain/bin/../lib/gcc/arm-none-eabi/4.8.4/armv7e-m/fpu/crtend.o
LOAD c:/freescale/kds_v3/toolchain/bin/../lib/gcc/arm-none-eabi/4.8.4/armv7e-m/fpu/crtn.o
                0x20000000                _estack = 0x20000000
                0x20000000                __SP_INIT = _estack
                0x20000000                __stack = _estack
                0x00000000                __heap_size = 0x0
                0x00000400                __stack_size = 0x400

.interrupts     0x00000000      0x198
                0x00000000                __vector_table = .
                0x00000000                . = ALIGN (0x4)
 *(.vectortable)
 .vectortable   0x00000000      0x198 ./Static_Code/System/Vectors.o
                0x00000000                __vect_table
                0x00000198                . = ALIGN (0x4)

.cfmprotect     0x00000400       0x10
                0x00000400                . = ALIGN (0x4)
 *(.cfmconfig)
 .cfmconfig     0x00000400       0x10 ./Static_Code/System/CPU_Init.o
                0x00000400                _cfm
                0x00000410                . = ALIGN (0x4)

.text           0x00000410     0x4758
                0x00000410                . = ALIGN (0x4)
 *(.text)
 .text          0x00000410       0x54 c:/freescale/kds_v3/toolchain/bin/../lib/gcc/arm-none-eabi/4.8.4/armv7e-m/fpu/crtbegin.o
 .text          0x00000464       0x74 c:/freescale/kds_v3/toolchain/bin/../lib/gcc/arm-none-eabi/4.8.4/../../../../arm-none-eabi/lib/armv7e-m/fpu/crt0.o
                0x00000464                _start
                0x00000464                _mainCRTStartup
 .text          0x000004d8      0x370 c:/freescale/kds_v3/toolchain/bin/../lib/gcc/arm-none-eabi/4.8.4/armv7e-m/fpu\libgcc.a(_arm_addsubdf3.o)
                0x000004d8                __aeabi_drsub
                0x000004e0                __aeabi_dsub
                0x000004e0                __subdf3
                0x000004e4                __aeabi_dadd
                0x000004e4                __adddf3
                0x0000075c                __floatunsidf
                0x0000075c                __aeabi_ui2d
                0x0000077c                __floatsidf
                0x0000077c                __aeabi_i2d
                0x000007a0                __aeabi_f2d
                0x000007a0                __extendsfdf2
                0x000007dc                __floatundidf
                0x000007dc                __aeabi_ul2d
                0x000007ec                __floatdidf
                0x000007ec                __aeabi_l2d
 .text          0x00000848      0x424 c:/freescale/kds_v3/toolchain/bin/../lib/gcc/arm-none-eabi/4.8.4/armv7e-m/fpu\libgcc.a(_arm_muldivdf3.o)
                0x00000848                __aeabi_dmul
                0x00000848                __muldf3
                0x00000a9c                __divdf3
                0x00000a9c                __aeabi_ddiv
 .text          0x00000c6c      0x110 c:/freescale/kds_v3/toolchain/bin/../lib/gcc/arm-none-eabi/4.8.4/armv7e-m/fpu\libgcc.a(_arm_cmpdf2.o)
                0x00000c6c                __gtdf2
                0x00000c6c                __gedf2
                0x00000c74                __ltdf2
                0x00000c74                __ledf2
                0x00000c7c                __nedf2
                0x00000c7c                __eqdf2
                0x00000c7c                __cmpdf2
                0x00000cf8                __aeabi_cdrcmple
                0x00000d08                __aeabi_cdcmpeq
                0x00000d08                __aeabi_cdcmple
                0x00000d18                __aeabi_dcmpeq
                0x00000d2c                __aeabi_dcmplt
                0x00000d40                __aeabi_dcmple
                0x00000d54                __aeabi_dcmpge
                0x00000d68                __aeabi_dcmpgt
 .text          0x00000d7c       0x50 c:/freescale/kds_v3/toolchain/bin/../lib/gcc/arm-none-eabi/4.8.4/armv7e-m/fpu\libgcc.a(_arm_fixdfsi.o)
                0x00000d7c                __aeabi_d2iz
                0x00000d7c                __fixdfsi
 .text          0x00000dcc       0xa0 c:/freescale/kds_v3/toolchain/bin/../lib/gcc/arm-none-eabi/4.8.4/armv7e-m/fpu\libgcc.a(_arm_truncdfsf2.o)
                0x00000dcc                __truncdfsf2
                0x00000dcc                __aeabi_d2f
 *(.text*)
 .text.CPU_SetBASEPRI
                0x00000e6c       0x18 ./Static_Code/System/CPU_Init.o
                0x00000e6c                CPU_SetBASEPRI
 .text.__init_hardware
                0x00000e84       0xb4 ./Static_Code/System/CPU_Init.o
                0x00000e84                __init_hardware
 .text.PE_low_level_init
                0x00000f38       0x44 ./Static_Code/System/CPU_Init.o
                0x00000f38                PE_low_level_init
 .text.CPU_GetClockGenMode
                0x00000f7c       0x90 ./Static_Code/System/CPU_Init.o
                0x00000f7c                CPU_GetClockGenMode
 .text.CPU_SetClockConfigGenMode
                0x0000100c      0x54c ./Static_Code/System/CPU_Init.o
                0x0000100c                CPU_SetClockConfigGenMode
 .text.UnhandledInterrupt
                0x00001558       0x18 ./Static_Code/System/Vectors.o
                0x00001558                UnhandledInterrupt
 .text.Cpu_OnNMI
                0x00001570        0xc ./Sources/Events.o
                0x00001570                Cpu_OnNMI
 .text.ALGO_OnInterrupt
                0x0000157c       0xb0 ./Sources/Events.o
                0x0000157c                ALGO_OnInterrupt
 .text.AS1_OnFullRxBuf
                0x0000162c       0x34 ./Sources/Events.o
                0x0000162c                AS1_OnFullRxBuf
 .text.convIntFloat
                0x00001660       0x4c ./Sources/Phase_Shift_Algorithm.o
                0x00001660                convIntFloat
 .text.convFloatInt
                0x000016ac       0x34 ./Sources/Phase_Shift_Algorithm.o
                0x000016ac                convFloatInt
 .text.init_kernel
                0x000016e0      0x1dc ./Sources/Phase_Shift_Algorithm.o
                0x000016e0                init_kernel
 .text.update_param
                0x000018bc       0xd8 ./Sources/Phase_Shift_Algorithm.o
                0x000018bc                update_param
 .text.phase_shift
                0x00001994      0x110 ./Sources/Phase_Shift_Algorithm.o
                0x00001994                phase_shift
 .text.main     0x00001aa4       0x20 ./Sources/main.o
                0x00001aa4                main
 .text.__copy_rom_section
                0x00001ac4       0xe4 ./Project_Settings/Startup_Code/startup.o
                0x00001ac4                __copy_rom_section
 .text.__copy_rom_sections_to_ram
                0x00001ba8       0x9c ./Project_Settings/Startup_Code/startup.o
                0x00001ba8                __copy_rom_sections_to_ram
 .text.__init_registers
                0x00001c44       0x20 ./Project_Settings/Startup_Code/startup.o
                0x00001c44                __init_registers
 .text.__init_user
                0x00001c64        0xc ./Project_Settings/Startup_Code/startup.o
                0x00001c64                __init_user
 .text.__thumb_startup
                0x00001c70       0x34 ./Project_Settings/Startup_Code/startup.o
                0x00001c70                __thumb_startup
 .text.SaveValue
                0x00001ca4       0x30 ./Generated_Code/AD1.o
 .text.AD1_MainMeasure
                0x00001cd4       0x70 ./Generated_Code/AD1.o
 .text.AD1_Measure
                0x00001d44       0x3c ./Generated_Code/AD1.o
                0x00001d44                AD1_Measure
 .text.AD1_GetValue8
                0x00001d80       0x54 ./Generated_Code/AD1.o
                0x00001d80                AD1_GetValue8
 .text.AD1_Init
                0x00001dd4       0x2c ./Generated_Code/AD1.o
                0x00001dd4                AD1_Init
 .text.ALGO_Init
                0x00001e00       0x50 ./Generated_Code/ALGO.o
                0x00001e00                ALGO_Init
 .text.ALGO_Enable
                0x00001e50       0x30 ./Generated_Code/ALGO.o
                0x00001e50                ALGO_Enable
 .text.ALGO_Disable
                0x00001e80       0x30 ./Generated_Code/ALGO.o
                0x00001e80                ALGO_Disable
 .text.TU1_OnCounterRestart
                0x00001eb0       0x24 ./Generated_Code/ALGO.o
                0x00001eb0                TU1_OnCounterRestart
 .text.HWEnDi   0x00001ed4       0x1c ./Generated_Code/AS1.o
 .text.AS1_RecvChar
                0x00001ef0       0xd8 ./Generated_Code/AS1.o
                0x00001ef0                AS1_RecvChar
 .text.AS1_RecvBlock
                0x00001fc8       0x5c ./Generated_Code/AS1.o
                0x00001fc8                AS1_RecvBlock
 .text.AS1_SendBlock
                0x00002024      0x110 ./Generated_Code/AS1.o
                0x00002024                AS1_SendBlock
 .text.AS1_Init
                0x00002134       0x60 ./Generated_Code/AS1.o
                0x00002134                AS1_Init
 .text.ASerialLdd1_OnBlockReceived
                0x00002194       0x98 ./Generated_Code/AS1.o
                0x00002194                ASerialLdd1_OnBlockReceived
 .text.ASerialLdd1_OnBlockSent
                0x0000222c       0x88 ./Generated_Code/AS1.o
                0x0000222c                ASerialLdd1_OnBlockSent
 .text.ASerialLdd1_OnError
                0x000022b4       0x98 ./Generated_Code/AS1.o
                0x000022b4                ASerialLdd1_OnError
 .text.ASerialLdd1_OnBreak
                0x0000234c       0x24 ./Generated_Code/AS1.o
                0x0000234c                ASerialLdd1_OnBreak
 .text.ASerialLdd1_Init
                0x00002370      0x1d8 ./Generated_Code/ASerialLdd1.o
                0x00002370                ASerialLdd1_Init
 .text.ASerialLdd1_ReceiveBlock
                0x00002548       0x90 ./Generated_Code/ASerialLdd1.o
                0x00002548                ASerialLdd1_ReceiveBlock
 .text.ASerialLdd1_SendBlock
                0x000025d8       0xbc ./Generated_Code/ASerialLdd1.o
                0x000025d8                ASerialLdd1_SendBlock
 .text.InterruptRx
                0x00002694       0x58 ./Generated_Code/ASerialLdd1.o
 .text.InterruptTx
                0x000026ec       0x80 ./Generated_Code/ASerialLdd1.o
 .text.ASerialLdd1_Interrupt
                0x0000276c       0xf4 ./Generated_Code/ASerialLdd1.o
                0x0000276c                ASerialLdd1_Interrupt
 .text.ASerialLdd1_GetError
                0x00002860       0x70 ./Generated_Code/ASerialLdd1.o
                0x00002860                ASerialLdd1_GetError
 .text.AdcLdd1_Init
                0x000028d0       0x98 ./Generated_Code/AdcLdd1.o
                0x000028d0                AdcLdd1_Init
 .text.AdcLdd1_StartSingleMeasurement
                0x00002968       0x4c ./Generated_Code/AdcLdd1.o
                0x00002968                AdcLdd1_StartSingleMeasurement
 .text.AdcLdd1_CreateSampleGroup
                0x000029b4       0x5c ./Generated_Code/AdcLdd1.o
                0x000029b4                AdcLdd1_CreateSampleGroup
 .text.AdcLdd1_GetMeasuredValues
                0x00002a10       0x4c ./Generated_Code/AdcLdd1.o
                0x00002a10                AdcLdd1_GetMeasuredValues
 .text.AdcLdd1_GetMeasurementCompleteStatus
                0x00002a5c       0x34 ./Generated_Code/AdcLdd1.o
                0x00002a5c                AdcLdd1_GetMeasurementCompleteStatus
 .text.Components_Init
                0x00002a90       0x20 ./Generated_Code/Cpu.o
                0x00002a90                Components_Init
 .text.Cpu_INT_NMIInterrupt
                0x00002ab0       0x1c ./Generated_Code/Cpu.o
                0x00002ab0                Cpu_INT_NMIInterrupt
 .text.DacLdd1_Init
                0x00002acc       0x94 ./Generated_Code/DacLdd1.o
                0x00002acc                DacLdd1_Init
 .text.DacLdd1_SetValue
                0x00002b60       0x48 ./Generated_Code/DacLdd1.o
                0x00002b60                DacLdd1_SetValue
 .text.TU1_Init
                0x00002ba8      0x100 ./Generated_Code/TU1.o
                0x00002ba8                TU1_Init
 .text.TU1_Enable
                0x00002ca8       0x30 ./Generated_Code/TU1.o
                0x00002ca8                TU1_Enable
 .text.TU1_Disable
                0x00002cd8       0x28 ./Generated_Code/TU1.o
                0x00002cd8                TU1_Disable
 .text.TU1_Interrupt
                0x00002d00       0x6c ./Generated_Code/TU1.o
                0x00002d00                TU1_Interrupt
 .text.TU2_Init
                0x00002d6c       0xd8 ./Generated_Code/TU2.o
                0x00002d6c                TU2_Init
 .text.TU2_Interrupt
                0x00002e44       0x6c ./Generated_Code/TU2.o
                0x00002e44                TU2_Interrupt
 .text.TimeDateLdd1_Init
                0x00002eb0       0x74 ./Generated_Code/TimeDateLdd1.o
                0x00002eb0                TimeDateLdd1_Init
 .text.TU2_OnCounterRestart
                0x00002f24       0xd8 ./Generated_Code/TimeDateLdd1.o
                0x00002f24                TU2_OnCounterRestart
 *fill*         0x00002ffc        0x4 
 .text.cos      0x00003000       0xa8 c:/freescale/kds_v3/toolchain/bin/../lib/gcc/arm-none-eabi/4.8.4/../../../../arm-none-eabi/lib/armv7e-m/fpu\libm.a(lib_a-s_cos.o)
                0x00003000                cos
 .text.exp      0x000030a8      0x108 c:/freescale/kds_v3/toolchain/bin/../lib/gcc/arm-none-eabi/4.8.4/../../../../arm-none-eabi/lib/armv7e-m/fpu\libm.a(lib_a-w_exp.o)
                0x000030a8                exp
 .text.__ieee754_exp
                0x000031b0      0x328 c:/freescale/kds_v3/toolchain/bin/../lib/gcc/arm-none-eabi/4.8.4/../../../../arm-none-eabi/lib/armv7e-m/fpu\libm.a(lib_a-e_exp.o)
                0x000031b0                __ieee754_exp
 .text.__ieee754_rem_pio2
                0x000034d8      0x450 c:/freescale/kds_v3/toolchain/bin/../lib/gcc/arm-none-eabi/4.8.4/../../../../arm-none-eabi/lib/armv7e-m/fpu\libm.a(lib_a-e_rem_pio2.o)
                0x000034d8                __ieee754_rem_pio2
 .text.__kernel_cos
                0x00003928      0x280 c:/freescale/kds_v3/toolchain/bin/../lib/gcc/arm-none-eabi/4.8.4/../../../../arm-none-eabi/lib/armv7e-m/fpu\libm.a(lib_a-k_cos.o)
                0x00003928                __kernel_cos
 .text.__kernel_rem_pio2
                0x00003ba8      0x798 c:/freescale/kds_v3/toolchain/bin/../lib/gcc/arm-none-eabi/4.8.4/../../../../arm-none-eabi/lib/armv7e-m/fpu\libm.a(lib_a-k_rem_pio2.o)
                0x00003ba8                __kernel_rem_pio2
 .text.__kernel_sin
                0x00004340      0x190 c:/freescale/kds_v3/toolchain/bin/../lib/gcc/arm-none-eabi/4.8.4/../../../../arm-none-eabi/lib/armv7e-m/fpu\libm.a(lib_a-k_sin.o)
                0x00004340                __kernel_sin
 .text.fabs     0x000044d0       0x14 c:/freescale/kds_v3/toolchain/bin/../lib/gcc/arm-none-eabi/4.8.4/../../../../arm-none-eabi/lib/armv7e-m/fpu\libm.a(lib_a-s_fabs.o)
                0x000044d0                fabs
 .text.finite   0x000044e4       0x10 c:/freescale/kds_v3/toolchain/bin/../lib/gcc/arm-none-eabi/4.8.4/../../../../arm-none-eabi/lib/armv7e-m/fpu\libm.a(lib_a-s_finite.o)
                0x000044e4                finite
 *fill*         0x000044f4        0x4 
 .text.floor    0x000044f8      0x138 c:/freescale/kds_v3/toolchain/bin/../lib/gcc/arm-none-eabi/4.8.4/../../../../arm-none-eabi/lib/armv7e-m/fpu\libm.a(lib_a-s_floor.o)
                0x000044f8                floor
 .text.matherr  0x00004630        0x4 c:/freescale/kds_v3/toolchain/bin/../lib/gcc/arm-none-eabi/4.8.4/../../../../arm-none-eabi/lib/armv7e-m/fpu\libm.a(lib_a-s_matherr.o)
                0x00004630                matherr
 *fill*         0x00004634        0x4 
 .text.scalbn   0x00004638      0x120 c:/freescale/kds_v3/toolchain/bin/../lib/gcc/arm-none-eabi/4.8.4/../../../../arm-none-eabi/lib/armv7e-m/fpu\libm.a(lib_a-s_scalbn.o)
                0x00004638                scalbn
 .text.copysign
                0x00004758       0x24 c:/freescale/kds_v3/toolchain/bin/../lib/gcc/arm-none-eabi/4.8.4/../../../../arm-none-eabi/lib/armv7e-m/fpu\libm.a(lib_a-s_copysign.o)
                0x00004758                copysign
 .text.__errno  0x0000477c        0xc c:/freescale/kds_v3/toolchain/bin/../lib/gcc/arm-none-eabi/4.8.4/../../../../arm-none-eabi/lib/armv7e-m/fpu\libg_s.a(lib_a-errno.o)
                0x0000477c                __errno
 .text.exit     0x00004788       0x28 c:/freescale/kds_v3/toolchain/bin/../lib/gcc/arm-none-eabi/4.8.4/../../../../arm-none-eabi/lib/armv7e-m/fpu\libg_s.a(lib_a-exit.o)
                0x00004788                exit
 .text.__libc_init_array
                0x000047b0       0x4c c:/freescale/kds_v3/toolchain/bin/../lib/gcc/arm-none-eabi/4.8.4/../../../../arm-none-eabi/lib/armv7e-m/fpu\libg_s.a(lib_a-init.o)
                0x000047b0                __libc_init_array
 .text.memset   0x000047fc       0x10 c:/freescale/kds_v3/toolchain/bin/../lib/gcc/arm-none-eabi/4.8.4/../../../../arm-none-eabi/lib/armv7e-m/fpu\libg_s.a(lib_a-memset.o)
                0x000047fc                memset
 .text._exit    0x0000480c        0x4 c:/freescale/kds_v3/toolchain/bin/../lib/gcc/arm-none-eabi/4.8.4/../../../../arm-none-eabi/lib/armv7e-m/fpu\libnosys.a(_exit.o)
                0x0000480c                _exit
 *(.rodata)
 *(.rodata*)
 .rodata.ClockGenModeMatrix
                0x00004810       0x80 ./Static_Code/System/CPU_Init.o
 .rodata.CPU_ClockConfigDescriptors
                0x00004890       0x1c ./Static_Code/System/CPU_Init.o
 .rodata.CPU_DefaultFEI
                0x000048ac        0x8 ./Static_Code/System/CPU_Init.o
 .rodata.CPU_DefaultFBI
                0x000048b4        0x8 ./Static_Code/System/CPU_Init.o
 .rodata.CPU_DefaultBLPI
                0x000048bc        0x8 ./Static_Code/System/CPU_Init.o
 .rodata.CPU_DefaultFEE
                0x000048c4        0x8 ./Static_Code/System/CPU_Init.o
 .rodata.CPU_DefaultFBE
                0x000048cc        0x8 ./Static_Code/System/CPU_Init.o
 .rodata.CPU_DefaultBLPE
                0x000048d4        0x8 ./Static_Code/System/CPU_Init.o
 .rodata.CPU_DefaultPBE
                0x000048dc        0x8 ./Static_Code/System/CPU_Init.o
 .rodata.CPU_DefaultPEE
                0x000048e4        0x8 ./Static_Code/System/CPU_Init.o
 .rodata.CPU_ClockGenModeRegs
                0x000048ec       0x20 ./Static_Code/System/CPU_Init.o
 .rodata.NLY    0x0000490c       0x18 ./Generated_Code/TimeDateLdd1.o
 .rodata.LY     0x00004924       0x18 ./Generated_Code/TimeDateLdd1.o
 .rodata.str1.4
                0x0000493c        0x4 c:/freescale/kds_v3/toolchain/bin/../lib/gcc/arm-none-eabi/4.8.4/../../../../arm-none-eabi/lib/armv7e-m/fpu\libm.a(lib_a-w_exp.o)
 .rodata.halF   0x00004940       0x10 c:/freescale/kds_v3/toolchain/bin/../lib/gcc/arm-none-eabi/4.8.4/../../../../arm-none-eabi/lib/armv7e-m/fpu\libm.a(lib_a-e_exp.o)
 .rodata.ln2LO  0x00004950       0x10 c:/freescale/kds_v3/toolchain/bin/../lib/gcc/arm-none-eabi/4.8.4/../../../../arm-none-eabi/lib/armv7e-m/fpu\libm.a(lib_a-e_exp.o)
 .rodata.ln2HI  0x00004960       0x10 c:/freescale/kds_v3/toolchain/bin/../lib/gcc/arm-none-eabi/4.8.4/../../../../arm-none-eabi/lib/armv7e-m/fpu\libm.a(lib_a-e_exp.o)
 .rodata.npio2_hw
                0x00004970       0x80 c:/freescale/kds_v3/toolchain/bin/../lib/gcc/arm-none-eabi/4.8.4/../../../../arm-none-eabi/lib/armv7e-m/fpu\libm.a(lib_a-e_rem_pio2.o)
 .rodata.two_over_pi
                0x000049f0      0x108 c:/freescale/kds_v3/toolchain/bin/../lib/gcc/arm-none-eabi/4.8.4/../../../../arm-none-eabi/lib/armv7e-m/fpu\libm.a(lib_a-e_rem_pio2.o)
 .rodata.init_jk
                0x00004af8       0x10 c:/freescale/kds_v3/toolchain/bin/../lib/gcc/arm-none-eabi/4.8.4/../../../../arm-none-eabi/lib/armv7e-m/fpu\libm.a(lib_a-k_rem_pio2.o)
 .rodata.PIo2   0x00004b08       0x40 c:/freescale/kds_v3/toolchain/bin/../lib/gcc/arm-none-eabi/4.8.4/../../../../arm-none-eabi/lib/armv7e-m/fpu\libm.a(lib_a-k_rem_pio2.o)
 .rodata.str1.1
                0x00004b48        0x2 c:/freescale/kds_v3/toolchain/bin/../lib/gcc/arm-none-eabi/4.8.4/../../../../arm-none-eabi/lib/armv7e-m/fpu\libg_s.a(lib_a-impure.o)
 *fill*         0x00004b4a        0x2 
 .rodata._global_impure_ptr
                0x00004b4c        0x4 c:/freescale/kds_v3/toolchain/bin/../lib/gcc/arm-none-eabi/4.8.4/../../../../arm-none-eabi/lib/armv7e-m/fpu\libg_s.a(lib_a-impure.o)
                0x00004b4c                _global_impure_ptr
 *(.glue_7)
 .glue_7        0x00000000        0x0 linker stubs
 *(.glue_7t)
 .glue_7t       0x00000000        0x0 linker stubs
 *(.eh_frame)
 .eh_frame      0x00004b50        0x0 c:/freescale/kds_v3/toolchain/bin/../lib/gcc/arm-none-eabi/4.8.4/armv7e-m/fpu/crtbegin.o
 *(.init)
 .init          0x00004b50        0x4 c:/freescale/kds_v3/toolchain/bin/../lib/gcc/arm-none-eabi/4.8.4/armv7e-m/fpu/crti.o
                0x00004b50                _init
 .init          0x00004b54        0x8 c:/freescale/kds_v3/toolchain/bin/../lib/gcc/arm-none-eabi/4.8.4/armv7e-m/fpu/crtn.o
 *(.fini)
 .fini          0x00004b5c        0x4 c:/freescale/kds_v3/toolchain/bin/../lib/gcc/arm-none-eabi/4.8.4/armv7e-m/fpu/crti.o
                0x00004b5c                _fini
 .fini          0x00004b60        0x8 c:/freescale/kds_v3/toolchain/bin/../lib/gcc/arm-none-eabi/4.8.4/armv7e-m/fpu/crtn.o
                0x00004b68                . = ALIGN (0x4)
                0x00004b68                _etext = .

.vfp11_veneer   0x00004b68        0x0
 .vfp11_veneer  0x00000000        0x0 linker stubs

.v4_bx          0x00004b68        0x0
 .v4_bx         0x00000000        0x0 linker stubs

.iplt           0x00004b68        0x0
 .iplt          0x00000000        0x0 c:/freescale/kds_v3/toolchain/bin/../lib/gcc/arm-none-eabi/4.8.4/armv7e-m/fpu/crtbegin.o

.ARM.extab
 *(.ARM.extab* .gnu.linkonce.armextab.*)

.ARM            0x00004b68        0x8
                0x00004b68                __exidx_start = .
 *(.ARM.exidx*)
 .ARM.exidx     0x00004b68        0x8 c:/freescale/kds_v3/toolchain/bin/../lib/gcc/arm-none-eabi/4.8.4/../../../../arm-none-eabi/lib/armv7e-m/fpu/crt0.o
                0x00004b70                __exidx_end = .

.rel.dyn        0x00004b70        0x0
 .rel.iplt      0x00000000        0x0 c:/freescale/kds_v3/toolchain/bin/../lib/gcc/arm-none-eabi/4.8.4/armv7e-m/fpu/crtbegin.o

.ctors          0x00004b70        0x0
                0x00004b70                __CTOR_LIST__ = .
 *crtbegin.o(.ctors)
 *(EXCLUDE_FILE(*crtend.o) .ctors)
 *(SORT(.ctors.*))
 *(.ctors)
                0x00004b70                __CTOR_END__ = .

.dtors          0x00004b70        0x0
                0x00004b70                __DTOR_LIST__ = .
 *crtbegin.o(.dtors)
 *(EXCLUDE_FILE(*crtend.o) .dtors)
 *(SORT(.dtors.*))
 *(.dtors)
                0x00004b70                __DTOR_END__ = .

.preinit_array  0x00004b70        0x0
                0x00004b70                PROVIDE (__preinit_array_start, .)
 *(.preinit_array*)
                0x00004b70                PROVIDE (__preinit_array_end, .)

.init_array     0x00004b70        0x4
                0x00004b70                PROVIDE (__init_array_start, .)
 *(SORT(.init_array.*))
 *(.init_array*)
 .init_array    0x00004b70        0x4 c:/freescale/kds_v3/toolchain/bin/../lib/gcc/arm-none-eabi/4.8.4/armv7e-m/fpu/crtbegin.o
                0x00004b74                PROVIDE (__init_array_end, .)

.fini_array     0x00004b74        0x4
                0x00004b74                PROVIDE (__fini_array_start, .)
 *(SORT(.fini_array.*))
 *(.fini_array*)
 .fini_array    0x00004b74        0x4 c:/freescale/kds_v3/toolchain/bin/../lib/gcc/arm-none-eabi/4.8.4/armv7e-m/fpu/crtbegin.o
                0x00004b78                PROVIDE (__fini_array_end, .)
                0x00004b78                ___ROM_AT = .

.data           0x1fff0000       0x7c load address 0x00004b78
                0x1fff0000                . = ALIGN (0x4)
                0x1fff0000                _sdata = .
 *(.data)
 *(.data*)
 .data.GUIParams
                0x1fff0000       0x14 ./Sources/Phase_Shift_Algorithm.o
                0x1fff0000                GUIParams
 .data.__fdlib_version
                0x1fff0014        0x1 c:/freescale/kds_v3/toolchain/bin/../lib/gcc/arm-none-eabi/4.8.4/../../../../arm-none-eabi/lib/armv7e-m/fpu\libm.a(lib_a-s_lib_ver.o)
                0x1fff0014                __fdlib_version
 *fill*         0x1fff0015        0x3 
 .data.impure_data
                0x1fff0018       0x60 c:/freescale/kds_v3/toolchain/bin/../lib/gcc/arm-none-eabi/4.8.4/../../../../arm-none-eabi/lib/armv7e-m/fpu\libg_s.a(lib_a-impure.o)
 .data._impure_ptr
                0x1fff0078        0x4 c:/freescale/kds_v3/toolchain/bin/../lib/gcc/arm-none-eabi/4.8.4/../../../../arm-none-eabi/lib/armv7e-m/fpu\libg_s.a(lib_a-impure.o)
                0x1fff0078                _impure_ptr
                0x1fff007c                . = ALIGN (0x4)
                0x1fff007c                _edata = .
                0x0000007c                ___data_size = (_edata - _sdata)
                0x00004bf4                ___m_data_20000000_ROMStart = (___ROM_AT + SIZEOF (.data))

.jcr            0x1fff007c        0x0 load address 0x00004bf4
 .jcr           0x1fff007c        0x0 c:/freescale/kds_v3/toolchain/bin/../lib/gcc/arm-none-eabi/4.8.4/armv7e-m/fpu/crtbegin.o

.igot.plt       0x1fff007c        0x0 load address 0x00004bf4
 .igot.plt      0x00000000        0x0 c:/freescale/kds_v3/toolchain/bin/../lib/gcc/arm-none-eabi/4.8.4/armv7e-m/fpu/crtbegin.o

.m_data_20000000
                0x20000000        0x0 load address 0x00004bf4
                0x20000000                . = ALIGN (0x4)
                0x20000000                ___m_data_20000000_RAMStart = .
 *(.m_data_20000000)
                0x20000000                ___m_data_20000000_RAMEnd = .
                0x20000000                . = ALIGN (0x4)
                0x00000000                ___m_data_20000000_ROMSize = (___m_data_20000000_RAMEnd - ___m_data_20000000_RAMStart)
                0x20000000                . = ALIGN (0x4)

.bss            0x1fff007c     0x4938 load address 0x00004bf4
                0x1fff007c                __START_BSS = .
                0x1fff007c                PROVIDE (__bss_start__, __START_BSS)
 *(.bss)
 .bss           0x1fff007c       0x1c c:/freescale/kds_v3/toolchain/bin/../lib/gcc/arm-none-eabi/4.8.4/armv7e-m/fpu/crtbegin.o
 *(.bss*)
 .bss.SR_lock   0x1fff0098        0x1 ./Static_Code/System/CPU_Init.o
                0x1fff0098                SR_lock
 *fill*         0x1fff0099        0x1 
 .bss.rec_reg   0x1fff009a        0x2 ./Sources/Events.o
                0x1fff009a                rec_reg
 .bss.stim_reg  0x1fff009c        0x2 ./Sources/Events.o
                0x1fff009c                stim_reg
 *fill*         0x1fff009e        0x2 
 .bss.uart_tx_buf
                0x1fff00a0        0xc ./Sources/Events.o
                0x1fff00a0                uart_tx_buf
 .bss.uart_rx_buf
                0x1fff00ac       0x14 ./Sources/Events.o
                0x1fff00ac                uart_rx_buf
 .bss.kernel    0x1fff00c0     0x4000 ./Sources/Phase_Shift_Algorithm.o
                0x1fff00c0                kernel
 .bss.conv_buf  0x1fff40c0      0x800 ./Sources/Phase_Shift_Algorithm.o
                0x1fff40c0                conv_buf
 .bss.phase_cond
                0x1fff48c0        0x1 ./Sources/Phase_Shift_Algorithm.o
                0x1fff48c0                phase_cond
 .bss.ModeFlg   0x1fff48c1        0x1 ./Generated_Code/AD1.o
 *fill*         0x1fff48c2        0x2 
 .bss.SampleGroup
                0x1fff48c4        0x4 ./Generated_Code/AD1.o
 .bss.WaitForRes
                0x1fff48c8        0x1 ./Generated_Code/AD1.o
 .bss.OutFlg    0x1fff48c9        0x1 ./Generated_Code/AD1.o
 *fill*         0x1fff48ca        0x2 
 .bss.DeviceDataPrv__DEFAULT_RTOS_ALLOC
                0x1fff48cc        0xc ./Generated_Code/ALGO.o
 .bss.SerFlag   0x1fff48d8        0x2 ./Generated_Code/AS1.o
 .bss.AS1_InpLen
                0x1fff48da        0x2 ./Generated_Code/AS1.o
 .bss.InpIndexR
                0x1fff48dc        0x2 ./Generated_Code/AS1.o
 .bss.InpIndexW
                0x1fff48de        0x2 ./Generated_Code/AS1.o
 .bss.InpBuffer
                0x1fff48e0       0x14 ./Generated_Code/AS1.o
 .bss.BufferRead
                0x1fff48f4        0x1 ./Generated_Code/AS1.o
 *fill*         0x1fff48f5        0x1 
 .bss.AS1_OutLen
                0x1fff48f6        0x2 ./Generated_Code/AS1.o
 .bss.OutIndexR
                0x1fff48f8        0x2 ./Generated_Code/AS1.o
 .bss.OutIndexW
                0x1fff48fa        0x2 ./Generated_Code/AS1.o
 .bss.OutBuffer
                0x1fff48fc        0xc ./Generated_Code/AS1.o
 .bss.DeviceDataPrv__DEFAULT_RTOS_ALLOC
                0x1fff4908       0x20 ./Generated_Code/ASerialLdd1.o
 .bss.INT_UART1_RX_TX__DEFAULT_RTOS_ISRPARAM
                0x1fff4928        0x4 ./Generated_Code/ASerialLdd1.o
 .bss.INT_UART1_ERR__DEFAULT_RTOS_ISRPARAM
                0x1fff492c        0x4 ./Generated_Code/ASerialLdd1.o
 .bss.DeviceDataPrv__DEFAULT_RTOS_ALLOC
                0x1fff4930        0x8 ./Generated_Code/AdcLdd1.o
 .bss.DeviceDataPtr__DEFAULT_RTOS_ALLOC
                0x1fff4938        0x8 ./Generated_Code/DacLdd1.o
 .bss.PE_LDD_DeviceDataList
                0x1fff4940       0x1c ./Generated_Code/PE_LDD.o
                0x1fff4940                PE_LDD_DeviceDataList
 .bss.DeviceDataPrv__DEFAULT_RTOS_ALLOC
                0x1fff495c       0x10 ./Generated_Code/TU1.o
 .bss.INT_FTM0__DEFAULT_RTOS_ISRPARAM
                0x1fff496c        0x4 ./Generated_Code/TU1.o
 .bss.DeviceDataPrv__DEFAULT_RTOS_ALLOC
                0x1fff4970       0x10 ./Generated_Code/TU2.o
 .bss.INT_FTM1__DEFAULT_RTOS_ISRPARAM
                0x1fff4980        0x4 ./Generated_Code/TU2.o
 .bss.DeviceDataPrv__DEFAULT_RTOS_ALLOC
                0x1fff4984       0x1c ./Generated_Code/TimeDateLdd1.o
 *(COMMON)
 COMMON         0x1fff49a0        0x1 ./Static_Code/System/CPU_Init.o
                0x1fff49a0                SR_reg
 *fill*         0x1fff49a1        0x3 
 COMMON         0x1fff49a4        0x4 ./Sources/main.o
                0x1fff49a4                ALGOptr
 COMMON         0x1fff49a8        0x8 ./Generated_Code/AD1.o
                0x1fff49a8                AD1_OutV
                0x1fff49ac                AdcLdd1_DeviceDataPtr
 COMMON         0x1fff49b0        0x4 ./Generated_Code/AS1.o
                0x1fff49b0                ASerialLdd1_DeviceDataPtr
                0x1fff49b4                . = ALIGN (0x4)
                0x1fff49b4                __END_BSS = .
                0x1fff49b4                PROVIDE (__bss_end__, __END_BSS)
                0x00004bf4                _romp_at = ((___ROM_AT + SIZEOF (.data)) + SIZEOF (.m_data_20000000))

.romp           0x1fff49b4       0x24 load address 0x00004bf4
                0x00004bf4                __S_romp = _romp_at
                0x1fff49b4        0x4 LONG 0x4b78 ___ROM_AT
                0x1fff49b8        0x4 LONG 0x1fff0000 _sdata
                0x1fff49bc        0x4 LONG 0x7c ___data_size
                0x1fff49c0        0x4 LONG 0x4bf4 ___m_data_20000000_ROMStart
                0x1fff49c4        0x4 LONG 0x20000000 ___m_data_20000000_RAMStart
                0x1fff49c8        0x4 LONG 0x0 ___m_data_20000000_ROMSize
                0x1fff49cc        0x4 LONG 0x0
                0x1fff49d0        0x4 LONG 0x0
                0x1fff49d4        0x4 LONG 0x0
                0x00080000                text_end = (ORIGIN (m_text) + 0x7fbf0)
                0x00004c18                data_init_end = ((___m_data_20000000_ROMStart + SIZEOF (.m_data_20000000)) + SIZEOF (.romp))
                0x00000001                ASSERT ((data_init_end <= text_end), region m_text overflowed with text and data)

._user_heap_stack
                0x1fff49d8      0x400 load address 0x00004c18
                0x1fff49d8                . = ALIGN (0x4)
                0x1fff49d8                PROVIDE (end, .)
                0x1fff49d8                PROVIDE (_end, .)
                0x1fff49d8                PROVIDE (__end__, .)
                0x1fff49d8                __heap_addr = .
                0x1fff49d8                __HeapBase = .
                0x1fff49d8                . = (. + __heap_size)
                0x1fff49d8                __HeapLimit = .
                0x1fff4dd8                . = (. + __stack_size)
 *fill*         0x1fff49d8      0x400 
                0x1fff4dd8                . = ALIGN (0x4)

.ARM.attributes
                0x00000000       0x30
 *(.ARM.attributes)
 .ARM.attributes
                0x00000000       0x22 c:/freescale/kds_v3/toolchain/bin/../lib/gcc/arm-none-eabi/4.8.4/armv7e-m/fpu/crti.o
 .ARM.attributes
                0x00000022       0x34 c:/freescale/kds_v3/toolchain/bin/../lib/gcc/arm-none-eabi/4.8.4/armv7e-m/fpu/crtbegin.o
 .ARM.attributes
                0x00000056       0x20 c:/freescale/kds_v3/toolchain/bin/../lib/gcc/arm-none-eabi/4.8.4/../../../../arm-none-eabi/lib/armv7e-m/fpu/crt0.o
 .ARM.attributes
                0x00000076       0x39 ./Static_Code/System/CPU_Init.o
 .ARM.attributes
                0x000000af       0x39 ./Static_Code/System/Vectors.o
 .ARM.attributes
                0x000000e8       0x39 ./Sources/Events.o
 .ARM.attributes
                0x00000121       0x39 ./Sources/Phase_Shift_Algorithm.o
 .ARM.attributes
                0x0000015a       0x39 ./Sources/main.o
 .ARM.attributes
                0x00000193       0x39 ./Project_Settings/Startup_Code/startup.o
 .ARM.attributes
                0x000001cc       0x39 ./Generated_Code/AD1.o
 .ARM.attributes
                0x00000205       0x39 ./Generated_Code/ALGO.o
 .ARM.attributes
                0x0000023e       0x39 ./Generated_Code/AS1.o
 .ARM.attributes
                0x00000277       0x39 ./Generated_Code/ASerialLdd1.o
 .ARM.attributes
                0x000002b0       0x39 ./Generated_Code/AdcLdd1.o
 .ARM.attributes
                0x000002e9       0x39 ./Generated_Code/Cpu.o
 .ARM.attributes
                0x00000322       0x39 ./Generated_Code/DacLdd1.o
 .ARM.attributes
                0x0000035b       0x39 ./Generated_Code/PE_LDD.o
 .ARM.attributes
                0x00000394       0x39 ./Generated_Code/TU1.o
 .ARM.attributes
                0x000003cd       0x39 ./Generated_Code/TU2.o
 .ARM.attributes
                0x00000406       0x39 ./Generated_Code/TimeDateLdd1.o
 .ARM.attributes
                0x0000043f       0x34 c:/freescale/kds_v3/toolchain/bin/../lib/gcc/arm-none-eabi/4.8.4/../../../../arm-none-eabi/lib/armv7e-m/fpu\libm.a(lib_a-s_cos.o)
 .ARM.attributes
                0x00000473       0x34 c:/freescale/kds_v3/toolchain/bin/../lib/gcc/arm-none-eabi/4.8.4/../../../../arm-none-eabi/lib/armv7e-m/fpu\libm.a(lib_a-w_exp.o)
 .ARM.attributes
                0x000004a7       0x34 c:/freescale/kds_v3/toolchain/bin/../lib/gcc/arm-none-eabi/4.8.4/../../../../arm-none-eabi/lib/armv7e-m/fpu\libm.a(lib_a-e_exp.o)
 .ARM.attributes
                0x000004db       0x34 c:/freescale/kds_v3/toolchain/bin/../lib/gcc/arm-none-eabi/4.8.4/../../../../arm-none-eabi/lib/armv7e-m/fpu\libm.a(lib_a-e_rem_pio2.o)
 .ARM.attributes
                0x0000050f       0x34 c:/freescale/kds_v3/toolchain/bin/../lib/gcc/arm-none-eabi/4.8.4/../../../../arm-none-eabi/lib/armv7e-m/fpu\libm.a(lib_a-k_cos.o)
 .ARM.attributes
                0x00000543       0x34 c:/freescale/kds_v3/toolchain/bin/../lib/gcc/arm-none-eabi/4.8.4/../../../../arm-none-eabi/lib/armv7e-m/fpu\libm.a(lib_a-k_rem_pio2.o)
 .ARM.attributes
                0x00000577       0x34 c:/freescale/kds_v3/toolchain/bin/../lib/gcc/arm-none-eabi/4.8.4/../../../../arm-none-eabi/lib/armv7e-m/fpu\libm.a(lib_a-k_sin.o)
 .ARM.attributes
                0x000005ab       0x34 c:/freescale/kds_v3/toolchain/bin/../lib/gcc/arm-none-eabi/4.8.4/../../../../arm-none-eabi/lib/armv7e-m/fpu\libm.a(lib_a-s_fabs.o)
 .ARM.attributes
                0x000005df       0x34 c:/freescale/kds_v3/toolchain/bin/../lib/gcc/arm-none-eabi/4.8.4/../../../../arm-none-eabi/lib/armv7e-m/fpu\libm.a(lib_a-s_finite.o)
 .ARM.attributes
                0x00000613       0x34 c:/freescale/kds_v3/toolchain/bin/../lib/gcc/arm-none-eabi/4.8.4/../../../../arm-none-eabi/lib/armv7e-m/fpu\libm.a(lib_a-s_floor.o)
 .ARM.attributes
                0x00000647       0x34 c:/freescale/kds_v3/toolchain/bin/../lib/gcc/arm-none-eabi/4.8.4/../../../../arm-none-eabi/lib/armv7e-m/fpu\libm.a(lib_a-s_lib_ver.o)
 .ARM.attributes
                0x0000067b       0x34 c:/freescale/kds_v3/toolchain/bin/../lib/gcc/arm-none-eabi/4.8.4/../../../../arm-none-eabi/lib/armv7e-m/fpu\libm.a(lib_a-s_matherr.o)
 .ARM.attributes
                0x000006af       0x34 c:/freescale/kds_v3/toolchain/bin/../lib/gcc/arm-none-eabi/4.8.4/../../../../arm-none-eabi/lib/armv7e-m/fpu\libm.a(lib_a-s_scalbn.o)
 .ARM.attributes
                0x000006e3       0x34 c:/freescale/kds_v3/toolchain/bin/../lib/gcc/arm-none-eabi/4.8.4/../../../../arm-none-eabi/lib/armv7e-m/fpu\libm.a(lib_a-s_copysign.o)
 .ARM.attributes
                0x00000717       0x22 c:/freescale/kds_v3/toolchain/bin/../lib/gcc/arm-none-eabi/4.8.4/armv7e-m/fpu\libgcc.a(_arm_addsubdf3.o)
 .ARM.attributes
                0x00000739       0x22 c:/freescale/kds_v3/toolchain/bin/../lib/gcc/arm-none-eabi/4.8.4/armv7e-m/fpu\libgcc.a(_arm_muldivdf3.o)
 .ARM.attributes
                0x0000075b       0x22 c:/freescale/kds_v3/toolchain/bin/../lib/gcc/arm-none-eabi/4.8.4/armv7e-m/fpu\libgcc.a(_arm_cmpdf2.o)
 .ARM.attributes
                0x0000077d       0x22 c:/freescale/kds_v3/toolchain/bin/../lib/gcc/arm-none-eabi/4.8.4/armv7e-m/fpu\libgcc.a(_arm_fixdfsi.o)
 .ARM.attributes
                0x0000079f       0x22 c:/freescale/kds_v3/toolchain/bin/../lib/gcc/arm-none-eabi/4.8.4/armv7e-m/fpu\libgcc.a(_arm_truncdfsf2.o)
 .ARM.attributes
                0x000007c1       0x34 c:/freescale/kds_v3/toolchain/bin/../lib/gcc/arm-none-eabi/4.8.4/../../../../arm-none-eabi/lib/armv7e-m/fpu\libg_s.a(lib_a-errno.o)
 .ARM.attributes
                0x000007f5       0x34 c:/freescale/kds_v3/toolchain/bin/../lib/gcc/arm-none-eabi/4.8.4/../../../../arm-none-eabi/lib/armv7e-m/fpu\libg_s.a(lib_a-exit.o)
 .ARM.attributes
                0x00000829       0x34 c:/freescale/kds_v3/toolchain/bin/../lib/gcc/arm-none-eabi/4.8.4/../../../../arm-none-eabi/lib/armv7e-m/fpu\libg_s.a(lib_a-impure.o)
 .ARM.attributes
                0x0000085d       0x34 c:/freescale/kds_v3/toolchain/bin/../lib/gcc/arm-none-eabi/4.8.4/../../../../arm-none-eabi/lib/armv7e-m/fpu\libg_s.a(lib_a-init.o)
 .ARM.attributes
                0x00000891       0x34 c:/freescale/kds_v3/toolchain/bin/../lib/gcc/arm-none-eabi/4.8.4/../../../../arm-none-eabi/lib/armv7e-m/fpu\libg_s.a(lib_a-memset.o)
 .ARM.attributes
                0x000008c5       0x34 c:/freescale/kds_v3/toolchain/bin/../lib/gcc/arm-none-eabi/4.8.4/../../../../arm-none-eabi/lib/armv7e-m/fpu\libnosys.a(_exit.o)
 .ARM.attributes
                0x000008f9       0x22 c:/freescale/kds_v3/toolchain/bin/../lib/gcc/arm-none-eabi/4.8.4/armv7e-m/fpu/crtn.o
OUTPUT(RCS_Box_2.2.elf elf32-littlearm)

.debug_info     0x00000000     0x51d3
 .debug_info    0x00000000      0xab8 ./Static_Code/System/CPU_Init.o
 .debug_info    0x00000ab8      0x826 ./Static_Code/System/Vectors.o
 .debug_info    0x000012de      0x2cd ./Sources/Events.o
 .debug_info    0x000015ab      0x37a ./Sources/Phase_Shift_Algorithm.o
 .debug_info    0x00001925       0xca ./Sources/main.o
 .debug_info    0x000019ef      0x3b0 ./Project_Settings/Startup_Code/startup.o
 .debug_info    0x00001d9f      0x248 ./Generated_Code/AD1.o
 .debug_info    0x00001fe7      0x2c1 ./Generated_Code/ALGO.o
 .debug_info    0x000022a8      0x4df ./Generated_Code/AS1.o
 .debug_info    0x00002787      0xa74 ./Generated_Code/ASerialLdd1.o
 .debug_info    0x000031fb      0x6b1 ./Generated_Code/AdcLdd1.o
 .debug_info    0x000038ac       0xa7 ./Generated_Code/Cpu.o
 .debug_info    0x00003953      0x405 ./Generated_Code/DacLdd1.o
 .debug_info    0x00003d58      0x251 ./Generated_Code/PE_LDD.o
 .debug_info    0x00003fa9      0x7ca ./Generated_Code/TU1.o
 .debug_info    0x00004773      0x6c7 ./Generated_Code/TU2.o
 .debug_info    0x00004e3a      0x399 ./Generated_Code/TimeDateLdd1.o

.debug_abbrev   0x00000000     0x162c
 .debug_abbrev  0x00000000      0x1bf ./Static_Code/System/CPU_Init.o
 .debug_abbrev  0x000001bf       0xd8 ./Static_Code/System/Vectors.o
 .debug_abbrev  0x00000297      0x136 ./Sources/Events.o
 .debug_abbrev  0x000003cd      0x133 ./Sources/Phase_Shift_Algorithm.o
 .debug_abbrev  0x00000500       0x84 ./Sources/main.o
 .debug_abbrev  0x00000584      0x189 ./Project_Settings/Startup_Code/startup.o
 .debug_abbrev  0x0000070d      0x14e ./Generated_Code/AD1.o
 .debug_abbrev  0x0000085b      0x131 ./Generated_Code/ALGO.o
 .debug_abbrev  0x0000098c      0x1d6 ./Generated_Code/AS1.o
 .debug_abbrev  0x00000b62      0x1e8 ./Generated_Code/ASerialLdd1.o
 .debug_abbrev  0x00000d4a      0x182 ./Generated_Code/AdcLdd1.o
 .debug_abbrev  0x00000ecc       0x45 ./Generated_Code/Cpu.o
 .debug_abbrev  0x00000f11      0x141 ./Generated_Code/DacLdd1.o
 .debug_abbrev  0x00001052      0x10d ./Generated_Code/PE_LDD.o
 .debug_abbrev  0x0000115f      0x1c7 ./Generated_Code/TU1.o
 .debug_abbrev  0x00001326      0x179 ./Generated_Code/TU2.o
 .debug_abbrev  0x0000149f      0x18d ./Generated_Code/TimeDateLdd1.o

.debug_aranges  0x00000000      0x770
 .debug_aranges
                0x00000000       0x40 ./Static_Code/System/CPU_Init.o
 .debug_aranges
                0x00000040      0x340 ./Static_Code/System/Vectors.o
 .debug_aranges
                0x00000380       0x30 ./Sources/Events.o
 .debug_aranges
                0x000003b0       0x40 ./Sources/Phase_Shift_Algorithm.o
 .debug_aranges
                0x000003f0       0x20 ./Sources/main.o
 .debug_aranges
                0x00000410       0x50 ./Project_Settings/Startup_Code/startup.o
 .debug_aranges
                0x00000460       0x50 ./Generated_Code/AD1.o
 .debug_aranges
                0x000004b0       0x50 ./Generated_Code/ALGO.o
 .debug_aranges
                0x00000500       0x88 ./Generated_Code/AS1.o
 .debug_aranges
                0x00000588       0x50 ./Generated_Code/ASerialLdd1.o
 .debug_aranges
                0x000005d8       0x50 ./Generated_Code/AdcLdd1.o
 .debug_aranges
                0x00000628       0x28 ./Generated_Code/Cpu.o
 .debug_aranges
                0x00000650       0x28 ./Generated_Code/DacLdd1.o
 .debug_aranges
                0x00000678       0x30 ./Generated_Code/PE_LDD.o
 .debug_aranges
                0x000006a8       0x58 ./Generated_Code/TU1.o
 .debug_aranges
                0x00000700       0x38 ./Generated_Code/TU2.o
 .debug_aranges
                0x00000738       0x38 ./Generated_Code/TimeDateLdd1.o

.debug_ranges   0x00000000      0x660
 .debug_ranges  0x00000000       0x30 ./Static_Code/System/CPU_Init.o
 .debug_ranges  0x00000030      0x330 ./Static_Code/System/Vectors.o
 .debug_ranges  0x00000360       0x20 ./Sources/Events.o
 .debug_ranges  0x00000380       0x30 ./Sources/Phase_Shift_Algorithm.o
 .debug_ranges  0x000003b0       0x10 ./Sources/main.o
 .debug_ranges  0x000003c0       0x40 ./Project_Settings/Startup_Code/startup.o
 .debug_ranges  0x00000400       0x40 ./Generated_Code/AD1.o
 .debug_ranges  0x00000440       0x40 ./Generated_Code/ALGO.o
 .debug_ranges  0x00000480       0x78 ./Generated_Code/AS1.o
 .debug_ranges  0x000004f8       0x40 ./Generated_Code/ASerialLdd1.o
 .debug_ranges  0x00000538       0x40 ./Generated_Code/AdcLdd1.o
 .debug_ranges  0x00000578       0x18 ./Generated_Code/Cpu.o
 .debug_ranges  0x00000590       0x18 ./Generated_Code/DacLdd1.o
 .debug_ranges  0x000005a8       0x20 ./Generated_Code/PE_LDD.o
 .debug_ranges  0x000005c8       0x48 ./Generated_Code/TU1.o
 .debug_ranges  0x00000610       0x28 ./Generated_Code/TU2.o
 .debug_ranges  0x00000638       0x28 ./Generated_Code/TimeDateLdd1.o

.debug_macro    0x00000000    0x260f9
 .debug_macro   0x00000000      0x265 ./Static_Code/System/CPU_Init.o
 .debug_macro   0x00000265      0x856 ./Static_Code/System/CPU_Init.o
 .debug_macro   0x00000abb       0x16 ./Static_Code/System/CPU_Init.o
 .debug_macro   0x00000ad1       0x44 ./Static_Code/System/CPU_Init.o
 .debug_macro   0x00000b15      0x209 ./Static_Code/System/CPU_Init.o
 .debug_macro   0x00000d1e     0x179f ./Static_Code/System/CPU_Init.o
 .debug_macro   0x000024bd     0xbca7 ./Static_Code/System/CPU_Init.o
 .debug_macro   0x0000e164      0x4c6 ./Static_Code/System/CPU_Init.o
 .debug_macro   0x0000e62a      0x14e ./Static_Code/System/CPU_Init.o
 .debug_macro   0x0000e778       0x6a ./Static_Code/System/CPU_Init.o
 .debug_macro   0x0000e7e2       0x58 ./Static_Code/System/CPU_Init.o
 .debug_macro   0x0000e83a       0x35 ./Static_Code/System/CPU_Init.o
 .debug_macro   0x0000e86f       0xa3 ./Static_Code/System/CPU_Init.o
 .debug_macro   0x0000e912       0x16 ./Static_Code/System/CPU_Init.o
 .debug_macro   0x0000e928       0x3d ./Static_Code/System/CPU_Init.o
 .debug_macro   0x0000e965       0x65 ./Static_Code/System/CPU_Init.o
 .debug_macro   0x0000e9ca       0x20 ./Static_Code/System/CPU_Init.o
 .debug_macro   0x0000e9ea       0x94 ./Static_Code/System/CPU_Init.o
 .debug_macro   0x0000ea7e      0x6a0 ./Static_Code/System/CPU_Init.o
 .debug_macro   0x0000f11e       0x7a ./Static_Code/System/CPU_Init.o
 .debug_macro   0x0000f198       0x6f ./Static_Code/System/CPU_Init.o
 .debug_macro   0x0000f207      0x61c ./Static_Code/System/CPU_Init.o
 .debug_macro   0x0000f823       0x6d ./Static_Code/System/CPU_Init.o
 .debug_macro   0x0000f890       0x17 ./Static_Code/System/CPU_Init.o
 .debug_macro   0x0000f8a7      0x17f ./Static_Code/System/CPU_Init.o
 .debug_macro   0x0000fa26       0x23 ./Static_Code/System/CPU_Init.o
 .debug_macro   0x0000fa49       0x60 ./Static_Code/System/CPU_Init.o
 .debug_macro   0x0000faa9       0x26 ./Static_Code/System/CPU_Init.o
 .debug_macro   0x0000facf       0x2b ./Static_Code/System/CPU_Init.o
 .debug_macro   0x0000fafa       0xee ./Static_Code/System/CPU_Init.o
 .debug_macro   0x0000fbe8       0x1c ./Static_Code/System/CPU_Init.o
 .debug_macro   0x0000fc04      0x29e ./Static_Code/System/CPU_Init.o
 .debug_macro   0x0000fea2      0x253 ./Static_Code/System/Vectors.o
 .debug_macro   0x000100f5      0x375 ./Sources/Events.o
 .debug_macro   0x0001046a      0x616 ./Sources/Events.o
 .debug_macro   0x00010a80      0x6a6 ./Sources/Events.o
 .debug_macro   0x00011126       0x5a ./Sources/Events.o
 .debug_macro   0x00011180       0x80 ./Sources/Events.o
 .debug_macro   0x00011200      0x328 ./Sources/Events.o
 .debug_macro   0x00011528      0x109 ./Sources/Events.o
 .debug_macro   0x00011631      0x202 ./Sources/Events.o
 .debug_macro   0x00011833      0x91e ./Sources/Events.o
 .debug_macro   0x00012151       0x9e ./Sources/Events.o
 .debug_macro   0x000121ef      0x1f9 ./Sources/Events.o
 .debug_macro   0x000123e8      0x39c ./Sources/Events.o
 .debug_macro   0x00012784      0x132 ./Sources/Events.o
 .debug_macro   0x000128b6      0x29c ./Sources/Events.o
 .debug_macro   0x00012b52      0x264 ./Sources/Events.o
 .debug_macro   0x00012db6      0x25b ./Sources/Events.o
 .debug_macro   0x00013011      0x399 ./Sources/Events.o
 .debug_macro   0x000133aa      0x4f1 ./Sources/Events.o
 .debug_macro   0x0001389b      0x13f ./Sources/Events.o
 .debug_macro   0x000139da       0x6c ./Sources/Events.o
 .debug_macro   0x00013a46      0x30d ./Sources/Events.o
 .debug_macro   0x00013d53       0xbb ./Sources/Events.o
 .debug_macro   0x00013e0e       0xe9 ./Sources/Events.o
 .debug_macro   0x00013ef7      0x4ea ./Sources/Events.o
 .debug_macro   0x000143e1      0x18f ./Sources/Events.o
 .debug_macro   0x00014570       0xea ./Sources/Events.o
 .debug_macro   0x0001465a      0x344 ./Sources/Events.o
 .debug_macro   0x0001499e      0x824 ./Sources/Events.o
 .debug_macro   0x000151c2      0x179 ./Sources/Events.o
 .debug_macro   0x0001533b      0x9e2 ./Sources/Events.o
 .debug_macro   0x00015d1d      0x129 ./Sources/Events.o
 .debug_macro   0x00015e46      0x648 ./Sources/Events.o
 .debug_macro   0x0001648e       0x81 ./Sources/Events.o
 .debug_macro   0x0001650f      0x7bf ./Sources/Events.o
 .debug_macro   0x00016cce      0x66f ./Sources/Events.o
 .debug_macro   0x0001733d       0x7b ./Sources/Events.o
 .debug_macro   0x000173b8      0x182 ./Sources/Events.o
 .debug_macro   0x0001753a       0x6a ./Sources/Events.o
 .debug_macro   0x000175a4       0x10 ./Sources/Events.o
 .debug_macro   0x000175b4      0x2eb ./Sources/Phase_Shift_Algorithm.o
 .debug_macro   0x0001789f       0xd8 ./Sources/Phase_Shift_Algorithm.o
 .debug_macro   0x00017977      0x166 ./Sources/Phase_Shift_Algorithm.o
 .debug_macro   0x00017add       0x52 ./Sources/Phase_Shift_Algorithm.o
 .debug_macro   0x00017b2f       0x16 ./Sources/Phase_Shift_Algorithm.o
 .debug_macro   0x00017b45       0x43 ./Sources/Phase_Shift_Algorithm.o
 .debug_macro   0x00017b88      0x180 ./Sources/Phase_Shift_Algorithm.o
 .debug_macro   0x00017d08      0x2a0 ./Sources/Phase_Shift_Algorithm.o
 .debug_macro   0x00017fa8       0x10 ./Sources/Phase_Shift_Algorithm.o
 .debug_macro   0x00017fb8       0x35 ./Sources/Phase_Shift_Algorithm.o
 .debug_macro   0x00017fed       0xde ./Sources/Phase_Shift_Algorithm.o
 .debug_macro   0x000180cb       0xc8 ./Sources/Phase_Shift_Algorithm.o
 .debug_macro   0x00018193      0x359 ./Sources/main.o
 .debug_macro   0x000184ec      0x121 ./Project_Settings/Startup_Code/startup.o
 .debug_macro   0x0001860d       0x4a ./Project_Settings/Startup_Code/startup.o
 .debug_macro   0x00018657      0x2a6 ./Project_Settings/Startup_Code/startup.o
 .debug_macro   0x000188fd       0x16 ./Project_Settings/Startup_Code/startup.o
 .debug_macro   0x00018913       0x22 ./Project_Settings/Startup_Code/startup.o
 .debug_macro   0x00018935       0x10 ./Project_Settings/Startup_Code/startup.o
 .debug_macro   0x00018945      0x20f ./Project_Settings/Startup_Code/startup.o
 .debug_macro   0x00018b54     0xbc9b ./Project_Settings/Startup_Code/startup.o
 .debug_macro   0x000247ef      0x128 ./Generated_Code/AD1.o
 .debug_macro   0x00024917      0x232 ./Generated_Code/ALGO.o
 .debug_macro   0x00024b49      0x2b3 ./Generated_Code/AS1.o
 .debug_macro   0x00024dfc       0x5f ./Generated_Code/AS1.o
 .debug_macro   0x00024e5b      0x113 ./Generated_Code/ASerialLdd1.o
 .debug_macro   0x00024f6e       0x26 ./Generated_Code/ASerialLdd1.o
 .debug_macro   0x00024f94      0x7b9 ./Generated_Code/ASerialLdd1.o
 .debug_macro   0x0002574d      0x113 ./Generated_Code/AdcLdd1.o
 .debug_macro   0x00025860      0x240 ./Generated_Code/Cpu.o
 .debug_macro   0x00025aa0       0xfa ./Generated_Code/DacLdd1.o
 .debug_macro   0x00025b9a      0x200 ./Generated_Code/PE_LDD.o
 .debug_macro   0x00025d9a       0x37 ./Generated_Code/PE_LDD.o
 .debug_macro   0x00025dd1      0x110 ./Generated_Code/TU1.o
 .debug_macro   0x00025ee1      0x10f ./Generated_Code/TU2.o
 .debug_macro   0x00025ff0      0x109 ./Generated_Code/TimeDateLdd1.o

.debug_line     0x00000000     0x58b8
 .debug_line    0x00000000      0x60c ./Static_Code/System/CPU_Init.o
 .debug_line    0x0000060c      0xbab ./Static_Code/System/Vectors.o
 .debug_line    0x000011b7      0x685 ./Sources/Events.o
 .debug_line    0x0000183c      0x685 ./Sources/Phase_Shift_Algorithm.o
 .debug_line    0x00001ec1      0x61c ./Sources/main.o
 .debug_line    0x000024dd      0x3c6 ./Project_Settings/Startup_Code/startup.o
 .debug_line    0x000028a3      0x3cf ./Generated_Code/AD1.o
 .debug_line    0x00002c72      0x513 ./Generated_Code/ALGO.o
 .debug_line    0x00003185      0x6e1 ./Generated_Code/AS1.o
 .debug_line    0x00003866      0x44d ./Generated_Code/ASerialLdd1.o
 .debug_line    0x00003cb3      0x3e6 ./Generated_Code/AdcLdd1.o
 .debug_line    0x00004099      0x4ed ./Generated_Code/Cpu.o
 .debug_line    0x00004586      0x34c ./Generated_Code/DacLdd1.o
 .debug_line    0x000048d2      0x4a0 ./Generated_Code/PE_LDD.o
 .debug_line    0x00004d72      0x3f3 ./Generated_Code/TU1.o
 .debug_line    0x00005165      0x393 ./Generated_Code/TU2.o
 .debug_line    0x000054f8      0x3c0 ./Generated_Code/TimeDateLdd1.o

.debug_str      0x00000000    0xbe941
 .debug_str     0x00000000    0x5dee9 ./Static_Code/System/CPU_Init.o
                              0x5e0e6 (size before relaxing)
 .debug_str     0x0005dee9      0x980 ./Static_Code/System/Vectors.o
                              0x5e507 (size before relaxing)
 .debug_str     0x0005e869    0x5ba35 ./Sources/Events.o
                              0xb87d2 (size before relaxing)
 .debug_str     0x000ba29e     0x3419 ./Sources/Phase_Shift_Algorithm.o
                              0x6014b (size before relaxing)
 .debug_str     0x000bd6b7       0x1f ./Sources/main.o
                              0xb8586 (size before relaxing)
 .debug_str     0x000bd6d6      0x1c2 ./Project_Settings/Startup_Code/startup.o
                              0x45bd0 (size before relaxing)
 .debug_str     0x000bd898      0x12f ./Generated_Code/AD1.o
                              0x516b6 (size before relaxing)
 .debug_str     0x000bd9c7      0x14c ./Generated_Code/ALGO.o
                              0x5ccd9 (size before relaxing)
 .debug_str     0x000bdb13      0x2d0 ./Generated_Code/AS1.o
                              0x5ce8a (size before relaxing)
 .debug_str     0x000bdde3      0x33c ./Generated_Code/ASerialLdd1.o
                              0x5b56d (size before relaxing)
 .debug_str     0x000be11f      0x2aa ./Generated_Code/AdcLdd1.o
                              0x51970 (size before relaxing)
 .debug_str     0x000be3c9       0x28 ./Generated_Code/Cpu.o
                              0x5cb63 (size before relaxing)
 .debug_str     0x000be3f1       0xac ./Generated_Code/DacLdd1.o
                              0x4e279 (size before relaxing)
 .debug_str     0x000be49d      0x15f ./Generated_Code/PE_LDD.o
                              0x5ccc7 (size before relaxing)
 .debug_str     0x000be5fc      0x1d2 ./Generated_Code/TU1.o
                              0x55c9d (size before relaxing)
 .debug_str     0x000be7ce       0x7b ./Generated_Code/TU2.o
                              0x55a6a (size before relaxing)
 .debug_str     0x000be849       0xf8 ./Generated_Code/TimeDateLdd1.o
                              0x558e5 (size before relaxing)

.comment        0x00000000       0x70
 .comment       0x00000000       0x70 ./Static_Code/System/CPU_Init.o
                                 0x71 (size before relaxing)
 .comment       0x00000000       0x71 ./Static_Code/System/Vectors.o
 .comment       0x00000000       0x71 ./Sources/Events.o
 .comment       0x00000000       0x71 ./Sources/Phase_Shift_Algorithm.o
 .comment       0x00000000       0x71 ./Sources/main.o
 .comment       0x00000000       0x71 ./Project_Settings/Startup_Code/startup.o
 .comment       0x00000000       0x71 ./Generated_Code/AD1.o
 .comment       0x00000000       0x71 ./Generated_Code/ALGO.o
 .comment       0x00000000       0x71 ./Generated_Code/AS1.o
 .comment       0x00000000       0x71 ./Generated_Code/ASerialLdd1.o
 .comment       0x00000000       0x71 ./Generated_Code/AdcLdd1.o
 .comment       0x00000000       0x71 ./Generated_Code/Cpu.o
 .comment       0x00000000       0x71 ./Generated_Code/DacLdd1.o
 .comment       0x00000000       0x71 ./Generated_Code/PE_LDD.o
 .comment       0x00000000       0x71 ./Generated_Code/TU1.o
 .comment       0x00000000       0x71 ./Generated_Code/TU2.o
 .comment       0x00000000       0x71 ./Generated_Code/TimeDateLdd1.o

.debug_frame    0x00000000     0x1ab8
 .debug_frame   0x00000000       0x9c ./Static_Code/System/CPU_Init.o
 .debug_frame   0x0000009c      0xcb0 ./Static_Code/System/Vectors.o
 .debug_frame   0x00000d4c       0x68 ./Sources/Events.o
 .debug_frame   0x00000db4       0xa8 ./Sources/Phase_Shift_Algorithm.o
 .debug_frame   0x00000e5c       0x2c ./Sources/main.o
 .debug_frame   0x00000e88       0xc0 ./Project_Settings/Startup_Code/startup.o
 .debug_frame   0x00000f48       0xe0 ./Generated_Code/AD1.o
 .debug_frame   0x00001028       0xf0 ./Generated_Code/ALGO.o
 .debug_frame   0x00001118      0x1ac ./Generated_Code/AS1.o
 .debug_frame   0x000012c4       0xec ./Generated_Code/ASerialLdd1.o
 .debug_frame   0x000013b0       0xd4 ./Generated_Code/AdcLdd1.o
 .debug_frame   0x00001484       0x50 ./Generated_Code/Cpu.o
 .debug_frame   0x000014d4       0x48 ./Generated_Code/DacLdd1.o
 .debug_frame   0x0000151c       0x64 ./Generated_Code/PE_LDD.o
 .debug_frame   0x00001580       0xf8 ./Generated_Code/TU1.o
 .debug_frame   0x00001678       0x88 ./Generated_Code/TU2.o
 .debug_frame   0x00001700       0x8c ./Generated_Code/TimeDateLdd1.o
 .debug_frame   0x0000178c       0x28 c:/freescale/kds_v3/toolchain/bin/../lib/gcc/arm-none-eabi/4.8.4/../../../../arm-none-eabi/lib/armv7e-m/fpu\libm.a(lib_a-s_cos.o)
 .debug_frame   0x000017b4       0x38 c:/freescale/kds_v3/toolchain/bin/../lib/gcc/arm-none-eabi/4.8.4/../../../../arm-none-eabi/lib/armv7e-m/fpu\libm.a(lib_a-w_exp.o)
 .debug_frame   0x000017ec       0x38 c:/freescale/kds_v3/toolchain/bin/../lib/gcc/arm-none-eabi/4.8.4/../../../../arm-none-eabi/lib/armv7e-m/fpu\libm.a(lib_a-e_exp.o)
 .debug_frame   0x00001824       0x38 c:/freescale/kds_v3/toolchain/bin/../lib/gcc/arm-none-eabi/4.8.4/../../../../arm-none-eabi/lib/armv7e-m/fpu\libm.a(lib_a-e_rem_pio2.o)
 .debug_frame   0x0000185c       0x40 c:/freescale/kds_v3/toolchain/bin/../lib/gcc/arm-none-eabi/4.8.4/../../../../arm-none-eabi/lib/armv7e-m/fpu\libm.a(lib_a-k_cos.o)
 .debug_frame   0x0000189c       0x3c c:/freescale/kds_v3/toolchain/bin/../lib/gcc/arm-none-eabi/4.8.4/../../../../arm-none-eabi/lib/armv7e-m/fpu\libm.a(lib_a-k_rem_pio2.o)
 .debug_frame   0x000018d8       0x40 c:/freescale/kds_v3/toolchain/bin/../lib/gcc/arm-none-eabi/4.8.4/../../../../arm-none-eabi/lib/armv7e-m/fpu\libm.a(lib_a-k_sin.o)
 .debug_frame   0x00001918       0x20 c:/freescale/kds_v3/toolchain/bin/../lib/gcc/arm-none-eabi/4.8.4/../../../../arm-none-eabi/lib/armv7e-m/fpu\libm.a(lib_a-s_fabs.o)
 .debug_frame   0x00001938       0x20 c:/freescale/kds_v3/toolchain/bin/../lib/gcc/arm-none-eabi/4.8.4/../../../../arm-none-eabi/lib/armv7e-m/fpu\libm.a(lib_a-s_finite.o)
 .debug_frame   0x00001958       0x38 c:/freescale/kds_v3/toolchain/bin/../lib/gcc/arm-none-eabi/4.8.4/../../../../arm-none-eabi/lib/armv7e-m/fpu\libm.a(lib_a-s_floor.o)
 .debug_frame   0x00001990       0x20 c:/freescale/kds_v3/toolchain/bin/../lib/gcc/arm-none-eabi/4.8.4/../../../../arm-none-eabi/lib/armv7e-m/fpu\libm.a(lib_a-s_matherr.o)
 .debug_frame   0x000019b0       0x2c c:/freescale/kds_v3/toolchain/bin/../lib/gcc/arm-none-eabi/4.8.4/../../../../arm-none-eabi/lib/armv7e-m/fpu\libm.a(lib_a-s_scalbn.o)
 .debug_frame   0x000019dc       0x28 c:/freescale/kds_v3/toolchain/bin/../lib/gcc/arm-none-eabi/4.8.4/../../../../arm-none-eabi/lib/armv7e-m/fpu\libm.a(lib_a-s_copysign.o)
 .debug_frame   0x00001a04       0x20 c:/freescale/kds_v3/toolchain/bin/../lib/gcc/arm-none-eabi/4.8.4/../../../../arm-none-eabi/lib/armv7e-m/fpu\libg_s.a(lib_a-errno.o)
 .debug_frame   0x00001a24       0x28 c:/freescale/kds_v3/toolchain/bin/../lib/gcc/arm-none-eabi/4.8.4/../../../../arm-none-eabi/lib/armv7e-m/fpu\libg_s.a(lib_a-exit.o)
 .debug_frame   0x00001a4c       0x2c c:/freescale/kds_v3/toolchain/bin/../lib/gcc/arm-none-eabi/4.8.4/../../../../arm-none-eabi/lib/armv7e-m/fpu\libg_s.a(lib_a-init.o)
 .debug_frame   0x00001a78       0x20 c:/freescale/kds_v3/toolchain/bin/../lib/gcc/arm-none-eabi/4.8.4/../../../../arm-none-eabi/lib/armv7e-m/fpu\libg_s.a(lib_a-memset.o)
 .debug_frame   0x00001a98       0x20 c:/freescale/kds_v3/toolchain/bin/../lib/gcc/arm-none-eabi/4.8.4/../../../../arm-none-eabi/lib/armv7e-m/fpu\libnosys.a(_exit.o)
