Archive member included because of file (symbol)

c:/freescale/kds_v3/toolchain/bin/../lib/gcc/arm-none-eabi/4.8.4/../../../../arm-none-eabi/lib/armv7e-m/fpu\libm.a(lib_a-s_cos.o)
                              ./Sources/Phase_Shift_Algorithm.o (cos)
c:/freescale/kds_v3/toolchain/bin/../lib/gcc/arm-none-eabi/4.8.4/../../../../arm-none-eabi/lib/armv7e-m/fpu\libm.a(lib_a-w_exp.o)
                              ./Sources/Phase_Shift_Algorithm.o (exp)
c:/freescale/kds_v3/toolchain/bin/../lib/gcc/arm-none-eabi/4.8.4/../../../../arm-none-eabi/lib/armv7e-m/fpu\libm.a(lib_a-e_exp.o)
                              c:/freescale/kds_v3/toolchain/bin/../lib/gcc/arm-none-eabi/4.8.4/../../../../arm-none-eabi/lib/armv7e-m/fpu\libm.a(lib_a-w_exp.o) (__ieee754_exp)
c:/freescale/kds_v3/toolchain/bin/../lib/gcc/arm-none-eabi/4.8.4/../../../../arm-none-eabi/lib/armv7e-m/fpu\libm.a(lib_a-e_rem_pio2.o)
                              c:/freescale/kds_v3/toolchain/bin/../lib/gcc/arm-none-eabi/4.8.4/../../../../arm-none-eabi/lib/armv7e-m/fpu\libm.a(lib_a-s_cos.o) (__ieee754_rem_pio2)
c:/freescale/kds_v3/toolchain/bin/../lib/gcc/arm-none-eabi/4.8.4/../../../../arm-none-eabi/lib/armv7e-m/fpu\libm.a(lib_a-k_cos.o)
                              c:/freescale/kds_v3/toolchain/bin/../lib/gcc/arm-none-eabi/4.8.4/../../../../arm-none-eabi/lib/armv7e-m/fpu\libm.a(lib_a-s_cos.o) (__kernel_cos)
c:/freescale/kds_v3/toolchain/bin/../lib/gcc/arm-none-eabi/4.8.4/../../../../arm-none-eabi/lib/armv7e-m/fpu\libm.a(lib_a-k_rem_pio2.o)
                              c:/freescale/kds_v3/toolchain/bin/../lib/gcc/arm-none-eabi/4.8.4/../../../../arm-none-eabi/lib/armv7e-m/fpu\libm.a(lib_a-e_rem_pio2.o) (__kernel_rem_pio2)
c:/freescale/kds_v3/toolchain/bin/../lib/gcc/arm-none-eabi/4.8.4/../../../../arm-none-eabi/lib/armv7e-m/fpu\libm.a(lib_a-k_sin.o)
                              c:/freescale/kds_v3/toolchain/bin/../lib/gcc/arm-none-eabi/4.8.4/../../../../arm-none-eabi/lib/armv7e-m/fpu\libm.a(lib_a-s_cos.o) (__kernel_sin)
c:/freescale/kds_v3/toolchain/bin/../lib/gcc/arm-none-eabi/4.8.4/../../../../arm-none-eabi/lib/armv7e-m/fpu\libm.a(lib_a-s_fabs.o)
                              c:/freescale/kds_v3/toolchain/bin/../lib/gcc/arm-none-eabi/4.8.4/../../../../arm-none-eabi/lib/armv7e-m/fpu\libm.a(lib_a-e_rem_pio2.o) (fabs)
c:/freescale/kds_v3/toolchain/bin/../lib/gcc/arm-none-eabi/4.8.4/../../../../arm-none-eabi/lib/armv7e-m/fpu\libm.a(lib_a-s_finite.o)
                              c:/freescale/kds_v3/toolchain/bin/../lib/gcc/arm-none-eabi/4.8.4/../../../../arm-none-eabi/lib/armv7e-m/fpu\libm.a(lib_a-w_exp.o) (finite)
c:/freescale/kds_v3/toolchain/bin/../lib/gcc/arm-none-eabi/4.8.4/../../../../arm-none-eabi/lib/armv7e-m/fpu\libm.a(lib_a-s_floor.o)
                              c:/freescale/kds_v3/toolchain/bin/../lib/gcc/arm-none-eabi/4.8.4/../../../../arm-none-eabi/lib/armv7e-m/fpu\libm.a(lib_a-k_rem_pio2.o) (floor)
c:/freescale/kds_v3/toolchain/bin/../lib/gcc/arm-none-eabi/4.8.4/../../../../arm-none-eabi/lib/armv7e-m/fpu\libm.a(lib_a-s_lib_ver.o)
                              c:/freescale/kds_v3/toolchain/bin/../lib/gcc/arm-none-eabi/4.8.4/../../../../arm-none-eabi/lib/armv7e-m/fpu\libm.a(lib_a-w_exp.o) (__fdlib_version)
c:/freescale/kds_v3/toolchain/bin/../lib/gcc/arm-none-eabi/4.8.4/../../../../arm-none-eabi/lib/armv7e-m/fpu\libm.a(lib_a-s_matherr.o)
                              c:/freescale/kds_v3/toolchain/bin/../lib/gcc/arm-none-eabi/4.8.4/../../../../arm-none-eabi/lib/armv7e-m/fpu\libm.a(lib_a-w_exp.o) (matherr)
c:/freescale/kds_v3/toolchain/bin/../lib/gcc/arm-none-eabi/4.8.4/../../../../arm-none-eabi/lib/armv7e-m/fpu\libm.a(lib_a-s_scalbn.o)
                              c:/freescale/kds_v3/toolchain/bin/../lib/gcc/arm-none-eabi/4.8.4/../../../../arm-none-eabi/lib/armv7e-m/fpu\libm.a(lib_a-k_rem_pio2.o) (scalbn)
c:/freescale/kds_v3/toolchain/bin/../lib/gcc/arm-none-eabi/4.8.4/../../../../arm-none-eabi/lib/armv7e-m/fpu\libm.a(lib_a-s_copysign.o)
                              c:/freescale/kds_v3/toolchain/bin/../lib/gcc/arm-none-eabi/4.8.4/../../../../arm-none-eabi/lib/armv7e-m/fpu\libm.a(lib_a-s_scalbn.o) (copysign)
c:/freescale/kds_v3/toolchain/bin/../lib/gcc/arm-none-eabi/4.8.4/armv7e-m/fpu\libgcc.a(_arm_addsubdf3.o)
                              c:/freescale/kds_v3/toolchain/bin/../lib/gcc/arm-none-eabi/4.8.4/../../../../arm-none-eabi/lib/armv7e-m/fpu\libm.a(lib_a-s_cos.o) (__aeabi_dsub)
c:/freescale/kds_v3/toolchain/bin/../lib/gcc/arm-none-eabi/4.8.4/armv7e-m/fpu\libgcc.a(_arm_muldivdf3.o)
                              c:/freescale/kds_v3/toolchain/bin/../lib/gcc/arm-none-eabi/4.8.4/../../../../arm-none-eabi/lib/armv7e-m/fpu\libm.a(lib_a-e_exp.o) (__aeabi_dmul)
c:/freescale/kds_v3/toolchain/bin/../lib/gcc/arm-none-eabi/4.8.4/armv7e-m/fpu\libgcc.a(_arm_cmpdf2.o)
                              c:/freescale/kds_v3/toolchain/bin/../lib/gcc/arm-none-eabi/4.8.4/../../../../arm-none-eabi/lib/armv7e-m/fpu\libm.a(lib_a-e_rem_pio2.o) (__aeabi_dcmpeq)
[...]
Memory Configuration

Name             Origin             Length             Attributes
m_interrupts     0x00000000         0x00000198         xr
m_text           0x00000410         0x0007fbf0         xr
m_data           0x1fff0000         0x00010000         rw
m_data_20000000  0x20000000         0x00010000         rw
m_cfmprotrom     0x00000400         0x00000010         xr
*default*        0x00000000         0xffffffff

Linker script and memory map

LOAD c:/freescale/kds_v3/toolchain/bin/../lib/gcc/arm-none-eabi/4.8.4/armv7e-m/fpu/crti.o
LOAD c:/freescale/kds_v3/toolchain/bin/../lib/gcc/arm-none-eabi/4.8.4/armv7e-m/fpu/crtbegin.o
LOAD c:/freescale/kds_v3/toolchain/bin/../lib/gcc/arm-none-eabi/4.8.4/../../../../arm-none-eabi/lib/armv7e-m/fpu/crt0.o
LOAD ./Static_Code/System/CPU_Init.o
LOAD ./Static_Code/System/Peripherals_Init.o
LOAD ./Static_Code/System/Vectors.o
LOAD ./Sources/ASIC.o
LOAD ./Sources/Events.o
LOAD ./Sources/IO.o
LOAD ./Sources/LED_Calibration.o
LOAD ./Sources/LTC2624.o
LOAD ./Sources/Phase_Shift_Algorithm.o
LOAD ./Sources/SW_Info.o
LOAD ./Sources/main.o
LOAD ./Project_Settings/Startup_Code/startup.o
LOAD ./Generated_Code/AD1.o
LOAD ./Generated_Code/AD2.o
LOAD ./Generated_Code/ALGO.o
LOAD ./Generated_Code/AS1.o
LOAD ./Generated_Code/ASerialLdd1.o
LOAD ./Generated_Code/AdcLdd1.o
LOAD ./Generated_Code/AdcLdd2.o
LOAD ./Generated_Code/BitIoLdd1.o
LOAD ./Generated_Code/BitIoLdd10.o
LOAD ./Generated_Code/BitIoLdd11.o
LOAD ./Generated_Code/BitIoLdd12.o
LOAD ./Generated_Code/BitIoLdd13.o
LOAD ./Generated_Code/BitIoLdd14.o
LOAD ./Generated_Code/BitIoLdd15.o
LOAD ./Generated_Code/BitIoLdd16.o
LOAD ./Generated_Code/BitIoLdd17.o
LOAD ./Generated_Code/BitIoLdd2.o
LOAD ./Generated_Code/BitIoLdd3.o
LOAD ./Generated_Code/BitIoLdd4.o
LOAD ./Generated_Code/BitIoLdd5.o
LOAD ./Generated_Code/BitIoLdd6.o
LOAD ./Generated_Code/BitIoLdd7.o
LOAD ./Generated_Code/BitIoLdd8.o
LOAD ./Generated_Code/BitIoLdd9.o
LOAD ./Generated_Code/CANDO3_CLK.o
LOAD ./Generated_Code/CANDO3_CS1.o
LOAD ./Generated_Code/CANDO3_CS2.o
LOAD ./Generated_Code/CANDO3_CS3.o
LOAD ./Generated_Code/CANDO3_CS4.o
LOAD ./Generated_Code/CANDO3_RST.o
LOAD ./Generated_Code/CANDO3_interface.o
LOAD ./Generated_Code/Cpu.o
LOAD ./Generated_Code/DA1.o
LOAD ./Generated_Code/DAC_CLR.o
LOAD ./Generated_Code/DAC_CS.o
LOAD ./Generated_Code/DAC_interface.o
LOAD ./Generated_Code/DConnector_1.o
LOAD ./Generated_Code/DConnector_2.o
LOAD ./Generated_Code/DConnector_3.o
LOAD ./Generated_Code/DConnector_4.o
LOAD ./Generated_Code/DConnector_5.o
LOAD ./Generated_Code/DConnector_6.o
LOAD ./Generated_Code/DConnector_7.o
LOAD ./Generated_Code/DConnector_8.o
LOAD ./Generated_Code/DacLdd1.o
LOAD ./Generated_Code/LED_GREEN.o
LOAD ./Generated_Code/LED_RED.o
LOAD ./Generated_Code/MCUC1.o
LOAD ./Generated_Code/PE_LDD.o
LOAD ./Generated_Code/Pins1.o
LOAD ./Generated_Code/SMasterLdd1.o
LOAD ./Generated_Code/SMasterLdd2.o
LOAD ./Generated_Code/TU1.o
LOAD ./Generated_Code/WAIT1.o
LOAD D:\RCS_workspace\ARM.CMSIS.5.5.1\CMSIS/DSP/Lib/GCC\libarm_cortexM4lf_math.a
LOAD c:/freescale/kds_v3/toolchain/bin/../lib/gcc/arm-none-eabi/4.8.4/../../../../arm-none-eabi/lib/armv7e-m/fpu\libstdc++_s.a
LOAD c:/freescale/kds_v3/toolchain/bin/../lib/gcc/arm-none-eabi/4.8.4/../../../../arm-none-eabi/lib/armv7e-m/fpu\libm.a
START GROUP
LOAD c:/freescale/kds_v3/toolchain/bin/../lib/gcc/arm-none-eabi/4.8.4/armv7e-m/fpu\libgcc.a
LOAD c:/freescale/kds_v3/toolchain/bin/../lib/gcc/arm-none-eabi/4.8.4/../../../../arm-none-eabi/lib/armv7e-m/fpu\libg_s.a
LOAD c:/freescale/kds_v3/toolchain/bin/../lib/gcc/arm-none-eabi/4.8.4/../../../../arm-none-eabi/lib/armv7e-m/fpu\libc_s.a
END GROUP
START GROUP
LOAD c:/freescale/kds_v3/toolchain/bin/../lib/gcc/arm-none-eabi/4.8.4/armv7e-m/fpu\libgcc.a
LOAD c:/freescale/kds_v3/toolchain/bin/../lib/gcc/arm-none-eabi/4.8.4/../../../../arm-none-eabi/lib/armv7e-m/fpu\libc_s.a
LOAD c:/freescale/kds_v3/toolchain/bin/../lib/gcc/arm-none-eabi/4.8.4/../../../../arm-none-eabi/lib/armv7e-m/fpu\libnosys.a
END GROUP
START GROUP
LOAD c:/freescale/kds_v3/toolchain/bin/../lib/gcc/arm-none-eabi/4.8.4/armv7e-m/fpu\libgcc.a
LOAD c:/freescale/kds_v3/toolchain/bin/../lib/gcc/arm-none-eabi/4.8.4/../../../../arm-none-eabi/lib/armv7e-m/fpu\libc_s.a
LOAD c:/freescale/kds_v3/toolchain/bin/../lib/gcc/arm-none-eabi/4.8.4/../../../../arm-none-eabi/lib/armv7e-m/fpu\libnosys.a
END GROUP
LOAD c:/freescale/kds_v3/toolchain/bin/../lib/gcc/arm-none-eabi/4.8.4/armv7e-m/fpu/crtend.o
LOAD c:/freescale/kds_v3/toolchain/bin/../lib/gcc/arm-none-eabi/4.8.4/armv7e-m/fpu/crtn.o
                0x20000000                _estack = 0x20000000
                0x20000000                __SP_INIT = _estack
                0x20000000                __stack = _estack
                0x00000000                __heap_size = 0x0
                0x00000400                __stack_size = 0x400

.interrupts     0x00000000      0x198
                0x00000000                __vector_table = .
                0x00000000                . = ALIGN (0x4)
 *(.vectortable)
 .vectortable   0x00000000      0x198 ./Static_Code/System/Vectors.o
                0x00000000                __vect_table
                0x00000198                . = ALIGN (0x4)

.cfmprotect     0x00000400       0x10
                0x00000400                . = ALIGN (0x4)
 *(.cfmconfig)
 .cfmconfig     0x00000400       0x10 ./Static_Code/System/CPU_Init.o
                0x00000400                _cfm
                0x00000410                . = ALIGN (0x4)

.text           0x00000410     0x7cd0
                0x00000410                . = ALIGN (0x4)
 *(.text)
 .text          0x00000410       0x54 c:/freescale/kds_v3/toolchain/bin/../lib/gcc/arm-none-eabi/4.8.4/armv7e-m/fpu/crtbegin.o
 .text          0x00000464       0x74 c:/freescale/kds_v3/toolchain/bin/../lib/gcc/arm-none-eabi/4.8.4/../../../../arm-none-eabi/lib/armv7e-m/fpu/crt0.o
                0x00000464                _start
                0x00000464                _mainCRTStartup
 .text          0x000004d8      0x370 c:/freescale/kds_v3/toolchain/bin/../lib/gcc/arm-none-eabi/4.8.4/armv7e-m/fpu\libgcc.a(_arm_addsubdf3.o)
                0x000004d8                __aeabi_drsub
                0x000004e0                __aeabi_dsub
                0x000004e0                __subdf3
                0x000004e4                __aeabi_dadd
                0x000004e4                __adddf3
                0x0000075c                __floatunsidf
                0x0000075c                __aeabi_ui2d
                0x0000077c                __floatsidf
                0x0000077c                __aeabi_i2d
                0x000007a0                __aeabi_f2d
                0x000007a0                __extendsfdf2
                0x000007dc                __floatundidf
                0x000007dc                __aeabi_ul2d
                0x000007ec                __floatdidf
                0x000007ec                __aeabi_l2d
 .text          0x00000848      0x424 c:/freescale/kds_v3/toolchain/bin/../lib/gcc/arm-none-eabi/4.8.4/armv7e-m/fpu\libgcc.a(_arm_muldivdf3.o)
                0x00000848                __aeabi_dmul
                0x00000848                __muldf3
                0x00000a9c                __divdf3
                0x00000a9c                __aeabi_ddiv
 .text          0x00000c6c      0x110 c:/freescale/kds_v3/toolchain/bin/../lib/gcc/arm-none-eabi/4.8.4/armv7e-m/fpu\libgcc.a(_arm_cmpdf2.o)
                0x00000c6c                __gtdf2
                0x00000c6c                __gedf2
                0x00000c74                __ltdf2
                0x00000c74                __ledf2
                0x00000c7c                __nedf2
                0x00000c7c                __eqdf2
                0x00000c7c                __cmpdf2
                0x00000cf8                __aeabi_cdrcmple
                0x00000d08                __aeabi_cdcmpeq
                0x00000d08                __aeabi_cdcmple
                0x00000d18                __aeabi_dcmpeq
                0x00000d2c                __aeabi_dcmplt
                0x00000d40                __aeabi_dcmple
                0x00000d54                __aeabi_dcmpge
                0x00000d68                __aeabi_dcmpgt
 .text          0x00000d7c       0x50 c:/freescale/kds_v3/toolchain/bin/../lib/gcc/arm-none-eabi/4.8.4/armv7e-m/fpu\libgcc.a(_arm_fixdfsi.o)
                0x00000d7c                __aeabi_d2iz
                0x00000d7c                __fixdfsi
 .text          0x00000dcc       0xa0 c:/freescale/kds_v3/toolchain/bin/../lib/gcc/arm-none-eabi/4.8.4/armv7e-m/fpu\libgcc.a(_arm_truncdfsf2.o)
                0x00000dcc                __truncdfsf2
                0x00000dcc                __aeabi_d2f
 *(.text*)
 .text.CPU_SetBASEPRI
                0x00000e6c       0x18 ./Static_Code/System/CPU_Init.o
                0x00000e6c                CPU_SetBASEPRI
 .text.__init_hardware
                0x00000e84       0xb8 ./Static_Code/System/CPU_Init.o
                0x00000e84                __init_hardware
 .text.PE_low_level_init
                0x00000f3c       0x44 ./Static_Code/System/CPU_Init.o
                0x00000f3c                PE_low_level_init
 .text.CPU_GetClockGenMode
                0x00000f80       0x90 ./Static_Code/System/CPU_Init.o
                0x00000f80                CPU_GetClockGenMode
 .text.CPU_SetClockConfigGenMode
                0x00001010      0x54c ./Static_Code/System/CPU_Init.o
                0x00001010                CPU_SetClockConfigGenMode
 .text.UnhandledInterrupt
                0x0000155c       0x18 ./Static_Code/System/Vectors.o
                0x0000155c                UnhandledInterrupt
 .text.enable_ASIC
                0x00001574       0x60 ./Sources/ASIC.o
                0x00001574                enable_ASIC
 .text.resetASIC
                0x000015d4       0x50 ./Sources/ASIC.o
                0x000015d4                resetASIC
 .text.setAnalogue
                0x00001624       0x3c ./Sources/ASIC.o
                0x00001624                setAnalogue
 .text.configRec
                0x00001660       0x3c ./Sources/ASIC.o
                0x00001660                configRec
 .text.setSamplFreq
                0x0000169c       0x3c ./Sources/ASIC.o
                0x0000169c                setSamplFreq
 .text.readLFP  0x000016d8       0x3c ./Sources/ASIC.o
                0x000016d8                readLFP
 .text.LED1_GND_tissue1
                0x00001714       0x18 ./Sources/ASIC.o
                0x00001714                LED1_GND_tissue1
 .text.LED2_GND_tissue1
                0x0000172c       0x18 ./Sources/ASIC.o
                0x0000172c                LED2_GND_tissue1
 .text.LED3_GND_tissue1
                0x00001744       0x18 ./Sources/ASIC.o
                0x00001744                LED3_GND_tissue1
 .text.LED4_GND_tissue1
                0x0000175c       0x18 ./Sources/ASIC.o
                0x0000175c                LED4_GND_tissue1
 .text.LED5_GND_tissue1
                0x00001774       0x18 ./Sources/ASIC.o
                0x00001774                LED5_GND_tissue1
 .text.LED6_GND_tissue1
                0x0000178c       0x18 ./Sources/ASIC.o
                0x0000178c                LED6_GND_tissue1
 .text.LED7_GND_tissue1
                0x000017a4       0x18 ./Sources/ASIC.o
                0x000017a4                LED7_GND_tissue1
 .text.LED1_forward
                0x000017bc       0x18 ./Sources/ASIC.o
                0x000017bc                LED1_forward
 .text.LED2_forward
                0x000017d4       0x18 ./Sources/ASIC.o
                0x000017d4                LED2_forward
 .text.LED3_forward
                0x000017ec       0x18 ./Sources/ASIC.o
                0x000017ec                LED3_forward
 .text.LED4_forward
                0x00001804       0x18 ./Sources/ASIC.o
                0x00001804                LED4_forward
 .text.LED5_forward
                0x0000181c       0x18 ./Sources/ASIC.o
                0x0000181c                LED5_forward
 .text.LED6_forward
                0x00001834       0x18 ./Sources/ASIC.o
                0x00001834                LED6_forward
 .text.LED7_forward
                0x0000184c       0x18 ./Sources/ASIC.o
                0x0000184c                LED7_forward
 .text.setStimDAC
                0x00001864       0x6c ./Sources/ASIC.o
                0x00001864                setStimDAC
 .text.LEDOff   0x000018d0       0x40 ./Sources/ASIC.o
                0x000018d0                LEDOff
 .text.LEDOn    0x00001910       0x40 ./Sources/ASIC.o
                0x00001910                LEDOn
 .text.send_packet
                0x00001950       0x58 ./Sources/ASIC.o
                0x00001950                send_packet
 .text.recv_packet
                0x000019a8       0x48 ./Sources/ASIC.o
                0x000019a8                recv_packet
 .text.Cpu_OnNMI
                0x000019f0        0xc ./Sources/Events.o
                0x000019f0                Cpu_OnNMI
 .text.ALGO_OnInterrupt
                0x000019fc      0x4bc ./Sources/Events.o
                0x000019fc                ALGO_OnInterrupt
 .text.AS1_OnError
                0x00001eb8        0xc ./Sources/Events.o
                0x00001eb8                AS1_OnError
 .text.CANDO3_interface_OnError
                0x00001ec4        0xc ./Sources/Events.o
                0x00001ec4                CANDO3_interface_OnError
 .text.DAC_interface_OnError
                0x00001ed0        0xc ./Sources/Events.o
                0x00001ed0                DAC_interface_OnError
 .text.init_rec
                0x00001edc       0x28 ./Sources/IO.o
                0x00001edc                init_rec
 .text.set_amplifier_ch0
                0x00001f04      0x100 ./Sources/IO.o
                0x00001f04                set_amplifier_ch0
 .text.set_amplifier_ch1
                0x00002004       0xfc ./Sources/IO.o
                0x00002004                set_amplifier_ch1
 .text.record   0x00002100      0x160 ./Sources/IO.o
                0x00002100                record
 .text.stimulate
                0x00002260      0x1d0 ./Sources/IO.o
                0x00002260                stimulate
 .text.choose_device
                0x00002430       0x68 ./Sources/IO.o
                0x00002430                choose_device
 .text.ltc2624_init
                0x00002498       0x44 ./Sources/LTC2624.o
                0x00002498                ltc2624_init
 .text.ltc2624_powerDownAll
                0x000024dc       0x68 ./Sources/LTC2624.o
                0x000024dc                ltc2624_powerDownAll
 .text.ltc2624_setValAndUpdate
                0x00002544       0x98 ./Sources/LTC2624.o
                0x00002544                ltc2624_setValAndUpdate
 .text.ltc2624_setValAndUpdateAll
                0x000025dc       0x7c ./Sources/LTC2624.o
                0x000025dc                ltc2624_setValAndUpdateAll
 .text.convIntFloat
                0x00002658       0x4c ./Sources/Phase_Shift_Algorithm.o
                0x00002658                convIntFloat
 .text.convFloatInt
                0x000026a4       0x3c ./Sources/Phase_Shift_Algorithm.o
                0x000026a4                convFloatInt
 .text.init_kernel
                0x000026e0      0x328 ./Sources/Phase_Shift_Algorithm.o
                0x000026e0                init_kernel
 .text.update_param
                0x00002a08      0x1d4 ./Sources/Phase_Shift_Algorithm.o
                0x00002a08                update_param
 .text.phase_shift
                0x00002bdc      0x1e4 ./Sources/Phase_Shift_Algorithm.o
                0x00002bdc                phase_shift
 .text.manual_LED
                0x00002dc0       0x68 ./Sources/Phase_Shift_Algorithm.o
                0x00002dc0                manual_LED
 .text.calc_conds
                0x00002e28       0x84 ./Sources/Phase_Shift_Algorithm.o
                0x00002e28                calc_conds
 .text.gen_indices
                0x00002eac      0x1d8 ./Sources/Phase_Shift_Algorithm.o
                0x00002eac                gen_indices
 .text.shuffle_indices
                0x00003084       0xf0 ./Sources/Phase_Shift_Algorithm.o
                0x00003084                shuffle_indices
 .text.sequential
                0x00003174       0xb4 ./Sources/Phase_Shift_Algorithm.o
                0x00003174                sequential
 .text.pseudo_random
                0x00003228       0xc4 ./Sources/Phase_Shift_Algorithm.o
                0x00003228                pseudo_random
 .text.set_algo_params
                0x000032ec       0x98 ./Sources/Phase_Shift_Algorithm.o
                0x000032ec                set_algo_params
 .text.reset_params
                0x00003384       0xd0 ./Sources/Phase_Shift_Algorithm.o
                0x00003384                reset_params
 .text.calc_param_combs
                0x00003454       0x58 ./Sources/Phase_Shift_Algorithm.o
                0x00003454                calc_param_combs
 .text.send_SW_version
                0x000034ac       0x38 ./Sources/SW_Info.o
                0x000034ac                send_SW_version
 .text.main     0x000034e4       0x84 ./Sources/main.o
                0x000034e4                main
 .text.__copy_rom_section
                0x00003568       0xe4 ./Project_Settings/Startup_Code/startup.o
                0x00003568                __copy_rom_section
 .text.__copy_rom_sections_to_ram
                0x0000364c       0x9c ./Project_Settings/Startup_Code/startup.o
                0x0000364c                __copy_rom_sections_to_ram
 .text.__init_registers
                0x000036e8       0x20 ./Project_Settings/Startup_Code/startup.o
                0x000036e8                __init_registers
 .text.__init_user
                0x00003708        0xc ./Project_Settings/Startup_Code/startup.o
                0x00003708                __init_user
 .text.__thumb_startup
                0x00003714       0x34 ./Project_Settings/Startup_Code/startup.o
                0x00003714                __thumb_startup
 .text.SaveValue
                0x00003748       0x30 ./Generated_Code/AD1.o
 .text.AD1_MainMeasure
                0x00003778       0x70 ./Generated_Code/AD1.o
 .text.AD1_Measure
                0x000037e8       0x3c ./Generated_Code/AD1.o
                0x000037e8                AD1_Measure
 .text.AD1_GetValue8
                0x00003824       0x54 ./Generated_Code/AD1.o
                0x00003824                AD1_GetValue8
 .text.AD1_Init
                0x00003878       0x2c ./Generated_Code/AD1.o
                0x00003878                AD1_Init
 .text.AD2_Init
                0x000038a4       0x2c ./Generated_Code/AD2.o
                0x000038a4                AD2_Init
 .text.ALGO_Init
                0x000038d0       0x50 ./Generated_Code/ALGO.o
                0x000038d0                ALGO_Init
 .text.TU1_OnCounterRestart
                0x00003920       0x24 ./Generated_Code/ALGO.o
                0x00003920                TU1_OnCounterRestart
 .text.HWEnDi   0x00003944       0x1c ./Generated_Code/AS1.o
 .text.AS1_RecvChar
                0x00003960       0xd8 ./Generated_Code/AS1.o
                0x00003960                AS1_RecvChar
 .text.AS1_SendChar
                0x00003a38       0xe4 ./Generated_Code/AS1.o
                0x00003a38                AS1_SendChar
 .text.AS1_RecvBlock
                0x00003b1c       0x5c ./Generated_Code/AS1.o
                0x00003b1c                AS1_RecvBlock
 .text.AS1_SendBlock
                0x00003b78      0x118 ./Generated_Code/AS1.o
                0x00003b78                AS1_SendBlock
 .text.AS1_ClearRxBuf
                0x00003c90       0x78 ./Generated_Code/AS1.o
                0x00003c90                AS1_ClearRxBuf
 .text.AS1_GetCharsInRxBuf
                0x00003d08       0x18 ./Generated_Code/AS1.o
                0x00003d08                AS1_GetCharsInRxBuf
 .text.AS1_Init
                0x00003d20       0x60 ./Generated_Code/AS1.o
                0x00003d20                AS1_Init
 .text.ASerialLdd1_OnBlockReceived
                0x00003d80       0x94 ./Generated_Code/AS1.o
                0x00003d80                ASerialLdd1_OnBlockReceived
 .text.ASerialLdd1_OnBlockSent
                0x00003e14       0x90 ./Generated_Code/AS1.o
                0x00003e14                ASerialLdd1_OnBlockSent
 .text.ASerialLdd1_OnError
                0x00003ea4       0x9c ./Generated_Code/AS1.o
                0x00003ea4                ASerialLdd1_OnError
 .text.ASerialLdd1_OnBreak
                0x00003f40       0x24 ./Generated_Code/AS1.o
                0x00003f40                ASerialLdd1_OnBreak
 .text.ASerialLdd1_Init
                0x00003f64      0x1d8 ./Generated_Code/ASerialLdd1.o
                0x00003f64                ASerialLdd1_Init
 .text.ASerialLdd1_ReceiveBlock
                0x0000413c       0x90 ./Generated_Code/ASerialLdd1.o
                0x0000413c                ASerialLdd1_ReceiveBlock
 .text.ASerialLdd1_SendBlock
                0x000041cc       0xbc ./Generated_Code/ASerialLdd1.o
                0x000041cc                ASerialLdd1_SendBlock
 .text.InterruptRx
                0x00004288       0x58 ./Generated_Code/ASerialLdd1.o
 .text.InterruptTx
                0x000042e0       0x80 ./Generated_Code/ASerialLdd1.o
 .text.ASerialLdd1_Interrupt
                0x00004360       0xf4 ./Generated_Code/ASerialLdd1.o
                0x00004360                ASerialLdd1_Interrupt
 .text.ASerialLdd1_GetError
                0x00004454       0x70 ./Generated_Code/ASerialLdd1.o
                0x00004454                ASerialLdd1_GetError
 .text.AdcLdd1_Init
                0x000044c4       0x98 ./Generated_Code/AdcLdd1.o
                0x000044c4                AdcLdd1_Init
 .text.AdcLdd2_Init
                0x0000455c       0x98 ./Generated_Code/AdcLdd2.o
                0x0000455c                AdcLdd2_Init
 .text.AdcLdd2_StartSingleMeasurement
                0x000045f4       0x4c ./Generated_Code/AdcLdd2.o
                0x000045f4                AdcLdd2_StartSingleMeasurement
 .text.AdcLdd2_CreateSampleGroup
                0x00004640       0x5c ./Generated_Code/AdcLdd2.o
                0x00004640                AdcLdd2_CreateSampleGroup
 .text.AdcLdd2_GetMeasuredValues
                0x0000469c       0x4c ./Generated_Code/AdcLdd2.o
                0x0000469c                AdcLdd2_GetMeasuredValues
 .text.AdcLdd2_GetMeasurementCompleteStatus
                0x000046e8       0x34 ./Generated_Code/AdcLdd2.o
                0x000046e8                AdcLdd2_GetMeasurementCompleteStatus
 .text.BitIoLdd1_Init
                0x0000471c       0x80 ./Generated_Code/BitIoLdd1.o
                0x0000471c                BitIoLdd1_Init
 .text.BitIoLdd1_SetVal
                0x0000479c       0x1c ./Generated_Code/BitIoLdd1.o
                0x0000479c                BitIoLdd1_SetVal
 .text.BitIoLdd10_Init
                0x000047b8       0x80 ./Generated_Code/BitIoLdd10.o
                0x000047b8                BitIoLdd10_Init
 .text.BitIoLdd11_Init
                0x00004838       0x80 ./Generated_Code/BitIoLdd11.o
                0x00004838                BitIoLdd11_Init
 .text.BitIoLdd11_ClrVal
                0x000048b8       0x1c ./Generated_Code/BitIoLdd11.o
                0x000048b8                BitIoLdd11_ClrVal
 .text.BitIoLdd11_SetVal
                0x000048d4       0x1c ./Generated_Code/BitIoLdd11.o
                0x000048d4                BitIoLdd11_SetVal
 .text.BitIoLdd12_Init
                0x000048f0       0x80 ./Generated_Code/BitIoLdd12.o
                0x000048f0                BitIoLdd12_Init
 .text.BitIoLdd13_Init
                0x00004970       0x80 ./Generated_Code/BitIoLdd13.o
                0x00004970                BitIoLdd13_Init
 .text.BitIoLdd14_Init
                0x000049f0       0x80 ./Generated_Code/BitIoLdd14.o
                0x000049f0                BitIoLdd14_Init
 .text.BitIoLdd15_Init
                0x00004a70       0x80 ./Generated_Code/BitIoLdd15.o
                0x00004a70                BitIoLdd15_Init
 .text.BitIoLdd16_Init
                0x00004af0       0x80 ./Generated_Code/BitIoLdd16.o
                0x00004af0                BitIoLdd16_Init
 .text.BitIoLdd17_Init
                0x00004b70       0x80 ./Generated_Code/BitIoLdd17.o
                0x00004b70                BitIoLdd17_Init
 .text.BitIoLdd2_Init
                0x00004bf0       0x80 ./Generated_Code/BitIoLdd2.o
                0x00004bf0                BitIoLdd2_Init
 .text.BitIoLdd2_SetVal
                0x00004c70       0x1c ./Generated_Code/BitIoLdd2.o
                0x00004c70                BitIoLdd2_SetVal
 .text.BitIoLdd3_Init
                0x00004c8c       0x80 ./Generated_Code/BitIoLdd3.o
                0x00004c8c                BitIoLdd3_Init
 .text.BitIoLdd3_SetVal
                0x00004d0c       0x1c ./Generated_Code/BitIoLdd3.o
                0x00004d0c                BitIoLdd3_SetVal
 .text.BitIoLdd4_Init
                0x00004d28       0x80 ./Generated_Code/BitIoLdd4.o
                0x00004d28                BitIoLdd4_Init
 .text.BitIoLdd4_SetVal
                0x00004da8       0x1c ./Generated_Code/BitIoLdd4.o
                0x00004da8                BitIoLdd4_SetVal
 .text.BitIoLdd5_Init
                0x00004dc4       0x80 ./Generated_Code/BitIoLdd5.o
                0x00004dc4                BitIoLdd5_Init
 .text.BitIoLdd5_ClrVal
                0x00004e44       0x1c ./Generated_Code/BitIoLdd5.o
                0x00004e44                BitIoLdd5_ClrVal
 .text.BitIoLdd5_SetVal
                0x00004e60       0x1c ./Generated_Code/BitIoLdd5.o
                0x00004e60                BitIoLdd5_SetVal
 .text.BitIoLdd6_Init
                0x00004e7c       0x80 ./Generated_Code/BitIoLdd6.o
                0x00004e7c                BitIoLdd6_Init
 .text.BitIoLdd6_SetVal
                0x00004efc       0x20 ./Generated_Code/BitIoLdd6.o
                0x00004efc                BitIoLdd6_SetVal
 .text.BitIoLdd7_Init
                0x00004f1c       0x80 ./Generated_Code/BitIoLdd7.o
                0x00004f1c                BitIoLdd7_Init
 .text.BitIoLdd7_ClrVal
                0x00004f9c       0x1c ./Generated_Code/BitIoLdd7.o
                0x00004f9c                BitIoLdd7_ClrVal
 .text.BitIoLdd7_SetVal
                0x00004fb8       0x1c ./Generated_Code/BitIoLdd7.o
                0x00004fb8                BitIoLdd7_SetVal
 .text.BitIoLdd8_Init
                0x00004fd4       0x80 ./Generated_Code/BitIoLdd8.o
                0x00004fd4                BitIoLdd8_Init
 .text.BitIoLdd8_ClrVal
                0x00005054       0x1c ./Generated_Code/BitIoLdd8.o
                0x00005054                BitIoLdd8_ClrVal
 .text.BitIoLdd8_SetVal
                0x00005070       0x1c ./Generated_Code/BitIoLdd8.o
                0x00005070                BitIoLdd8_SetVal
 .text.BitIoLdd9_Init
                0x0000508c       0x80 ./Generated_Code/BitIoLdd9.o
                0x0000508c                BitIoLdd9_Init
 .text.CANDO3_CLK_Init
                0x0000510c       0x9c ./Generated_Code/CANDO3_CLK.o
                0x0000510c                CANDO3_CLK_Init
 .text.CANDO3_interface_RecvChar
                0x000051a8       0xbc ./Generated_Code/CANDO3_interface.o
                0x000051a8                CANDO3_interface_RecvChar
 .text.CANDO3_interface_SendChar
                0x00005264       0xd4 ./Generated_Code/CANDO3_interface.o
                0x00005264                CANDO3_interface_SendChar
 .text.CANDO3_interface_ClearRxBuf
                0x00005338       0x8c ./Generated_Code/CANDO3_interface.o
                0x00005338                CANDO3_interface_ClearRxBuf
 .text.CANDO3_interface_Init
                0x000053c4       0x78 ./Generated_Code/CANDO3_interface.o
                0x000053c4                CANDO3_interface_Init
 .text.SMasterLdd2_OnBlockReceived
                0x0000543c       0x9c ./Generated_Code/CANDO3_interface.o
                0x0000543c                SMasterLdd2_OnBlockReceived
 .text.SMasterLdd2_OnBlockSent
                0x000054d8       0x7c ./Generated_Code/CANDO3_interface.o
                0x000054d8                SMasterLdd2_OnBlockSent
 .text.Components_Init
                0x00005554       0xe0 ./Generated_Code/Cpu.o
                0x00005554                Components_Init
 .text.Cpu_INT_NMIInterrupt
                0x00005634       0x1c ./Generated_Code/Cpu.o
                0x00005634                Cpu_INT_NMIInterrupt
 .text.DAC_interface_RecvChar
                0x00005650       0xbc ./Generated_Code/DAC_interface.o
                0x00005650                DAC_interface_RecvChar
 .text.DAC_interface_RecvBlock
                0x0000570c       0x50 ./Generated_Code/DAC_interface.o
                0x0000570c                DAC_interface_RecvBlock
 .text.DAC_interface_SendBlock
                0x0000575c      0x108 ./Generated_Code/DAC_interface.o
                0x0000575c                DAC_interface_SendBlock
 .text.DAC_interface_Init
                0x00005864       0x78 ./Generated_Code/DAC_interface.o
                0x00005864                DAC_interface_Init
 .text.SMasterLdd1_OnBlockReceived
                0x000058dc       0x9c ./Generated_Code/DAC_interface.o
                0x000058dc                SMasterLdd1_OnBlockReceived
 .text.SMasterLdd1_OnBlockSent
                0x00005978       0x7c ./Generated_Code/DAC_interface.o
                0x00005978                SMasterLdd1_OnBlockSent
 .text.DacLdd1_Init
                0x000059f4       0x94 ./Generated_Code/DacLdd1.o
                0x000059f4                DacLdd1_Init
 .text.DacLdd1_SetValue
                0x00005a88       0x48 ./Generated_Code/DacLdd1.o
                0x00005a88                DacLdd1_SetValue
 .text.MCUC1_Init
                0x00005ad0        0xc ./Generated_Code/MCUC1.o
                0x00005ad0                MCUC1_Init
 .text.SMasterLdd1_Init
                0x00005adc      0x138 ./Generated_Code/SMasterLdd1.o
                0x00005adc                SMasterLdd1_Init
 .text.SMasterLdd1_ReceiveBlock
                0x00005c14       0x80 ./Generated_Code/SMasterLdd1.o
                0x00005c14                SMasterLdd1_ReceiveBlock
 .text.SMasterLdd1_SendBlock
                0x00005c94       0x90 ./Generated_Code/SMasterLdd1.o
                0x00005c94                SMasterLdd1_SendBlock
 .text.SMasterLdd1_Interrupt
                0x00005d24      0x10c ./Generated_Code/SMasterLdd1.o
                0x00005d24                SMasterLdd1_Interrupt
 .text.SMasterLdd2_Init
                0x00005e30      0x138 ./Generated_Code/SMasterLdd2.o
                0x00005e30                SMasterLdd2_Init
 .text.SMasterLdd2_ReceiveBlock
                0x00005f68       0x80 ./Generated_Code/SMasterLdd2.o
                0x00005f68                SMasterLdd2_ReceiveBlock
 .text.SMasterLdd2_SendBlock
                0x00005fe8       0x90 ./Generated_Code/SMasterLdd2.o
                0x00005fe8                SMasterLdd2_SendBlock
 .text.SMasterLdd2_Interrupt
                0x00006078      0x10c ./Generated_Code/SMasterLdd2.o
                0x00006078                SMasterLdd2_Interrupt
 .text.TU1_Init
                0x00006184       0xdc ./Generated_Code/TU1.o
                0x00006184                TU1_Init
 .text.TU1_Interrupt
                0x00006260       0x6c ./Generated_Code/TU1.o
                0x00006260                TU1_Interrupt
 .text.WAIT1_Init
                0x000062cc        0xc ./Generated_Code/WAIT1.o
                0x000062cc                WAIT1_Init
 .text.cos      0x000062d8       0xa8 c:/freescale/kds_v3/toolchain/bin/../lib/gcc/arm-none-eabi/4.8.4/../../../../arm-none-eabi/lib/armv7e-m/fpu\libm.a(lib_a-s_cos.o)
                0x000062d8                cos
 .text.exp      0x00006380      0x108 c:/freescale/kds_v3/toolchain/bin/../lib/gcc/arm-none-eabi/4.8.4/../../../../arm-none-eabi/lib/armv7e-m/fpu\libm.a(lib_a-w_exp.o)
                0x00006380                exp
 .text.__ieee754_exp
                0x00006488      0x328 c:/freescale/kds_v3/toolchain/bin/../lib/gcc/arm-none-eabi/4.8.4/../../../../arm-none-eabi/lib/armv7e-m/fpu\libm.a(lib_a-e_exp.o)
                0x00006488                __ieee754_exp
 .text.__ieee754_rem_pio2
                0x000067b0      0x450 c:/freescale/kds_v3/toolchain/bin/../lib/gcc/arm-none-eabi/4.8.4/../../../../arm-none-eabi/lib/armv7e-m/fpu\libm.a(lib_a-e_rem_pio2.o)
                0x000067b0                __ieee754_rem_pio2
 .text.__kernel_cos
                0x00006c00      0x280 c:/freescale/kds_v3/toolchain/bin/../lib/gcc/arm-none-eabi/4.8.4/../../../../arm-none-eabi/lib/armv7e-m/fpu\libm.a(lib_a-k_cos.o)
                0x00006c00                __kernel_cos
 .text.__kernel_rem_pio2
                0x00006e80      0x798 c:/freescale/kds_v3/toolchain/bin/../lib/gcc/arm-none-eabi/4.8.4/../../../../arm-none-eabi/lib/armv7e-m/fpu\libm.a(lib_a-k_rem_pio2.o)
                0x00006e80                __kernel_rem_pio2
 .text.__kernel_sin
                0x00007618      0x190 c:/freescale/kds_v3/toolchain/bin/../lib/gcc/arm-none-eabi/4.8.4/../../../../arm-none-eabi/lib/armv7e-m/fpu\libm.a(lib_a-k_sin.o)
                0x00007618                __kernel_sin
 .text.fabs     0x000077a8       0x14 c:/freescale/kds_v3/toolchain/bin/../lib/gcc/arm-none-eabi/4.8.4/../../../../arm-none-eabi/lib/armv7e-m/fpu\libm.a(lib_a-s_fabs.o)
                0x000077a8                fabs
 .text.finite   0x000077bc       0x10 c:/freescale/kds_v3/toolchain/bin/../lib/gcc/arm-none-eabi/4.8.4/../../../../arm-none-eabi/lib/armv7e-m/fpu\libm.a(lib_a-s_finite.o)
                0x000077bc                finite
 *fill*         0x000077cc        0x4 
 .text.floor    0x000077d0      0x138 c:/freescale/kds_v3/toolchain/bin/../lib/gcc/arm-none-eabi/4.8.4/../../../../arm-none-eabi/lib/armv7e-m/fpu\libm.a(lib_a-s_floor.o)
                0x000077d0                floor
 .text.matherr  0x00007908        0x4 c:/freescale/kds_v3/toolchain/bin/../lib/gcc/arm-none-eabi/4.8.4/../../../../arm-none-eabi/lib/armv7e-m/fpu\libm.a(lib_a-s_matherr.o)
                0x00007908                matherr
 *fill*         0x0000790c        0x4 
 .text.scalbn   0x00007910      0x120 c:/freescale/kds_v3/toolchain/bin/../lib/gcc/arm-none-eabi/4.8.4/../../../../arm-none-eabi/lib/armv7e-m/fpu\libm.a(lib_a-s_scalbn.o)
                0x00007910                scalbn
 .text.copysign
                0x00007a30       0x24 c:/freescale/kds_v3/toolchain/bin/../lib/gcc/arm-none-eabi/4.8.4/../../../../arm-none-eabi/lib/armv7e-m/fpu\libm.a(lib_a-s_copysign.o)
                0x00007a30                copysign
 .text.calloc   0x00007a54       0x14 c:/freescale/kds_v3/toolchain/bin/../lib/gcc/arm-none-eabi/4.8.4/../../../../arm-none-eabi/lib/armv7e-m/fpu\libg_s.a(lib_a-calloc.o)
                0x00007a54                calloc
 .text.__errno  0x00007a68        0xc c:/freescale/kds_v3/toolchain/bin/../lib/gcc/arm-none-eabi/4.8.4/../../../../arm-none-eabi/lib/armv7e-m/fpu\libg_s.a(lib_a-errno.o)
                0x00007a68                __errno
 .text.exit     0x00007a74       0x28 c:/freescale/kds_v3/toolchain/bin/../lib/gcc/arm-none-eabi/4.8.4/../../../../arm-none-eabi/lib/armv7e-m/fpu\libg_s.a(lib_a-exit.o)
                0x00007a74                exit
 .text.__libc_init_array
                0x00007a9c       0x4c c:/freescale/kds_v3/toolchain/bin/../lib/gcc/arm-none-eabi/4.8.4/../../../../arm-none-eabi/lib/armv7e-m/fpu\libg_s.a(lib_a-init.o)
                0x00007a9c                __libc_init_array
 .text.memset   0x00007ae8       0x10 c:/freescale/kds_v3/toolchain/bin/../lib/gcc/arm-none-eabi/4.8.4/../../../../arm-none-eabi/lib/armv7e-m/fpu\libg_s.a(lib_a-memset.o)
                0x00007ae8                memset
 .text._calloc_r
                0x00007af8       0x1c c:/freescale/kds_v3/toolchain/bin/../lib/gcc/arm-none-eabi/4.8.4/../../../../arm-none-eabi/lib/armv7e-m/fpu\libg_s.a(lib_a-nano-callocr.o)
                0x00007af8                _calloc_r
 .text._malloc_r
                0x00007b14       0xa8 c:/freescale/kds_v3/toolchain/bin/../lib/gcc/arm-none-eabi/4.8.4/../../../../arm-none-eabi/lib/armv7e-m/fpu\libg_s.a(lib_a-nano-mallocr.o)
                0x00007b14                _malloc_r
 .text.rand     0x00007bbc       0x74 c:/freescale/kds_v3/toolchain/bin/../lib/gcc/arm-none-eabi/4.8.4/../../../../arm-none-eabi/lib/armv7e-m/fpu\libg_s.a(lib_a-rand.o)
                0x00007bbc                rand
 .text.realloc  0x00007c30       0x14 c:/freescale/kds_v3/toolchain/bin/../lib/gcc/arm-none-eabi/4.8.4/../../../../arm-none-eabi/lib/armv7e-m/fpu\libg_s.a(lib_a-realloc.o)
                0x00007c30                realloc
 .text._sbrk_r  0x00007c44       0x20 c:/freescale/kds_v3/toolchain/bin/../lib/gcc/arm-none-eabi/4.8.4/../../../../arm-none-eabi/lib/armv7e-m/fpu\libg_s.a(lib_a-sbrkr.o)
                0x00007c44                _sbrk_r
 .text.malloc   0x00007c64       0x10 c:/freescale/kds_v3/toolchain/bin/../lib/gcc/arm-none-eabi/4.8.4/../../../../arm-none-eabi/lib/armv7e-m/fpu\libg_s.a(lib_a-malloc.o)
                0x00007c64                malloc
 .text._free_r  0x00007c74       0x88 c:/freescale/kds_v3/toolchain/bin/../lib/gcc/arm-none-eabi/4.8.4/../../../../arm-none-eabi/lib/armv7e-m/fpu\libg_s.a(lib_a-nano-freer.o)
                0x00007c74                _free_r
 .text._realloc_r
                0x00007cfc       0x4c c:/freescale/kds_v3/toolchain/bin/../lib/gcc/arm-none-eabi/4.8.4/../../../../arm-none-eabi/lib/armv7e-m/fpu\libg_s.a(lib_a-nano-reallocr.o)
                0x00007cfc                _realloc_r
 .text.memcpy   0x00007d48       0x12 c:/freescale/kds_v3/toolchain/bin/../lib/gcc/arm-none-eabi/4.8.4/../../../../arm-none-eabi/lib/armv7e-m/fpu\libg_s.a(lib_a-memcpy-stub.o)
                0x00007d48                memcpy
 .text._malloc_usable_size_r
                0x00007d5a       0x12 c:/freescale/kds_v3/toolchain/bin/../lib/gcc/arm-none-eabi/4.8.4/../../../../arm-none-eabi/lib/armv7e-m/fpu\libg_s.a(lib_a-nano-msizer.o)
                0x00007d5a                _malloc_usable_size_r
 .text._sbrk    0x00007d6c       0x34 c:/freescale/kds_v3/toolchain/bin/../lib/gcc/arm-none-eabi/4.8.4/../../../../arm-none-eabi/lib/armv7e-m/fpu\libnosys.a(sbrk.o)
                0x00007d6c                _sbrk
 .text._exit    0x00007da0        0x4 c:/freescale/kds_v3/toolchain/bin/../lib/gcc/arm-none-eabi/4.8.4/../../../../arm-none-eabi/lib/armv7e-m/fpu\libnosys.a(_exit.o)
                0x00007da0                _exit
 *(.rodata)
 .rodata        0x00007da4       0x14 ./Sources/SW_Info.o
 *(.rodata*)
 .rodata.ClockGenModeMatrix
                0x00007db8       0x80 ./Static_Code/System/CPU_Init.o
 .rodata.CPU_ClockConfigDescriptors
                0x00007e38       0x1c ./Static_Code/System/CPU_Init.o
 .rodata.CPU_DefaultFEI
                0x00007e54        0x8 ./Static_Code/System/CPU_Init.o
 .rodata.CPU_DefaultFBI
                0x00007e5c        0x8 ./Static_Code/System/CPU_Init.o
 .rodata.CPU_DefaultBLPI
                0x00007e64        0x8 ./Static_Code/System/CPU_Init.o
 .rodata.CPU_DefaultFEE
                0x00007e6c        0x8 ./Static_Code/System/CPU_Init.o
 .rodata.CPU_DefaultFBE
                0x00007e74        0x8 ./Static_Code/System/CPU_Init.o
 .rodata.CPU_DefaultBLPE
                0x00007e7c        0x8 ./Static_Code/System/CPU_Init.o
 .rodata.CPU_DefaultPBE
                0x00007e84        0x8 ./Static_Code/System/CPU_Init.o
 .rodata.CPU_DefaultPEE
                0x00007e8c        0x8 ./Static_Code/System/CPU_Init.o
 .rodata.CPU_ClockGenModeRegs
                0x00007e94       0x20 ./Static_Code/System/CPU_Init.o
 .rodata.str1.4
                0x00007eb4        0x4 c:/freescale/kds_v3/toolchain/bin/../lib/gcc/arm-none-eabi/4.8.4/../../../../arm-none-eabi/lib/armv7e-m/fpu\libm.a(lib_a-w_exp.o)
 .rodata.halF   0x00007eb8       0x10 c:/freescale/kds_v3/toolchain/bin/../lib/gcc/arm-none-eabi/4.8.4/../../../../arm-none-eabi/lib/armv7e-m/fpu\libm.a(lib_a-e_exp.o)
 .rodata.ln2LO  0x00007ec8       0x10 c:/freescale/kds_v3/toolchain/bin/../lib/gcc/arm-none-eabi/4.8.4/../../../../arm-none-eabi/lib/armv7e-m/fpu\libm.a(lib_a-e_exp.o)
 .rodata.ln2HI  0x00007ed8       0x10 c:/freescale/kds_v3/toolchain/bin/../lib/gcc/arm-none-eabi/4.8.4/../../../../arm-none-eabi/lib/armv7e-m/fpu\libm.a(lib_a-e_exp.o)
 .rodata.npio2_hw
                0x00007ee8       0x80 c:/freescale/kds_v3/toolchain/bin/../lib/gcc/arm-none-eabi/4.8.4/../../../../arm-none-eabi/lib/armv7e-m/fpu\libm.a(lib_a-e_rem_pio2.o)
 .rodata.two_over_pi
                0x00007f68      0x108 c:/freescale/kds_v3/toolchain/bin/../lib/gcc/arm-none-eabi/4.8.4/../../../../arm-none-eabi/lib/armv7e-m/fpu\libm.a(lib_a-e_rem_pio2.o)
 .rodata.init_jk
                0x00008070       0x10 c:/freescale/kds_v3/toolchain/bin/../lib/gcc/arm-none-eabi/4.8.4/../../../../arm-none-eabi/lib/armv7e-m/fpu\libm.a(lib_a-k_rem_pio2.o)
 .rodata.PIo2   0x00008080       0x40 c:/freescale/kds_v3/toolchain/bin/../lib/gcc/arm-none-eabi/4.8.4/../../../../arm-none-eabi/lib/armv7e-m/fpu\libm.a(lib_a-k_rem_pio2.o)
 .rodata.str1.1
                0x000080c0        0x2 c:/freescale/kds_v3/toolchain/bin/../lib/gcc/arm-none-eabi/4.8.4/../../../../arm-none-eabi/lib/armv7e-m/fpu\libg_s.a(lib_a-impure.o)
 *fill*         0x000080c2        0x2 
 .rodata._global_impure_ptr
                0x000080c4        0x4 c:/freescale/kds_v3/toolchain/bin/../lib/gcc/arm-none-eabi/4.8.4/../../../../arm-none-eabi/lib/armv7e-m/fpu\libg_s.a(lib_a-impure.o)
                0x000080c4                _global_impure_ptr
 *(.glue_7)
 .glue_7        0x00000000        0x0 linker stubs
 *(.glue_7t)
 .glue_7t       0x00000000        0x0 linker stubs
 *(.eh_frame)
 .eh_frame      0x000080c8        0x0 c:/freescale/kds_v3/toolchain/bin/../lib/gcc/arm-none-eabi/4.8.4/armv7e-m/fpu/crtbegin.o
 *(.init)
 .init          0x000080c8        0x4 c:/freescale/kds_v3/toolchain/bin/../lib/gcc/arm-none-eabi/4.8.4/armv7e-m/fpu/crti.o
                0x000080c8                _init
 .init          0x000080cc        0x8 c:/freescale/kds_v3/toolchain/bin/../lib/gcc/arm-none-eabi/4.8.4/armv7e-m/fpu/crtn.o
 *(.fini)
 .fini          0x000080d4        0x4 c:/freescale/kds_v3/toolchain/bin/../lib/gcc/arm-none-eabi/4.8.4/armv7e-m/fpu/crti.o
                0x000080d4                _fini
 .fini          0x000080d8        0x8 c:/freescale/kds_v3/toolchain/bin/../lib/gcc/arm-none-eabi/4.8.4/armv7e-m/fpu/crtn.o
                0x000080e0                . = ALIGN (0x4)
                0x000080e0                _etext = .

.vfp11_veneer   0x000080e0        0x0
 .vfp11_veneer  0x00000000        0x0 linker stubs

.v4_bx          0x000080e0        0x0
 .v4_bx         0x00000000        0x0 linker stubs

.iplt           0x000080e0        0x0
 .iplt          0x00000000        0x0 c:/freescale/kds_v3/toolchain/bin/../lib/gcc/arm-none-eabi/4.8.4/armv7e-m/fpu/crtbegin.o

.ARM.extab
 *(.ARM.extab* .gnu.linkonce.armextab.*)

.ARM            0x000080e0        0x8
                0x000080e0                __exidx_start = .
 *(.ARM.exidx*)
 .ARM.exidx     0x000080e0        0x8 c:/freescale/kds_v3/toolchain/bin/../lib/gcc/arm-none-eabi/4.8.4/../../../../arm-none-eabi/lib/armv7e-m/fpu/crt0.o
                0x000080e8                __exidx_end = .

.rel.dyn        0x000080e8        0x0
 .rel.iplt      0x00000000        0x0 c:/freescale/kds_v3/toolchain/bin/../lib/gcc/arm-none-eabi/4.8.4/armv7e-m/fpu/crtbegin.o

.ctors          0x000080e8        0x0
                0x000080e8                __CTOR_LIST__ = .
 *crtbegin.o(.ctors)
 *(EXCLUDE_FILE(*crtend.o) .ctors)
 *(SORT(.ctors.*))
 *(.ctors)
                0x000080e8                __CTOR_END__ = .

.dtors          0x000080e8        0x0
                0x000080e8                __DTOR_LIST__ = .
 *crtbegin.o(.dtors)
 *(EXCLUDE_FILE(*crtend.o) .dtors)
 *(SORT(.dtors.*))
 *(.dtors)
                0x000080e8                __DTOR_END__ = .

.preinit_array  0x000080e8        0x0
                0x000080e8                PROVIDE (__preinit_array_start, .)
 *(.preinit_array*)
                0x000080e8                PROVIDE (__preinit_array_end, .)

.init_array     0x000080e8        0x4
                0x000080e8                PROVIDE (__init_array_start, .)
 *(SORT(.init_array.*))
 *(.init_array*)
 .init_array    0x000080e8        0x4 c:/freescale/kds_v3/toolchain/bin/../lib/gcc/arm-none-eabi/4.8.4/armv7e-m/fpu/crtbegin.o
                0x000080ec                PROVIDE (__init_array_end, .)

.fini_array     0x000080ec        0x4
                0x000080ec                PROVIDE (__fini_array_start, .)
 *(SORT(.fini_array.*))
 *(.fini_array*)
 .fini_array    0x000080ec        0x4 c:/freescale/kds_v3/toolchain/bin/../lib/gcc/arm-none-eabi/4.8.4/armv7e-m/fpu/crtbegin.o
                0x000080f0                PROVIDE (__fini_array_end, .)
                0x000080f0                ___ROM_AT = .

.data           0x1fff0000      0x158 load address 0x000080f0
                0x1fff0000                . = ALIGN (0x4)
                0x1fff0000                _sdata = .
 *(.data)
 *(.data*)
 .data.ASIC1    0x1fff0000       0x24 ./Sources/ASIC.o
                0x1fff0000                ASIC1
 .data.LED_number
                0x1fff0024        0x1 ./Sources/IO.o
                0x1fff0024                LED_number
 *fill*         0x1fff0025        0x3 
 .data.LEDCal   0x1fff0028       0x80 ./Sources/LED_Calibration.o
                0x1fff0028                LEDCal
 .data.ltc2624_DAC_B
                0x1fff00a8        0x4 ./Sources/LTC2624.o
                0x1fff00a8                ltc2624_DAC_B
 .data.ltc2624_DAC_C
                0x1fff00ac        0x4 ./Sources/LTC2624.o
                0x1fff00ac                ltc2624_DAC_C
 .data.ltc2624_DAC_D
                0x1fff00b0        0x4 ./Sources/LTC2624.o
                0x1fff00b0                ltc2624_DAC_D
 .data.pseudo_cntr
                0x1fff00b4        0x2 ./Sources/Phase_Shift_Algorithm.o
                0x1fff00b4                pseudo_cntr
 *fill*         0x1fff00b6        0x2 
 .data.phaseShift
                0x1fff00b8       0x20 ./Sources/Phase_Shift_Algorithm.o
                0x1fff00b8                phaseShift
 .data.GUIParams
                0x1fff00d8       0x18 ./Sources/Phase_Shift_Algorithm.o
                0x1fff00d8                GUIParams
 .data.__fdlib_version
                0x1fff00f0        0x1 c:/freescale/kds_v3/toolchain/bin/../lib/gcc/arm-none-eabi/4.8.4/../../../../arm-none-eabi/lib/armv7e-m/fpu\libm.a(lib_a-s_lib_ver.o)
                0x1fff00f0                __fdlib_version
 *fill*         0x1fff00f1        0x3 
 .data.impure_data
                0x1fff00f4       0x60 c:/freescale/kds_v3/toolchain/bin/../lib/gcc/arm-none-eabi/4.8.4/../../../../arm-none-eabi/lib/armv7e-m/fpu\libg_s.a(lib_a-impure.o)
 .data._impure_ptr
                0x1fff0154        0x4 c:/freescale/kds_v3/toolchain/bin/../lib/gcc/arm-none-eabi/4.8.4/../../../../arm-none-eabi/lib/armv7e-m/fpu\libg_s.a(lib_a-impure.o)
                0x1fff0154                _impure_ptr
                0x1fff0158                . = ALIGN (0x4)
                0x1fff0158                _edata = .
                0x00000158                ___data_size = (_edata - _sdata)
                0x00008248                ___m_data_20000000_ROMStart = (___ROM_AT + SIZEOF (.data))

.jcr            0x1fff0158        0x0 load address 0x00008248
 .jcr           0x1fff0158        0x0 c:/freescale/kds_v3/toolchain/bin/../lib/gcc/arm-none-eabi/4.8.4/armv7e-m/fpu/crtbegin.o

.igot.plt       0x1fff0158        0x0 load address 0x00008248
 .igot.plt      0x00000000        0x0 c:/freescale/kds_v3/toolchain/bin/../lib/gcc/arm-none-eabi/4.8.4/armv7e-m/fpu/crtbegin.o

.m_data_20000000
                0x20000000        0x0 load address 0x00008248
                0x20000000                . = ALIGN (0x4)
                0x20000000                ___m_data_20000000_RAMStart = .
 *(.m_data_20000000)
                0x20000000                ___m_data_20000000_RAMEnd = .
                0x20000000                . = ALIGN (0x4)
                0x00000000                ___m_data_20000000_ROMSize = (___m_data_20000000_RAMEnd - ___m_data_20000000_RAMStart)
                0x20000000                . = ALIGN (0x4)

.bss            0x1fff0158     0x3a74 load address 0x00008248
                0x1fff0158                __START_BSS = .
                0x1fff0158                PROVIDE (__bss_start__, __START_BSS)
 *(.bss)
 .bss           0x1fff0158       0x1c c:/freescale/kds_v3/toolchain/bin/../lib/gcc/arm-none-eabi/4.8.4/armv7e-m/fpu/crtbegin.o
 *(.bss*)
 .bss.SR_lock   0x1fff0174        0x1 ./Static_Code/System/CPU_Init.o
                0x1fff0174                SR_lock
 *fill*         0x1fff0175        0x3 
 .bss.ASIC1_ch0
                0x1fff0178        0x4 ./Sources/ASIC.o
                0x1fff0178                ASIC1_ch0
 .bss.ASIC1_ch1
                0x1fff017c        0x4 ./Sources/ASIC.o
                0x1fff017c                ASIC1_ch1
 .bss.packet    0x1fff0180        0x4 ./Sources/ASIC.o
 .bss.start     0x1fff0184        0x1 ./Sources/Events.o
                0x1fff0184                start
 .bss.quick_update
                0x1fff0185        0x1 ./Sources/Events.o
                0x1fff0185                quick_update
 .bss.algo_on_off_flag
                0x1fff0186        0x1 ./Sources/Events.o
                0x1fff0186                algo_on_off_flag
 .bss.cycle_comp
                0x1fff0187        0x1 ./Sources/Events.o
                0x1fff0187                cycle_comp
 .bss.cycle_cnt
                0x1fff0188        0x1 ./Sources/Events.o
                0x1fff0188                cycle_cnt
 .bss.read_packet
                0x1fff0189        0x1 ./Sources/Events.o
                0x1fff0189                read_packet
 .bss.rec_reg   0x1fff018a        0x2 ./Sources/Events.o
                0x1fff018a                rec_reg
 .bss.stim_reg  0x1fff018c        0x2 ./Sources/Events.o
                0x1fff018c                stim_reg
 *fill*         0x1fff018e        0x2 
 .bss.on_off_cntr
                0x1fff0190        0x4 ./Sources/Events.o
                0x1fff0190                on_off_cntr
 .bss.uart_tx_buf
                0x1fff0194        0xc ./Sources/Events.o
                0x1fff0194                uart_tx_buf
 .bss.uart_rx_buf
                0x1fff01a0       0x24 ./Sources/Events.o
                0x1fff01a0                uart_rx_buf
 .bss.stim_method
                0x1fff01c4        0x1 ./Sources/IO.o
                0x1fff01c4                stim_method
 .bss.rec_method
                0x1fff01c5        0x1 ./Sources/IO.o
                0x1fff01c5                rec_method
 .bss.rec_channel
                0x1fff01c6        0x1 ./Sources/IO.o
                0x1fff01c6                rec_channel
 .bss.lin_drv   0x1fff01c7        0x1 ./Sources/IO.o
                0x1fff01c7                lin_drv
 .bss.uart_tx   0x1fff01c8        0x1 ./Sources/IO.o
                0x1fff01c8                uart_tx
 *fill*         0x1fff01c9        0x1 
 .bss.ch0_reg   0x1fff01ca        0x2 ./Sources/IO.o
                0x1fff01ca                ch0_reg
 .bss.ch1_reg   0x1fff01cc        0x2 ./Sources/IO.o
                0x1fff01cc                ch1_reg
 .bss.prev_stim_val
                0x1fff01ce        0x2 ./Sources/IO.o
                0x1fff01ce                prev_stim_val
 .bss.ltc2624_DAC_A
                0x1fff01d0        0x4 ./Sources/LTC2624.o
                0x1fff01d0                ltc2624_DAC_A
 .bss.offset    0x1fff01d4        0x2 ./Sources/Phase_Shift_Algorithm.o
                0x1fff01d4                offset
 .bss.size      0x1fff01d6        0x2 ./Sources/Phase_Shift_Algorithm.o
                0x1fff01d6                size
 .bss.init      0x1fff01d8        0x1 ./Sources/Phase_Shift_Algorithm.o
                0x1fff01d8                init
 .bss.configured
                0x1fff01d9        0x1 ./Sources/Phase_Shift_Algorithm.o
                0x1fff01d9                configured
 .bss.ModeFlg   0x1fff01da        0x1 ./Generated_Code/AD1.o
 *fill*         0x1fff01db        0x1 
 .bss.SampleGroup
                0x1fff01dc        0x4 ./Generated_Code/AD1.o
 .bss.WaitForRes
                0x1fff01e0        0x1 ./Generated_Code/AD1.o
 .bss.OutFlg    0x1fff01e1        0x1 ./Generated_Code/AD1.o
 .bss.ModeFlg   0x1fff01e2        0x1 ./Generated_Code/AD2.o
 .bss.OutFlg    0x1fff01e3        0x1 ./Generated_Code/AD2.o
 .bss.DeviceDataPrv__DEFAULT_RTOS_ALLOC
                0x1fff01e4        0xc ./Generated_Code/ALGO.o
 .bss.SerFlag   0x1fff01f0        0x2 ./Generated_Code/AS1.o
 .bss.AS1_InpLen
                0x1fff01f2        0x2 ./Generated_Code/AS1.o
 .bss.InpIndexR
                0x1fff01f4        0x2 ./Generated_Code/AS1.o
 .bss.InpIndexW
                0x1fff01f6        0x2 ./Generated_Code/AS1.o
 .bss.InpBuffer
                0x1fff01f8      0x160 ./Generated_Code/AS1.o
 .bss.BufferRead
                0x1fff0358        0x1 ./Generated_Code/AS1.o
 *fill*         0x1fff0359        0x1 
 .bss.AS1_OutLen
                0x1fff035a        0x2 ./Generated_Code/AS1.o
 .bss.OutIndexR
                0x1fff035c        0x2 ./Generated_Code/AS1.o
 .bss.OutIndexW
                0x1fff035e        0x2 ./Generated_Code/AS1.o
 .bss.OutBuffer
                0x1fff0360     0x2710 ./Generated_Code/AS1.o
 .bss.DeviceDataPrv__DEFAULT_RTOS_ALLOC
                0x1fff2a70       0x20 ./Generated_Code/ASerialLdd1.o
 .bss.INT_UART1_RX_TX__DEFAULT_RTOS_ISRPARAM
                0x1fff2a90        0x4 ./Generated_Code/ASerialLdd1.o
 .bss.INT_UART1_ERR__DEFAULT_RTOS_ISRPARAM
                0x1fff2a94        0x4 ./Generated_Code/ASerialLdd1.o
 .bss.DeviceDataPrv__DEFAULT_RTOS_ALLOC
                0x1fff2a98        0x8 ./Generated_Code/AdcLdd1.o
 .bss.DeviceDataPrv__DEFAULT_RTOS_ALLOC
                0x1fff2aa0        0x8 ./Generated_Code/AdcLdd2.o
 .bss.DeviceDataPrv__DEFAULT_RTOS_ALLOC
                0x1fff2aa8        0x4 ./Generated_Code/BitIoLdd1.o
 .bss.DeviceDataPrv__DEFAULT_RTOS_ALLOC
                0x1fff2aac        0x4 ./Generated_Code/BitIoLdd10.o
 .bss.DeviceDataPrv__DEFAULT_RTOS_ALLOC
                0x1fff2ab0        0x4 ./Generated_Code/BitIoLdd11.o
 .bss.DeviceDataPrv__DEFAULT_RTOS_ALLOC
                0x1fff2ab4        0x4 ./Generated_Code/BitIoLdd12.o
 .bss.DeviceDataPrv__DEFAULT_RTOS_ALLOC
                0x1fff2ab8        0x4 ./Generated_Code/BitIoLdd13.o
 .bss.DeviceDataPrv__DEFAULT_RTOS_ALLOC
                0x1fff2abc        0x4 ./Generated_Code/BitIoLdd14.o
 .bss.DeviceDataPrv__DEFAULT_RTOS_ALLOC
                0x1fff2ac0        0x4 ./Generated_Code/BitIoLdd15.o
 .bss.DeviceDataPrv__DEFAULT_RTOS_ALLOC
                0x1fff2ac4        0x4 ./Generated_Code/BitIoLdd16.o
 .bss.DeviceDataPrv__DEFAULT_RTOS_ALLOC
                0x1fff2ac8        0x4 ./Generated_Code/BitIoLdd17.o
 .bss.DeviceDataPrv__DEFAULT_RTOS_ALLOC
                0x1fff2acc        0x4 ./Generated_Code/BitIoLdd2.o
 .bss.DeviceDataPrv__DEFAULT_RTOS_ALLOC
                0x1fff2ad0        0x4 ./Generated_Code/BitIoLdd3.o
 .bss.DeviceDataPrv__DEFAULT_RTOS_ALLOC
                0x1fff2ad4        0x4 ./Generated_Code/BitIoLdd4.o
 .bss.DeviceDataPrv__DEFAULT_RTOS_ALLOC
                0x1fff2ad8        0x4 ./Generated_Code/BitIoLdd5.o
 .bss.DeviceDataPrv__DEFAULT_RTOS_ALLOC
                0x1fff2adc        0x4 ./Generated_Code/BitIoLdd6.o
 .bss.DeviceDataPrv__DEFAULT_RTOS_ALLOC
                0x1fff2ae0        0x4 ./Generated_Code/BitIoLdd7.o
 .bss.DeviceDataPrv__DEFAULT_RTOS_ALLOC
                0x1fff2ae4        0x4 ./Generated_Code/BitIoLdd8.o
 .bss.DeviceDataPrv__DEFAULT_RTOS_ALLOC
                0x1fff2ae8        0x4 ./Generated_Code/BitIoLdd9.o
 .bss.DeviceDataPrv__DEFAULT_RTOS_ALLOC
                0x1fff2aec        0x8 ./Generated_Code/CANDO3_CLK.o
 .bss.SerFlag   0x1fff2af4        0x1 ./Generated_Code/CANDO3_interface.o
 .bss.ErrFlag   0x1fff2af5        0x1 ./Generated_Code/CANDO3_interface.o
 .bss.CANDO3_interface_InpLen
                0x1fff2af6        0x2 ./Generated_Code/CANDO3_interface.o
 .bss.InpIndexR
                0x1fff2af8        0x1 ./Generated_Code/CANDO3_interface.o
 .bss.InpIndexW
                0x1fff2af9        0x1 ./Generated_Code/CANDO3_interface.o
 *fill*         0x1fff2afa        0x2 
 .bss.InpBuffer
                0x1fff2afc      0x3e8 ./Generated_Code/CANDO3_interface.o
 .bss.BufferRead
                0x1fff2ee4        0x1 ./Generated_Code/CANDO3_interface.o
 *fill*         0x1fff2ee5        0x1 
 .bss.CANDO3_interface_OutLen
                0x1fff2ee6        0x2 ./Generated_Code/CANDO3_interface.o
 .bss.OutIndexR
                0x1fff2ee8        0x1 ./Generated_Code/CANDO3_interface.o
 .bss.OutIndexW
                0x1fff2ee9        0x1 ./Generated_Code/CANDO3_interface.o
 *fill*         0x1fff2eea        0x2 
 .bss.OutBuffer
                0x1fff2eec      0x3e8 ./Generated_Code/CANDO3_interface.o
 .bss.SerFlag   0x1fff32d4        0x1 ./Generated_Code/DAC_interface.o
 .bss.ErrFlag   0x1fff32d5        0x1 ./Generated_Code/DAC_interface.o
 .bss.DAC_interface_InpLen
                0x1fff32d6        0x2 ./Generated_Code/DAC_interface.o
 .bss.InpIndexR
                0x1fff32d8        0x1 ./Generated_Code/DAC_interface.o
 .bss.InpIndexW
                0x1fff32d9        0x1 ./Generated_Code/DAC_interface.o
 *fill*         0x1fff32da        0x2 
 .bss.InpBuffer
                0x1fff32dc      0x3e8 ./Generated_Code/DAC_interface.o
 .bss.BufferRead
                0x1fff36c4        0x1 ./Generated_Code/DAC_interface.o
 *fill*         0x1fff36c5        0x1 
 .bss.DAC_interface_OutLen
                0x1fff36c6        0x2 ./Generated_Code/DAC_interface.o
 .bss.OutIndexR
                0x1fff36c8        0x1 ./Generated_Code/DAC_interface.o
 .bss.OutIndexW
                0x1fff36c9        0x1 ./Generated_Code/DAC_interface.o
 *fill*         0x1fff36ca        0x2 
 .bss.OutBuffer
                0x1fff36cc      0x3e8 ./Generated_Code/DAC_interface.o
 .bss.DeviceDataPtr__DEFAULT_RTOS_ALLOC
                0x1fff3ab4        0x8 ./Generated_Code/DacLdd1.o
 .bss.PE_LDD_DeviceDataList
                0x1fff3abc       0x68 ./Generated_Code/PE_LDD.o
                0x1fff3abc                PE_LDD_DeviceDataList
 .bss.DeviceDataPrv__DEFAULT_RTOS_ALLOC
                0x1fff3b24       0x20 ./Generated_Code/SMasterLdd1.o
 .bss.INT_SPI0__DEFAULT_RTOS_ISRPARAM
                0x1fff3b44        0x4 ./Generated_Code/SMasterLdd1.o
 .bss.DeviceDataPrv__DEFAULT_RTOS_ALLOC
                0x1fff3b48       0x20 ./Generated_Code/SMasterLdd2.o
 .bss.INT_SPI1__DEFAULT_RTOS_ISRPARAM
                0x1fff3b68        0x4 ./Generated_Code/SMasterLdd2.o
 .bss.DeviceDataPrv__DEFAULT_RTOS_ALLOC
                0x1fff3b6c       0x10 ./Generated_Code/TU1.o
 .bss.INT_FTM1__DEFAULT_RTOS_ISRPARAM
                0x1fff3b7c        0x4 ./Generated_Code/TU1.o
 .bss.__malloc_sbrk_start
                0x1fff3b80        0x4 c:/freescale/kds_v3/toolchain/bin/../lib/gcc/arm-none-eabi/4.8.4/../../../../arm-none-eabi/lib/armv7e-m/fpu\libg_s.a(lib_a-nano-mallocr.o)
                0x1fff3b80                __malloc_sbrk_start
 .bss.__malloc_free_list
                0x1fff3b84        0x4 c:/freescale/kds_v3/toolchain/bin/../lib/gcc/arm-none-eabi/4.8.4/../../../../arm-none-eabi/lib/armv7e-m/fpu\libg_s.a(lib_a-nano-mallocr.o)
                0x1fff3b84                __malloc_free_list
 .bss.heap_end.4246
                0x1fff3b88        0x4 c:/freescale/kds_v3/toolchain/bin/../lib/gcc/arm-none-eabi/4.8.4/../../../../arm-none-eabi/lib/armv7e-m/fpu\libnosys.a(sbrk.o)
 *(COMMON)
 COMMON         0x1fff3b8c        0x1 ./Static_Code/System/CPU_Init.o
                0x1fff3b8c                SR_reg
 *fill*         0x1fff3b8d        0x1 
 COMMON         0x1fff3b8e        0x2 ./Sources/Events.o
                0x1fff3b8e                uart_chars_in_rx_buff
 COMMON         0x1fff3b90        0x3 ./Sources/IO.o
                0x1fff3b90                tx_cnt
                0x1fff3b91                prev_buffer_index
                0x1fff3b92                buffer_index
 *fill*         0x1fff3b93        0x1 
 COMMON         0x1fff3b94       0x14 ./Sources/Phase_Shift_Algorithm.o
                0x1fff3b94                conv_buf
                0x1fff3b98                set_int_indx
                0x1fff3b9c                kernel
                0x1fff3ba0                phase_indx
                0x1fff3ba4                gain_indx
 COMMON         0x1fff3ba8        0x4 ./Sources/main.o
                0x1fff3ba8                ALGO_TUserDataPtr
 COMMON         0x1fff3bac        0x6 ./Generated_Code/AD1.o
                0x1fff3bac                AdcLdd2_DeviceDataPtr
                0x1fff3bb0                AD1_OutV
 *fill*         0x1fff3bb2        0x2 
 COMMON         0x1fff3bb4        0x8 ./Generated_Code/AD2.o
                0x1fff3bb4                AD2_OutV
                0x1fff3bb8                AdcLdd1_DeviceDataPtr
 COMMON         0x1fff3bbc        0x4 ./Generated_Code/AS1.o
                0x1fff3bbc                ASerialLdd1_DeviceDataPtr
 COMMON         0x1fff3bc0        0x4 ./Generated_Code/CANDO3_interface.o
                0x1fff3bc0                SMasterLdd2_DeviceDataPtr
 COMMON         0x1fff3bc4        0x4 ./Generated_Code/DAC_interface.o
                0x1fff3bc4                SMasterLdd1_DeviceDataPtr
 COMMON         0x1fff3bc8        0x4 c:/freescale/kds_v3/toolchain/bin/../lib/gcc/arm-none-eabi/4.8.4/../../../../arm-none-eabi/lib/armv7e-m/fpu\libg_s.a(lib_a-reent.o)
                0x1fff3bc8                errno
                0x1fff3bcc                . = ALIGN (0x4)
                0x1fff3bcc                __END_BSS = .
                0x1fff3bcc                PROVIDE (__bss_end__, __END_BSS)
                0x00008248                _romp_at = ((___ROM_AT + SIZEOF (.data)) + SIZEOF (.m_data_20000000))

.romp           0x1fff3bcc       0x24 load address 0x00008248
                0x00008248                __S_romp = _romp_at
                0x1fff3bcc        0x4 LONG 0x80f0 ___ROM_AT
                0x1fff3bd0        0x4 LONG 0x1fff0000 _sdata
                0x1fff3bd4        0x4 LONG 0x158 ___data_size
                0x1fff3bd8        0x4 LONG 0x8248 ___m_data_20000000_ROMStart
                0x1fff3bdc        0x4 LONG 0x20000000 ___m_data_20000000_RAMStart
                0x1fff3be0        0x4 LONG 0x0 ___m_data_20000000_ROMSize
                0x1fff3be4        0x4 LONG 0x0
                0x1fff3be8        0x4 LONG 0x0
                0x1fff3bec        0x4 LONG 0x0
                0x00080000                text_end = (ORIGIN (m_text) + 0x7fbf0)
                0x0000826c                data_init_end = ((___m_data_20000000_ROMStart + SIZEOF (.m_data_20000000)) + SIZEOF (.romp))
                0x00000001                ASSERT ((data_init_end <= text_end), region m_text overflowed with text and data)

._user_heap_stack
                0x1fff3bf0      0x400 load address 0x0000826c
                0x1fff3bf0                . = ALIGN (0x4)
                0x1fff3bf0                PROVIDE (end, .)
                0x1fff3bf0                PROVIDE (_end, .)
                0x1fff3bf0                PROVIDE (__end__, .)
                0x1fff3bf0                __heap_addr = .
                0x1fff3bf0                __HeapBase = .
                0x1fff3bf0                . = (. + __heap_size)
                0x1fff3bf0                __HeapLimit = .
                0x1fff3ff0                . = (. + __stack_size)
 *fill*         0x1fff3bf0      0x400 
                0x1fff3ff0                . = ALIGN (0x4)

.ARM.attributes
                0x00000000       0x30
 *(.ARM.attributes)
 .ARM.attributes
                0x00000000       0x22 c:/freescale/kds_v3/toolchain/bin/../lib/gcc/arm-none-eabi/4.8.4/armv7e-m/fpu/crti.o
 .ARM.attributes
                0x00000022       0x34 c:/freescale/kds_v3/toolchain/bin/../lib/gcc/arm-none-eabi/4.8.4/armv7e-m/fpu/crtbegin.o
 .ARM.attributes
                0x00000056       0x20 c:/freescale/kds_v3/toolchain/bin/../lib/gcc/arm-none-eabi/4.8.4/../../../../arm-none-eabi/lib/armv7e-m/fpu/crt0.o
 .ARM.attributes
                0x00000076       0x39 ./Static_Code/System/CPU_Init.o
 .ARM.attributes
                0x000000af       0x39 ./Static_Code/System/Vectors.o
 .ARM.attributes
                0x000000e8       0x39 ./Sources/ASIC.o
 .ARM.attributes
                0x00000121       0x39 ./Sources/Events.o
 .ARM.attributes
                0x0000015a       0x39 ./Sources/IO.o
 .ARM.attributes
                0x00000193       0x39 ./Sources/LED_Calibration.o
 .ARM.attributes
                0x000001cc       0x39 ./Sources/LTC2624.o
 .ARM.attributes
                0x00000205       0x39 ./Sources/Phase_Shift_Algorithm.o
 .ARM.attributes
                0x0000023e       0x39 ./Sources/SW_Info.o
 .ARM.attributes
                0x00000277       0x39 ./Sources/main.o
 .ARM.attributes
                0x000002b0       0x39 ./Project_Settings/Startup_Code/startup.o
 .ARM.attributes
                0x000002e9       0x39 ./Generated_Code/AD1.o
 .ARM.attributes
                0x00000322       0x39 ./Generated_Code/AD2.o
 .ARM.attributes
                0x0000035b       0x39 ./Generated_Code/ALGO.o
 .ARM.attributes
                0x00000394       0x39 ./Generated_Code/AS1.o
 .ARM.attributes
                0x000003cd       0x39 ./Generated_Code/ASerialLdd1.o
 .ARM.attributes
                0x00000406       0x39 ./Generated_Code/AdcLdd1.o
 .ARM.attributes
                0x0000043f       0x39 ./Generated_Code/AdcLdd2.o
 .ARM.attributes
                0x00000478       0x39 ./Generated_Code/BitIoLdd1.o
 .ARM.attributes
                0x000004b1       0x39 ./Generated_Code/BitIoLdd10.o
 .ARM.attributes
                0x000004ea       0x39 ./Generated_Code/BitIoLdd11.o
 .ARM.attributes
                0x00000523       0x39 ./Generated_Code/BitIoLdd12.o
 .ARM.attributes
                0x0000055c       0x39 ./Generated_Code/BitIoLdd13.o
 .ARM.attributes
                0x00000595       0x39 ./Generated_Code/BitIoLdd14.o
 .ARM.attributes
                0x000005ce       0x39 ./Generated_Code/BitIoLdd15.o
 .ARM.attributes
                0x00000607       0x39 ./Generated_Code/BitIoLdd16.o
 .ARM.attributes
                0x00000640       0x39 ./Generated_Code/BitIoLdd17.o
 .ARM.attributes
                0x00000679       0x39 ./Generated_Code/BitIoLdd2.o
 .ARM.attributes
                0x000006b2       0x39 ./Generated_Code/BitIoLdd3.o
 .ARM.attributes
                0x000006eb       0x39 ./Generated_Code/BitIoLdd4.o
 .ARM.attributes
                0x00000724       0x39 ./Generated_Code/BitIoLdd5.o
 .ARM.attributes
                0x0000075d       0x39 ./Generated_Code/BitIoLdd6.o
 .ARM.attributes
                0x00000796       0x39 ./Generated_Code/BitIoLdd7.o
 .ARM.attributes
                0x000007cf       0x39 ./Generated_Code/BitIoLdd8.o
 .ARM.attributes
                0x00000808       0x39 ./Generated_Code/BitIoLdd9.o
 .ARM.attributes
                0x00000841       0x39 ./Generated_Code/CANDO3_CLK.o
 .ARM.attributes
                0x0000087a       0x39 ./Generated_Code/CANDO3_interface.o
 .ARM.attributes
                0x000008b3       0x39 ./Generated_Code/Cpu.o
 .ARM.attributes
                0x000008ec       0x39 ./Generated_Code/DAC_interface.o
 .ARM.attributes
                0x00000925       0x39 ./Generated_Code/DacLdd1.o
 .ARM.attributes
                0x0000095e       0x39 ./Generated_Code/MCUC1.o
 .ARM.attributes
                0x00000997       0x39 ./Generated_Code/PE_LDD.o
 .ARM.attributes
                0x000009d0       0x39 ./Generated_Code/SMasterLdd1.o
 .ARM.attributes
                0x00000a09       0x39 ./Generated_Code/SMasterLdd2.o
 .ARM.attributes
                0x00000a42       0x39 ./Generated_Code/TU1.o
 .ARM.attributes
                0x00000a7b       0x39 ./Generated_Code/WAIT1.o
 .ARM.attributes
                0x00000ab4       0x34 c:/freescale/kds_v3/toolchain/bin/../lib/gcc/arm-none-eabi/4.8.4/../../../../arm-none-eabi/lib/armv7e-m/fpu\libm.a(lib_a-s_cos.o)
 .ARM.attributes
                0x00000ae8       0x34 c:/freescale/kds_v3/toolchain/bin/../lib/gcc/arm-none-eabi/4.8.4/../../../../arm-none-eabi/lib/armv7e-m/fpu\libm.a(lib_a-w_exp.o)
 .ARM.attributes
                0x00000b1c       0x34 c:/freescale/kds_v3/toolchain/bin/../lib/gcc/arm-none-eabi/4.8.4/../../../../arm-none-eabi/lib/armv7e-m/fpu\libm.a(lib_a-e_exp.o)
 .ARM.attributes
                0x00000b50       0x34 c:/freescale/kds_v3/toolchain/bin/../lib/gcc/arm-none-eabi/4.8.4/../../../../arm-none-eabi/lib/armv7e-m/fpu\libm.a(lib_a-e_rem_pio2.o)
 .ARM.attributes
                0x00000b84       0x34 c:/freescale/kds_v3/toolchain/bin/../lib/gcc/arm-none-eabi/4.8.4/../../../../arm-none-eabi/lib/armv7e-m/fpu\libm.a(lib_a-k_cos.o)
 .ARM.attributes
                0x00000bb8       0x34 c:/freescale/kds_v3/toolchain/bin/../lib/gcc/arm-none-eabi/4.8.4/../../../../arm-none-eabi/lib/armv7e-m/fpu\libm.a(lib_a-k_rem_pio2.o)
 .ARM.attributes
                0x00000bec       0x34 c:/freescale/kds_v3/toolchain/bin/../lib/gcc/arm-none-eabi/4.8.4/../../../../arm-none-eabi/lib/armv7e-m/fpu\libm.a(lib_a-k_sin.o)
 .ARM.attributes
                0x00000c20       0x34 c:/freescale/kds_v3/toolchain/bin/../lib/gcc/arm-none-eabi/4.8.4/../../../../arm-none-eabi/lib/armv7e-m/fpu\libm.a(lib_a-s_fabs.o)
 .ARM.attributes
                0x00000c54       0x34 c:/freescale/kds_v3/toolchain/bin/../lib/gcc/arm-none-eabi/4.8.4/../../../../arm-none-eabi/lib/armv7e-m/fpu\libm.a(lib_a-s_finite.o)
 .ARM.attributes
                0x00000c88       0x34 c:/freescale/kds_v3/toolchain/bin/../lib/gcc/arm-none-eabi/4.8.4/../../../../arm-none-eabi/lib/armv7e-m/fpu\libm.a(lib_a-s_floor.o)
 .ARM.attributes
                0x00000cbc       0x34 c:/freescale/kds_v3/toolchain/bin/../lib/gcc/arm-none-eabi/4.8.4/../../../../arm-none-eabi/lib/armv7e-m/fpu\libm.a(lib_a-s_lib_ver.o)
 .ARM.attributes
                0x00000cf0       0x34 c:/freescale/kds_v3/toolchain/bin/../lib/gcc/arm-none-eabi/4.8.4/../../../../arm-none-eabi/lib/armv7e-m/fpu\libm.a(lib_a-s_matherr.o)
 .ARM.attributes
                0x00000d24       0x34 c:/freescale/kds_v3/toolchain/bin/../lib/gcc/arm-none-eabi/4.8.4/../../../../arm-none-eabi/lib/armv7e-m/fpu\libm.a(lib_a-s_scalbn.o)
 .ARM.attributes
                0x00000d58       0x34 c:/freescale/kds_v3/toolchain/bin/../lib/gcc/arm-none-eabi/4.8.4/../../../../arm-none-eabi/lib/armv7e-m/fpu\libm.a(lib_a-s_copysign.o)
 .ARM.attributes
                0x00000d8c       0x22 c:/freescale/kds_v3/toolchain/bin/../lib/gcc/arm-none-eabi/4.8.4/armv7e-m/fpu\libgcc.a(_arm_addsubdf3.o)
 .ARM.attributes
                0x00000dae       0x22 c:/freescale/kds_v3/toolchain/bin/../lib/gcc/arm-none-eabi/4.8.4/armv7e-m/fpu\libgcc.a(_arm_muldivdf3.o)
 .ARM.attributes
                0x00000dd0       0x22 c:/freescale/kds_v3/toolchain/bin/../lib/gcc/arm-none-eabi/4.8.4/armv7e-m/fpu\libgcc.a(_arm_cmpdf2.o)
 .ARM.attributes
                0x00000df2       0x22 c:/freescale/kds_v3/toolchain/bin/../lib/gcc/arm-none-eabi/4.8.4/armv7e-m/fpu\libgcc.a(_arm_fixdfsi.o)
 .ARM.attributes
                0x00000e14       0x22 c:/freescale/kds_v3/toolchain/bin/../lib/gcc/arm-none-eabi/4.8.4/armv7e-m/fpu\libgcc.a(_arm_truncdfsf2.o)
 .ARM.attributes
                0x00000e36       0x34 c:/freescale/kds_v3/toolchain/bin/../lib/gcc/arm-none-eabi/4.8.4/../../../../arm-none-eabi/lib/armv7e-m/fpu\libg_s.a(lib_a-calloc.o)
 .ARM.attributes
                0x00000e6a       0x34 c:/freescale/kds_v3/toolchain/bin/../lib/gcc/arm-none-eabi/4.8.4/../../../../arm-none-eabi/lib/armv7e-m/fpu\libg_s.a(lib_a-errno.o)
 .ARM.attributes
                0x00000e9e       0x34 c:/freescale/kds_v3/toolchain/bin/../lib/gcc/arm-none-eabi/4.8.4/../../../../arm-none-eabi/lib/armv7e-m/fpu\libg_s.a(lib_a-exit.o)
 .ARM.attributes
                0x00000ed2       0x34 c:/freescale/kds_v3/toolchain/bin/../lib/gcc/arm-none-eabi/4.8.4/../../../../arm-none-eabi/lib/armv7e-m/fpu\libg_s.a(lib_a-impure.o)
 .ARM.attributes
                0x00000f06       0x34 c:/freescale/kds_v3/toolchain/bin/../lib/gcc/arm-none-eabi/4.8.4/../../../../arm-none-eabi/lib/armv7e-m/fpu\libg_s.a(lib_a-init.o)
 .ARM.attributes
                0x00000f3a       0x34 c:/freescale/kds_v3/toolchain/bin/../lib/gcc/arm-none-eabi/4.8.4/../../../../arm-none-eabi/lib/armv7e-m/fpu\libg_s.a(lib_a-memset.o)
 .ARM.attributes
                0x00000f6e       0x34 c:/freescale/kds_v3/toolchain/bin/../lib/gcc/arm-none-eabi/4.8.4/../../../../arm-none-eabi/lib/armv7e-m/fpu\libg_s.a(lib_a-nano-callocr.o)
 .ARM.attributes
                0x00000fa2       0x34 c:/freescale/kds_v3/toolchain/bin/../lib/gcc/arm-none-eabi/4.8.4/../../../../arm-none-eabi/lib/armv7e-m/fpu\libg_s.a(lib_a-nano-mallocr.o)
 .ARM.attributes
                0x00000fd6       0x34 c:/freescale/kds_v3/toolchain/bin/../lib/gcc/arm-none-eabi/4.8.4/../../../../arm-none-eabi/lib/armv7e-m/fpu\libg_s.a(lib_a-rand.o)
 .ARM.attributes
                0x0000100a       0x34 c:/freescale/kds_v3/toolchain/bin/../lib/gcc/arm-none-eabi/4.8.4/../../../../arm-none-eabi/lib/armv7e-m/fpu\libg_s.a(lib_a-realloc.o)
 .ARM.attributes
                0x0000103e       0x34 c:/freescale/kds_v3/toolchain/bin/../lib/gcc/arm-none-eabi/4.8.4/../../../../arm-none-eabi/lib/armv7e-m/fpu\libg_s.a(lib_a-sbrkr.o)
 .ARM.attributes
                0x00001072       0x34 c:/freescale/kds_v3/toolchain/bin/../lib/gcc/arm-none-eabi/4.8.4/../../../../arm-none-eabi/lib/armv7e-m/fpu\libg_s.a(lib_a-malloc.o)
 .ARM.attributes
                0x000010a6       0x34 c:/freescale/kds_v3/toolchain/bin/../lib/gcc/arm-none-eabi/4.8.4/../../../../arm-none-eabi/lib/armv7e-m/fpu\libg_s.a(lib_a-nano-freer.o)
 .ARM.attributes
                0x000010da       0x34 c:/freescale/kds_v3/toolchain/bin/../lib/gcc/arm-none-eabi/4.8.4/../../../../arm-none-eabi/lib/armv7e-m/fpu\libg_s.a(lib_a-nano-reallocr.o)
 .ARM.attributes
                0x0000110e       0x34 c:/freescale/kds_v3/toolchain/bin/../lib/gcc/arm-none-eabi/4.8.4/../../../../arm-none-eabi/lib/armv7e-m/fpu\libg_s.a(lib_a-reent.o)
 .ARM.attributes
                0x00001142       0x34 c:/freescale/kds_v3/toolchain/bin/../lib/gcc/arm-none-eabi/4.8.4/../../../../arm-none-eabi/lib/armv7e-m/fpu\libg_s.a(lib_a-memcpy-stub.o)
 .ARM.attributes
                0x00001176       0x34 c:/freescale/kds_v3/toolchain/bin/../lib/gcc/arm-none-eabi/4.8.4/../../../../arm-none-eabi/lib/armv7e-m/fpu\libg_s.a(lib_a-nano-msizer.o)
 .ARM.attributes
                0x000011aa       0x34 c:/freescale/kds_v3/toolchain/bin/../lib/gcc/arm-none-eabi/4.8.4/../../../../arm-none-eabi/lib/armv7e-m/fpu\libnosys.a(sbrk.o)
 .ARM.attributes
                0x000011de       0x34 c:/freescale/kds_v3/toolchain/bin/../lib/gcc/arm-none-eabi/4.8.4/../../../../arm-none-eabi/lib/armv7e-m/fpu\libnosys.a(_exit.o)
 .ARM.attributes
                0x00001212       0x22 c:/freescale/kds_v3/toolchain/bin/../lib/gcc/arm-none-eabi/4.8.4/armv7e-m/fpu/crtn.o
OUTPUT(Control_System_1.4.elf elf32-littlearm)

.debug_info     0x00000000     0xe500
 .debug_info    0x00000000      0xadc ./Static_Code/System/CPU_Init.o
 .debug_info    0x00000adc      0x826 ./Static_Code/System/Vectors.o
 .debug_info    0x00001302      0x89d ./Sources/ASIC.o
 .debug_info    0x00001b9f      0x4e8 ./Sources/Events.o
 .debug_info    0x00002087      0x570 ./Sources/IO.o
 .debug_info    0x000025f7       0x51 ./Sources/LED_Calibration.o
 .debug_info    0x00002648      0x47d ./Sources/LTC2624.o
 .debug_info    0x00002ac5      0x7ae ./Sources/Phase_Shift_Algorithm.o
 .debug_info    0x00003273       0xb3 ./Sources/SW_Info.o
 .debug_info    0x00003326      0x2b3 ./Sources/main.o
 .debug_info    0x000035d9      0x3b0 ./Project_Settings/Startup_Code/startup.o
 .debug_info    0x00003989      0x248 ./Generated_Code/AD1.o
 .debug_info    0x00003bd1      0x248 ./Generated_Code/AD2.o
 .debug_info    0x00003e19      0x2c2 ./Generated_Code/ALGO.o
 .debug_info    0x000040db      0x4f0 ./Generated_Code/AS1.o
 .debug_info    0x000045cb      0xa75 ./Generated_Code/ASerialLdd1.o
 .debug_info    0x00005040      0x6b2 ./Generated_Code/AdcLdd1.o
 .debug_info    0x000056f2      0x6b2 ./Generated_Code/AdcLdd2.o
 .debug_info    0x00005da4      0x504 ./Generated_Code/BitIoLdd1.o
 .debug_info    0x000062a8      0x504 ./Generated_Code/BitIoLdd10.o
 .debug_info    0x000067ac      0x504 ./Generated_Code/BitIoLdd11.o
 .debug_info    0x00006cb0      0x504 ./Generated_Code/BitIoLdd12.o
 .debug_info    0x000071b4      0x504 ./Generated_Code/BitIoLdd13.o
 .debug_info    0x000076b8      0x504 ./Generated_Code/BitIoLdd14.o
 .debug_info    0x00007bbc      0x504 ./Generated_Code/BitIoLdd15.o
 .debug_info    0x000080c0      0x504 ./Generated_Code/BitIoLdd16.o
 .debug_info    0x000085c4      0x504 ./Generated_Code/BitIoLdd17.o
 .debug_info    0x00008ac8      0x504 ./Generated_Code/BitIoLdd2.o
 .debug_info    0x00008fcc      0x504 ./Generated_Code/BitIoLdd3.o
 .debug_info    0x000094d0      0x504 ./Generated_Code/BitIoLdd4.o
 .debug_info    0x000099d4      0x504 ./Generated_Code/BitIoLdd5.o
 .debug_info    0x00009ed8      0x504 ./Generated_Code/BitIoLdd6.o
 .debug_info    0x0000a3dc      0x504 ./Generated_Code/BitIoLdd7.o
 .debug_info    0x0000a8e0      0x504 ./Generated_Code/BitIoLdd8.o
 .debug_info    0x0000ade4      0x504 ./Generated_Code/BitIoLdd9.o
 .debug_info    0x0000b2e8      0x3c3 ./Generated_Code/CANDO3_CLK.o
 .debug_info    0x0000b6ab      0x518 ./Generated_Code/CANDO3_interface.o
 .debug_info    0x0000bbc3      0x34f ./Generated_Code/Cpu.o
 .debug_info    0x0000bf12      0x518 ./Generated_Code/DAC_interface.o
 .debug_info    0x0000c42a      0x406 ./Generated_Code/DacLdd1.o
 .debug_info    0x0000c830       0xa7 ./Generated_Code/MCUC1.o
 .debug_info    0x0000c8d7      0x251 ./Generated_Code/PE_LDD.o
 .debug_info    0x0000cb28      0x844 ./Generated_Code/SMasterLdd1.o
 .debug_info    0x0000d36c      0x844 ./Generated_Code/SMasterLdd2.o
 .debug_info    0x0000dbb0      0x7cb ./Generated_Code/TU1.o
 .debug_info    0x0000e37b      0x185 ./Generated_Code/WAIT1.o

.debug_abbrev   0x00000000     0x3e01
 .debug_abbrev  0x00000000      0x1d7 ./Static_Code/System/CPU_Init.o
 .debug_abbrev  0x000001d7       0xd8 ./Static_Code/System/Vectors.o
 .debug_abbrev  0x000002af      0x17b ./Sources/ASIC.o
 .debug_abbrev  0x0000042a      0x180 ./Sources/Events.o
 .debug_abbrev  0x000005aa      0x186 ./Sources/IO.o
 .debug_abbrev  0x00000730       0x41 ./Sources/LED_Calibration.o
 .debug_abbrev  0x00000771      0x112 ./Sources/LTC2624.o
 .debug_abbrev  0x00000883      0x1fc ./Sources/Phase_Shift_Algorithm.o
 .debug_abbrev  0x00000a7f       0x54 ./Sources/SW_Info.o
 .debug_abbrev  0x00000ad3       0xe6 ./Sources/main.o
 .debug_abbrev  0x00000bb9      0x189 ./Project_Settings/Startup_Code/startup.o
 .debug_abbrev  0x00000d42      0x14e ./Generated_Code/AD1.o
 .debug_abbrev  0x00000e90      0x14e ./Generated_Code/AD2.o
 .debug_abbrev  0x00000fde      0x131 ./Generated_Code/ALGO.o
 .debug_abbrev  0x0000110f      0x1d6 ./Generated_Code/AS1.o
 .debug_abbrev  0x000012e5      0x1f9 ./Generated_Code/ASerialLdd1.o
 .debug_abbrev  0x000014de      0x182 ./Generated_Code/AdcLdd1.o
 .debug_abbrev  0x00001660      0x182 ./Generated_Code/AdcLdd2.o
 .debug_abbrev  0x000017e2      0x15d ./Generated_Code/BitIoLdd1.o
 .debug_abbrev  0x0000193f      0x15d ./Generated_Code/BitIoLdd10.o
 .debug_abbrev  0x00001a9c      0x15d ./Generated_Code/BitIoLdd11.o
 .debug_abbrev  0x00001bf9      0x15d ./Generated_Code/BitIoLdd12.o
 .debug_abbrev  0x00001d56      0x15d ./Generated_Code/BitIoLdd13.o
 .debug_abbrev  0x00001eb3      0x15d ./Generated_Code/BitIoLdd14.o
 .debug_abbrev  0x00002010      0x15d ./Generated_Code/BitIoLdd15.o
 .debug_abbrev  0x0000216d      0x15d ./Generated_Code/BitIoLdd16.o
 .debug_abbrev  0x000022ca      0x15d ./Generated_Code/BitIoLdd17.o
 .debug_abbrev  0x00002427      0x15d ./Generated_Code/BitIoLdd2.o
 .debug_abbrev  0x00002584      0x15d ./Generated_Code/BitIoLdd3.o
 .debug_abbrev  0x000026e1      0x15d ./Generated_Code/BitIoLdd4.o
 .debug_abbrev  0x0000283e      0x15d ./Generated_Code/BitIoLdd5.o
 .debug_abbrev  0x0000299b      0x15d ./Generated_Code/BitIoLdd6.o
 .debug_abbrev  0x00002af8      0x15d ./Generated_Code/BitIoLdd7.o
 .debug_abbrev  0x00002c55      0x15d ./Generated_Code/BitIoLdd8.o
 .debug_abbrev  0x00002db2      0x15d ./Generated_Code/BitIoLdd9.o
 .debug_abbrev  0x00002f0f      0x16c ./Generated_Code/CANDO3_CLK.o
 .debug_abbrev  0x0000307b      0x1e2 ./Generated_Code/CANDO3_interface.o
 .debug_abbrev  0x0000325d       0xd5 ./Generated_Code/Cpu.o
 .debug_abbrev  0x00003332      0x1e2 ./Generated_Code/DAC_interface.o
 .debug_abbrev  0x00003514      0x141 ./Generated_Code/DacLdd1.o
 .debug_abbrev  0x00003655       0x45 ./Generated_Code/MCUC1.o
 .debug_abbrev  0x0000369a      0x10d ./Generated_Code/PE_LDD.o
 .debug_abbrev  0x000037a7      0x1d4 ./Generated_Code/SMasterLdd1.o
 .debug_abbrev  0x0000397b      0x1d4 ./Generated_Code/SMasterLdd2.o
 .debug_abbrev  0x00003b4f      0x1d8 ./Generated_Code/TU1.o
 .debug_abbrev  0x00003d27       0xda ./Generated_Code/WAIT1.o

.debug_aranges  0x00000000     0x1028
 .debug_aranges
                0x00000000       0x50 ./Static_Code/System/CPU_Init.o
 .debug_aranges
                0x00000050      0x340 ./Static_Code/System/Vectors.o
 .debug_aranges
                0x00000390       0xf8 ./Sources/ASIC.o
 .debug_aranges
                0x00000488       0x40 ./Sources/Events.o
 .debug_aranges
                0x000004c8       0x48 ./Sources/IO.o
 .debug_aranges
                0x00000510       0x18 ./Sources/LED_Calibration.o
 .debug_aranges
                0x00000528       0x60 ./Sources/LTC2624.o
 .debug_aranges
                0x00000588       0x88 ./Sources/Phase_Shift_Algorithm.o
 .debug_aranges
                0x00000610       0x20 ./Sources/SW_Info.o
 .debug_aranges
                0x00000630       0x20 ./Sources/main.o
 .debug_aranges
                0x00000650       0x50 ./Project_Settings/Startup_Code/startup.o
 .debug_aranges
                0x000006a0       0x50 ./Generated_Code/AD1.o
 .debug_aranges
                0x000006f0       0x50 ./Generated_Code/AD2.o
 .debug_aranges
                0x00000740       0x50 ./Generated_Code/ALGO.o
 .debug_aranges
                0x00000790       0x88 ./Generated_Code/AS1.o
 .debug_aranges
                0x00000818       0x50 ./Generated_Code/ASerialLdd1.o
 .debug_aranges
                0x00000868       0x50 ./Generated_Code/AdcLdd1.o
 .debug_aranges
                0x000008b8       0x50 ./Generated_Code/AdcLdd2.o
 .debug_aranges
                0x00000908       0x40 ./Generated_Code/BitIoLdd1.o
 .debug_aranges
                0x00000948       0x40 ./Generated_Code/BitIoLdd10.o
 .debug_aranges
                0x00000988       0x40 ./Generated_Code/BitIoLdd11.o
 .debug_aranges
                0x000009c8       0x40 ./Generated_Code/BitIoLdd12.o
 .debug_aranges
                0x00000a08       0x40 ./Generated_Code/BitIoLdd13.o
 .debug_aranges
                0x00000a48       0x40 ./Generated_Code/BitIoLdd14.o
 .debug_aranges
                0x00000a88       0x40 ./Generated_Code/BitIoLdd15.o
 .debug_aranges
                0x00000ac8       0x40 ./Generated_Code/BitIoLdd16.o
 .debug_aranges
                0x00000b08       0x40 ./Generated_Code/BitIoLdd17.o
 .debug_aranges
                0x00000b48       0x40 ./Generated_Code/BitIoLdd2.o
 .debug_aranges
                0x00000b88       0x40 ./Generated_Code/BitIoLdd3.o
 .debug_aranges
                0x00000bc8       0x40 ./Generated_Code/BitIoLdd4.o
 .debug_aranges
                0x00000c08       0x40 ./Generated_Code/BitIoLdd5.o
 .debug_aranges
                0x00000c48       0x40 ./Generated_Code/BitIoLdd6.o
 .debug_aranges
                0x00000c88       0x40 ./Generated_Code/BitIoLdd7.o
 .debug_aranges
                0x00000cc8       0x40 ./Generated_Code/BitIoLdd8.o
 .debug_aranges
                0x00000d08       0x40 ./Generated_Code/BitIoLdd9.o
 .debug_aranges
                0x00000d48       0x38 ./Generated_Code/CANDO3_CLK.o
 .debug_aranges
                0x00000d80       0x78 ./Generated_Code/CANDO3_interface.o
 .debug_aranges
                0x00000df8       0x28 ./Generated_Code/Cpu.o
 .debug_aranges
                0x00000e20       0x78 ./Generated_Code/DAC_interface.o
 .debug_aranges
                0x00000e98       0x28 ./Generated_Code/DacLdd1.o
 .debug_aranges
                0x00000ec0       0x28 ./Generated_Code/MCUC1.o
 .debug_aranges
                0x00000ee8       0x30 ./Generated_Code/PE_LDD.o
 .debug_aranges
                0x00000f18       0x38 ./Generated_Code/SMasterLdd1.o
 .debug_aranges
                0x00000f50       0x38 ./Generated_Code/SMasterLdd2.o
 .debug_aranges
                0x00000f88       0x58 ./Generated_Code/TU1.o
 .debug_aranges
                0x00000fe0       0x48 ./Generated_Code/WAIT1.o

.debug_ranges   0x00000000      0xd40
 .debug_ranges  0x00000000       0x40 ./Static_Code/System/CPU_Init.o
 .debug_ranges  0x00000040      0x330 ./Static_Code/System/Vectors.o
 .debug_ranges  0x00000370       0xe8 ./Sources/ASIC.o
 .debug_ranges  0x00000458       0x30 ./Sources/Events.o
 .debug_ranges  0x00000488       0x38 ./Sources/IO.o
 .debug_ranges  0x000004c0       0x50 ./Sources/LTC2624.o
 .debug_ranges  0x00000510       0x78 ./Sources/Phase_Shift_Algorithm.o
 .debug_ranges  0x00000588       0x10 ./Sources/SW_Info.o
 .debug_ranges  0x00000598       0x10 ./Sources/main.o
 .debug_ranges  0x000005a8       0x40 ./Project_Settings/Startup_Code/startup.o
 .debug_ranges  0x000005e8       0x40 ./Generated_Code/AD1.o
 .debug_ranges  0x00000628       0x40 ./Generated_Code/AD2.o
 .debug_ranges  0x00000668       0x40 ./Generated_Code/ALGO.o
 .debug_ranges  0x000006a8       0x78 ./Generated_Code/AS1.o
 .debug_ranges  0x00000720       0x40 ./Generated_Code/ASerialLdd1.o
 .debug_ranges  0x00000760       0x40 ./Generated_Code/AdcLdd1.o
 .debug_ranges  0x000007a0       0x40 ./Generated_Code/AdcLdd2.o
 .debug_ranges  0x000007e0       0x30 ./Generated_Code/BitIoLdd1.o
 .debug_ranges  0x00000810       0x30 ./Generated_Code/BitIoLdd10.o
 .debug_ranges  0x00000840       0x30 ./Generated_Code/BitIoLdd11.o
 .debug_ranges  0x00000870       0x30 ./Generated_Code/BitIoLdd12.o
 .debug_ranges  0x000008a0       0x30 ./Generated_Code/BitIoLdd13.o
 .debug_ranges  0x000008d0       0x30 ./Generated_Code/BitIoLdd14.o
 .debug_ranges  0x00000900       0x30 ./Generated_Code/BitIoLdd15.o
 .debug_ranges  0x00000930       0x30 ./Generated_Code/BitIoLdd16.o
 .debug_ranges  0x00000960       0x30 ./Generated_Code/BitIoLdd17.o
 .debug_ranges  0x00000990       0x30 ./Generated_Code/BitIoLdd2.o
 .debug_ranges  0x000009c0       0x30 ./Generated_Code/BitIoLdd3.o
 .debug_ranges  0x000009f0       0x30 ./Generated_Code/BitIoLdd4.o
 .debug_ranges  0x00000a20       0x30 ./Generated_Code/BitIoLdd5.o
 .debug_ranges  0x00000a50       0x30 ./Generated_Code/BitIoLdd6.o
 .debug_ranges  0x00000a80       0x30 ./Generated_Code/BitIoLdd7.o
 .debug_ranges  0x00000ab0       0x30 ./Generated_Code/BitIoLdd8.o
 .debug_ranges  0x00000ae0       0x30 ./Generated_Code/BitIoLdd9.o
 .debug_ranges  0x00000b10       0x28 ./Generated_Code/CANDO3_CLK.o
 .debug_ranges  0x00000b38       0x68 ./Generated_Code/CANDO3_interface.o
 .debug_ranges  0x00000ba0       0x18 ./Generated_Code/Cpu.o
 .debug_ranges  0x00000bb8       0x68 ./Generated_Code/DAC_interface.o
 .debug_ranges  0x00000c20       0x18 ./Generated_Code/DacLdd1.o
 .debug_ranges  0x00000c38       0x18 ./Generated_Code/MCUC1.o
 .debug_ranges  0x00000c50       0x20 ./Generated_Code/PE_LDD.o
 .debug_ranges  0x00000c70       0x28 ./Generated_Code/SMasterLdd1.o
 .debug_ranges  0x00000c98       0x28 ./Generated_Code/SMasterLdd2.o
 .debug_ranges  0x00000cc0       0x48 ./Generated_Code/TU1.o
 .debug_ranges  0x00000d08       0x38 ./Generated_Code/WAIT1.o

.debug_macro    0x00000000    0x2d120
 .debug_macro   0x00000000      0x4d0 ./Static_Code/System/CPU_Init.o
 .debug_macro   0x000004d0      0x856 ./Static_Code/System/CPU_Init.o
 .debug_macro   0x00000d26       0x16 ./Static_Code/System/CPU_Init.o
 .debug_macro   0x00000d3c       0x44 ./Static_Code/System/CPU_Init.o
 .debug_macro   0x00000d80      0x209 ./Static_Code/System/CPU_Init.o
 .debug_macro   0x00000f89     0x1824 ./Static_Code/System/CPU_Init.o
 .debug_macro   0x000027ad     0xbca7 ./Static_Code/System/CPU_Init.o
 .debug_macro   0x0000e454      0x4c6 ./Static_Code/System/CPU_Init.o
 .debug_macro   0x0000e91a      0x14e ./Static_Code/System/CPU_Init.o
 .debug_macro   0x0000ea68       0x6a ./Static_Code/System/CPU_Init.o
 .debug_macro   0x0000ead2       0x58 ./Static_Code/System/CPU_Init.o
 .debug_macro   0x0000eb2a       0x35 ./Static_Code/System/CPU_Init.o
 .debug_macro   0x0000eb5f       0xa3 ./Static_Code/System/CPU_Init.o
 .debug_macro   0x0000ec02       0x16 ./Static_Code/System/CPU_Init.o
 .debug_macro   0x0000ec18       0x16 ./Static_Code/System/CPU_Init.o
 .debug_macro   0x0000ec2e       0x94 ./Static_Code/System/CPU_Init.o
 .debug_macro   0x0000ecc2      0x6a0 ./Static_Code/System/CPU_Init.o
 .debug_macro   0x0000f362       0x7a ./Static_Code/System/CPU_Init.o
 .debug_macro   0x0000f3dc       0x68 ./Static_Code/System/CPU_Init.o
 .debug_macro   0x0000f444      0x132 ./Static_Code/System/CPU_Init.o
 .debug_macro   0x0000f576       0x40 ./Static_Code/System/CPU_Init.o
 .debug_macro   0x0000f5b6       0x1f ./Static_Code/System/CPU_Init.o
 .debug_macro   0x0000f5d5       0x46 ./Static_Code/System/CPU_Init.o
 .debug_macro   0x0000f61b       0x1f ./Static_Code/System/CPU_Init.o
 .debug_macro   0x0000f63a       0x46 ./Static_Code/System/CPU_Init.o
 .debug_macro   0x0000f680       0x1f ./Static_Code/System/CPU_Init.o
 .debug_macro   0x0000f69f       0x46 ./Static_Code/System/CPU_Init.o
 .debug_macro   0x0000f6e5       0x1f ./Static_Code/System/CPU_Init.o
 .debug_macro   0x0000f704       0x46 ./Static_Code/System/CPU_Init.o
 .debug_macro   0x0000f74a       0x1f ./Static_Code/System/CPU_Init.o
 .debug_macro   0x0000f769       0x46 ./Static_Code/System/CPU_Init.o
 .debug_macro   0x0000f7af       0x1f ./Static_Code/System/CPU_Init.o
 .debug_macro   0x0000f7ce       0x46 ./Static_Code/System/CPU_Init.o
 .debug_macro   0x0000f814       0x1f ./Static_Code/System/CPU_Init.o
 .debug_macro   0x0000f833       0x46 ./Static_Code/System/CPU_Init.o
 .debug_macro   0x0000f879       0x1f ./Static_Code/System/CPU_Init.o
 .debug_macro   0x0000f898       0x46 ./Static_Code/System/CPU_Init.o
 .debug_macro   0x0000f8de       0x1f ./Static_Code/System/CPU_Init.o
 .debug_macro   0x0000f8fd       0x46 ./Static_Code/System/CPU_Init.o
 .debug_macro   0x0000f943       0x1f ./Static_Code/System/CPU_Init.o
 .debug_macro   0x0000f962      0x61c ./Static_Code/System/CPU_Init.o
 .debug_macro   0x0000ff7e       0x6d ./Static_Code/System/CPU_Init.o
 .debug_macro   0x0000ffeb       0x17 ./Static_Code/System/CPU_Init.o
 .debug_macro   0x00010002       0x73 ./Static_Code/System/CPU_Init.o
 .debug_macro   0x00010075       0x17 ./Static_Code/System/CPU_Init.o
 .debug_macro   0x0001008c      0x17f ./Static_Code/System/CPU_Init.o
 .debug_macro   0x0001020b       0x23 ./Static_Code/System/CPU_Init.o
 .debug_macro   0x0001022e       0xd5 ./Static_Code/System/CPU_Init.o
 .debug_macro   0x00010303       0x65 ./Static_Code/System/CPU_Init.o
 .debug_macro   0x00010368       0x20 ./Static_Code/System/CPU_Init.o
 .debug_macro   0x00010388      0x648 ./Static_Code/System/CPU_Init.o
 .debug_macro   0x000109d0       0x3c ./Static_Code/System/CPU_Init.o
 .debug_macro   0x00010a0c       0x26 ./Static_Code/System/CPU_Init.o
 .debug_macro   0x00010a32       0x46 ./Static_Code/System/CPU_Init.o
 .debug_macro   0x00010a78       0x1f ./Static_Code/System/CPU_Init.o
 .debug_macro   0x00010a97       0x46 ./Static_Code/System/CPU_Init.o
 .debug_macro   0x00010add       0x1f ./Static_Code/System/CPU_Init.o
 .debug_macro   0x00010afc       0x42 ./Static_Code/System/CPU_Init.o
 .debug_macro   0x00010b3e       0x26 ./Static_Code/System/CPU_Init.o
 .debug_macro   0x00010b64       0x34 ./Static_Code/System/CPU_Init.o
 .debug_macro   0x00010b98       0x46 ./Static_Code/System/CPU_Init.o
 .debug_macro   0x00010bde       0x1f ./Static_Code/System/CPU_Init.o
 .debug_macro   0x00010bfd       0x46 ./Static_Code/System/CPU_Init.o
 .debug_macro   0x00010c43       0x1f ./Static_Code/System/CPU_Init.o
 .debug_macro   0x00010c62       0x46 ./Static_Code/System/CPU_Init.o
 .debug_macro   0x00010ca8       0x1f ./Static_Code/System/CPU_Init.o
 .debug_macro   0x00010cc7       0x46 ./Static_Code/System/CPU_Init.o
 .debug_macro   0x00010d0d       0x1f ./Static_Code/System/CPU_Init.o
 .debug_macro   0x00010d2c       0x46 ./Static_Code/System/CPU_Init.o
 .debug_macro   0x00010d72       0x1f ./Static_Code/System/CPU_Init.o
 .debug_macro   0x00010d91       0x16 ./Static_Code/System/CPU_Init.o
 .debug_macro   0x00010da7       0x37 ./Static_Code/System/CPU_Init.o
 .debug_macro   0x00010dde      0x2c5 ./Static_Code/System/CPU_Init.o
 .debug_macro   0x000110a3      0x4be ./Static_Code/System/Vectors.o
 .debug_macro   0x00011561      0x21f ./Sources/ASIC.o
 .debug_macro   0x00011780       0x16 ./Sources/ASIC.o
 .debug_macro   0x00011796      0x100 ./Sources/ASIC.o
 .debug_macro   0x00011896      0x642 ./Sources/ASIC.o
 .debug_macro   0x00011ed8       0x3c ./Sources/ASIC.o
 .debug_macro   0x00011f14       0x40 ./Sources/ASIC.o
 .debug_macro   0x00011f54      0x5b2 ./Sources/Events.o
 .debug_macro   0x00012506      0x616 ./Sources/Events.o
 .debug_macro   0x00012b1c       0x6d ./Sources/Events.o
 .debug_macro   0x00012b89       0x40 ./Sources/Events.o
 .debug_macro   0x00012bc9      0x6a6 ./Sources/Events.o
 .debug_macro   0x0001326f       0x2e ./Sources/Events.o
 .debug_macro   0x0001329d       0x80 ./Sources/Events.o
 .debug_macro   0x0001331d       0x46 ./Sources/Events.o
 .debug_macro   0x00013363       0x73 ./Sources/Events.o
 .debug_macro   0x000133d6      0x328 ./Sources/Events.o
 .debug_macro   0x000136fe      0x109 ./Sources/Events.o
 .debug_macro   0x00013807      0x202 ./Sources/Events.o
 .debug_macro   0x00013a09      0x91e ./Sources/Events.o
 .debug_macro   0x00014327       0x9e ./Sources/Events.o
 .debug_macro   0x000143c5      0x1f9 ./Sources/Events.o
 .debug_macro   0x000145be      0x39c ./Sources/Events.o
 .debug_macro   0x0001495a      0x29c ./Sources/Events.o
 .debug_macro   0x00014bf6      0x264 ./Sources/Events.o
 .debug_macro   0x00014e5a      0x25b ./Sources/Events.o